USB.c:43:6:Main_USB_Handler	4	static
USB.c:58:6:USB_Core_Init	4	static
USB.c:72:6:USB_Core_New_Device	4	static
USB.c:85:6:USB_Core_Unrecovered_Error	4	static
USB.c:95:6:USB_Core_Disconnected	4	static
USB.c:119:6:USB_Core_Reset	4	static
USB.c:127:6:USB_Core_Enum_Done	4	static
USB.c:139:6:USB_Core_Unsupported_Device	4	static
USB.c:151:6:USB_Core_Speed_Detected	16	static
USB.c:191:6:USB_Core_FAT_Error	4	static
USB.c:204:6:USB_Core_FAT_Disk_Protected	4	static
USB.c:221:6:USB_User_File_Reader	4	static
USB.c:233:6:USB_User_File_Explorer	16	static
USB.c:289:6:USB_User_File_Writer	4	static
USB.c:309:6:App_USB_SM	8	static
