Archive member included to satisfy reference by file (symbol)

c:/program files (x86)/atollic/truestudio for stm32 9.0.0/armtools/bin/../lib/gcc/arm-atollic-eabi/6.3.1/../../../../arm-atollic-eabi/lib/armv7e-m/fpu/fpv5-sp-d16\libc.a(lib_a-atoi.o)
                              Project_Source\USB_App.o (atoi)
c:/program files (x86)/atollic/truestudio for stm32 9.0.0/armtools/bin/../lib/gcc/arm-atollic-eabi/6.3.1/../../../../arm-atollic-eabi/lib/armv7e-m/fpu/fpv5-sp-d16\libc.a(lib_a-init.o)
                              startup\startup_stm32f769xx.o (__libc_init_array)
c:/program files (x86)/atollic/truestudio for stm32 9.0.0/armtools/bin/../lib/gcc/arm-atollic-eabi/6.3.1/../../../../arm-atollic-eabi/lib/armv7e-m/fpu/fpv5-sp-d16\libc.a(lib_a-malloc.o)
                              Middlewares\ST\STM32_USB_Host_Library\Class\MSC\Src\usbh_msc.o (malloc)
c:/program files (x86)/atollic/truestudio for stm32 9.0.0/armtools/bin/../lib/gcc/arm-atollic-eabi/6.3.1/../../../../arm-atollic-eabi/lib/armv7e-m/fpu/fpv5-sp-d16\libc.a(lib_a-mallocr.o)
                              c:/program files (x86)/atollic/truestudio for stm32 9.0.0/armtools/bin/../lib/gcc/arm-atollic-eabi/6.3.1/../../../../arm-atollic-eabi/lib/armv7e-m/fpu/fpv5-sp-d16\libc.a(lib_a-malloc.o) (_malloc_r)
c:/program files (x86)/atollic/truestudio for stm32 9.0.0/armtools/bin/../lib/gcc/arm-atollic-eabi/6.3.1/../../../../arm-atollic-eabi/lib/armv7e-m/fpu/fpv5-sp-d16\libc.a(lib_a-memcmp.o)
                              Middlewares\Third_Party\LwIP\src\netif\ethernet.o (memcmp)
c:/program files (x86)/atollic/truestudio for stm32 9.0.0/armtools/bin/../lib/gcc/arm-atollic-eabi/6.3.1/../../../../arm-atollic-eabi/lib/armv7e-m/fpu/fpv5-sp-d16\libc.a(lib_a-memcpy-stub.o)
                              LWIP\ethernetif.o (memcpy)
c:/program files (x86)/atollic/truestudio for stm32 9.0.0/armtools/bin/../lib/gcc/arm-atollic-eabi/6.3.1/../../../../arm-atollic-eabi/lib/armv7e-m/fpu/fpv5-sp-d16\libc.a(lib_a-memset.o)
                              Middlewares\ST\STM32_USB_Host_Library\Class\MSC\Src\usbh_msc.o (memset)
c:/program files (x86)/atollic/truestudio for stm32 9.0.0/armtools/bin/../lib/gcc/arm-atollic-eabi/6.3.1/../../../../arm-atollic-eabi/lib/armv7e-m/fpu/fpv5-sp-d16\libc.a(lib_a-mlock.o)
                              c:/program files (x86)/atollic/truestudio for stm32 9.0.0/armtools/bin/../lib/gcc/arm-atollic-eabi/6.3.1/../../../../arm-atollic-eabi/lib/armv7e-m/fpu/fpv5-sp-d16\libc.a(lib_a-mallocr.o) (__malloc_lock)
c:/program files (x86)/atollic/truestudio for stm32 9.0.0/armtools/bin/../lib/gcc/arm-atollic-eabi/6.3.1/../../../../arm-atollic-eabi/lib/armv7e-m/fpu/fpv5-sp-d16\libc.a(lib_a-printf.o)
                              LWIP\ethernetif.o (printf)
c:/program files (x86)/atollic/truestudio for stm32 9.0.0/armtools/bin/../lib/gcc/arm-atollic-eabi/6.3.1/../../../../arm-atollic-eabi/lib/armv7e-m/fpu/fpv5-sp-d16\libc.a(lib_a-sbrkr.o)
                              c:/program files (x86)/atollic/truestudio for stm32 9.0.0/armtools/bin/../lib/gcc/arm-atollic-eabi/6.3.1/../../../../arm-atollic-eabi/lib/armv7e-m/fpu/fpv5-sp-d16\libc.a(lib_a-mallocr.o) (_sbrk_r)
c:/program files (x86)/atollic/truestudio for stm32 9.0.0/armtools/bin/../lib/gcc/arm-atollic-eabi/6.3.1/../../../../arm-atollic-eabi/lib/armv7e-m/fpu/fpv5-sp-d16\libc.a(lib_a-sprintf.o)
                              LWIP\tcp_echoclient.o (sprintf)
c:/program files (x86)/atollic/truestudio for stm32 9.0.0/armtools/bin/../lib/gcc/arm-atollic-eabi/6.3.1/../../../../arm-atollic-eabi/lib/armv7e-m/fpu/fpv5-sp-d16\libc.a(lib_a-strcat.o)
                              Project_Source\USB\USB_Image.o (strcat)
c:/program files (x86)/atollic/truestudio for stm32 9.0.0/armtools/bin/../lib/gcc/arm-atollic-eabi/6.3.1/../../../../arm-atollic-eabi/lib/armv7e-m/fpu/fpv5-sp-d16\libc.a(lib_a-strchr.o)
                              Project_Source\Event_Management\App_EventManager.o (strchr)
c:/program files (x86)/atollic/truestudio for stm32 9.0.0/armtools/bin/../lib/gcc/arm-atollic-eabi/6.3.1/../../../../arm-atollic-eabi/lib/armv7e-m/fpu/fpv5-sp-d16\libc.a(lib_a-strcpy.o)
                              Src\Drivers\S28GL01GS.o (strcpy)
c:/program files (x86)/atollic/truestudio for stm32 9.0.0/armtools/bin/../lib/gcc/arm-atollic-eabi/6.3.1/../../../../arm-atollic-eabi/lib/armv7e-m/fpu/fpv5-sp-d16\libc.a(lib_a-strlen.o)
                              LWIP\tcp_echoclient.o (strlen)
c:/program files (x86)/atollic/truestudio for stm32 9.0.0/armtools/bin/../lib/gcc/arm-atollic-eabi/6.3.1/../../../../arm-atollic-eabi/lib/armv7e-m/fpu/fpv5-sp-d16\libc.a(lib_a-strncat.o)
                              Project_Source\USB_App.o (strncat)
c:/program files (x86)/atollic/truestudio for stm32 9.0.0/armtools/bin/../lib/gcc/arm-atollic-eabi/6.3.1/../../../../arm-atollic-eabi/lib/armv7e-m/fpu/fpv5-sp-d16\libc.a(lib_a-strncmp.o)
                              Middlewares\Third_Party\LwIP\src\core\def.o (strncmp)
[...]
Memory Configuration

Name             Origin             Length             Attributes
FLASH            0x08000000         0x00200000         xr
DTCMRAM          0x20000000         0x00020000         xrw
SRAM1            0x20020000         0x0005c000         xrw
SRAM2            0x2007c000         0x00004000         xrw
MEMORY_B1        0x60000000         0x00000000         xr
*default*        0x00000000         0xffffffff

Linker script and memory map

LOAD c:/program files (x86)/atollic/truestudio for stm32 9.0.0/armtools/bin/../lib/gcc/arm-atollic-eabi/6.3.1/armv7e-m/fpu/fpv5-sp-d16/crti.o
LOAD c:/program files (x86)/atollic/truestudio for stm32 9.0.0/armtools/bin/../lib/gcc/arm-atollic-eabi/6.3.1/armv7e-m/fpu/fpv5-sp-d16/crtbegin.o
LOAD Drivers\STM32F7xx_HAL_Driver\Src\stm32f7xx_hal.o
LOAD Drivers\STM32F7xx_HAL_Driver\Src\stm32f7xx_hal_adc.o
LOAD Drivers\STM32F7xx_HAL_Driver\Src\stm32f7xx_hal_adc_ex.o
LOAD Drivers\STM32F7xx_HAL_Driver\Src\stm32f7xx_hal_can.o
LOAD Drivers\STM32F7xx_HAL_Driver\Src\stm32f7xx_hal_cortex.o
LOAD Drivers\STM32F7xx_HAL_Driver\Src\stm32f7xx_hal_dma.o
LOAD Drivers\STM32F7xx_HAL_Driver\Src\stm32f7xx_hal_dma2d.o
LOAD Drivers\STM32F7xx_HAL_Driver\Src\stm32f7xx_hal_dma_ex.o
LOAD Drivers\STM32F7xx_HAL_Driver\Src\stm32f7xx_hal_dsi.o
LOAD Drivers\STM32F7xx_HAL_Driver\Src\stm32f7xx_hal_eth.o
LOAD Drivers\STM32F7xx_HAL_Driver\Src\stm32f7xx_hal_flash.o
LOAD Drivers\STM32F7xx_HAL_Driver\Src\stm32f7xx_hal_flash_ex.o
LOAD Drivers\STM32F7xx_HAL_Driver\Src\stm32f7xx_hal_gpio.o
LOAD Drivers\STM32F7xx_HAL_Driver\Src\stm32f7xx_hal_hcd.o
LOAD Drivers\STM32F7xx_HAL_Driver\Src\stm32f7xx_hal_i2c.o
LOAD Drivers\STM32F7xx_HAL_Driver\Src\stm32f7xx_hal_i2c_ex.o
LOAD Drivers\STM32F7xx_HAL_Driver\Src\stm32f7xx_hal_iwdg.o
LOAD Drivers\STM32F7xx_HAL_Driver\Src\stm32f7xx_hal_jpeg.o
LOAD Drivers\STM32F7xx_HAL_Driver\Src\stm32f7xx_hal_ltdc.o
LOAD Drivers\STM32F7xx_HAL_Driver\Src\stm32f7xx_hal_ltdc_ex.o
LOAD Drivers\STM32F7xx_HAL_Driver\Src\stm32f7xx_hal_nor.o
LOAD Drivers\STM32F7xx_HAL_Driver\Src\stm32f7xx_hal_pwr.o
LOAD Drivers\STM32F7xx_HAL_Driver\Src\stm32f7xx_hal_pwr_ex.o
LOAD Drivers\STM32F7xx_HAL_Driver\Src\stm32f7xx_hal_qspi.o
LOAD Drivers\STM32F7xx_HAL_Driver\Src\stm32f7xx_hal_rcc.o
LOAD Drivers\STM32F7xx_HAL_Driver\Src\stm32f7xx_hal_rcc_ex.o
LOAD Drivers\STM32F7xx_HAL_Driver\Src\stm32f7xx_hal_spi.o
LOAD Drivers\STM32F7xx_HAL_Driver\Src\stm32f7xx_hal_sram.o
LOAD Drivers\STM32F7xx_HAL_Driver\Src\stm32f7xx_hal_tim.o
LOAD Drivers\STM32F7xx_HAL_Driver\Src\stm32f7xx_hal_tim_ex.o
LOAD Drivers\STM32F7xx_HAL_Driver\Src\stm32f7xx_hal_uart.o
LOAD Drivers\STM32F7xx_HAL_Driver\Src\stm32f7xx_ll_fmc.o
LOAD Drivers\STM32F7xx_HAL_Driver\Src\stm32f7xx_ll_usb.o
LOAD Fonts\font12.o
LOAD Fonts\font16.o
LOAD Fonts\font20.o
LOAD Fonts\font24.o
LOAD Fonts\font8.o
LOAD LWIP\TCP.o
LOAD LWIP\app_ethernet.o
LOAD LWIP\ethernetif.o
LOAD LWIP\lwip.o
LOAD LWIP\tcp_echoclient.o
LOAD Middlewares\ST\STM32_USB_Host_Library\Class\MSC\Src\usbh_msc.o
LOAD Middlewares\ST\STM32_USB_Host_Library\Class\MSC\Src\usbh_msc_bot.o
LOAD Middlewares\ST\STM32_USB_Host_Library\Class\MSC\Src\usbh_msc_scsi.o
LOAD Middlewares\ST\STM32_USB_Host_Library\Core\Src\usbh_core.o
LOAD Middlewares\ST\STM32_USB_Host_Library\Core\Src\usbh_ctlreq.o
LOAD Middlewares\ST\STM32_USB_Host_Library\Core\Src\usbh_ioreq.o
LOAD Middlewares\ST\STM32_USB_Host_Library\Core\Src\usbh_pipes.o
LOAD Middlewares\Third_Party\FatFs\src\diskio.o
LOAD Middlewares\Third_Party\FatFs\src\ff.o
LOAD Middlewares\Third_Party\FatFs\src\ff_gen_drv.o
LOAD Middlewares\Third_Party\FatFs\src\option\ccsbcs.o
LOAD Middlewares\Third_Party\FatFs\src\option\syscall.o
LOAD Middlewares\Third_Party\LwIP\src\api\api_lib.o
LOAD Middlewares\Third_Party\LwIP\src\api\api_msg.o
LOAD Middlewares\Third_Party\LwIP\src\api\err.o
LOAD Middlewares\Third_Party\LwIP\src\api\netbuf.o
LOAD Middlewares\Third_Party\LwIP\src\api\netdb.o
LOAD Middlewares\Third_Party\LwIP\src\api\netifapi.o
LOAD Middlewares\Third_Party\LwIP\src\api\sockets.o
LOAD Middlewares\Third_Party\LwIP\src\api\tcpip.o
LOAD Middlewares\Third_Party\LwIP\src\apps\mqtt\mqtt.o
LOAD Middlewares\Third_Party\LwIP\src\core\def.o
LOAD Middlewares\Third_Party\LwIP\src\core\dns.o
LOAD Middlewares\Third_Party\LwIP\src\core\inet_chksum.o
LOAD Middlewares\Third_Party\LwIP\src\core\init.o
LOAD Middlewares\Third_Party\LwIP\src\core\ip.o
LOAD Middlewares\Third_Party\LwIP\src\core\ipv4\autoip.o
LOAD Middlewares\Third_Party\LwIP\src\core\ipv4\dhcp.o
LOAD Middlewares\Third_Party\LwIP\src\core\ipv4\etharp.o
LOAD Middlewares\Third_Party\LwIP\src\core\ipv4\icmp.o
LOAD Middlewares\Third_Party\LwIP\src\core\ipv4\igmp.o
LOAD Middlewares\Third_Party\LwIP\src\core\ipv4\ip4.o
LOAD Middlewares\Third_Party\LwIP\src\core\ipv4\ip4_addr.o
LOAD Middlewares\Third_Party\LwIP\src\core\ipv4\ip4_frag.o
LOAD Middlewares\Third_Party\LwIP\src\core\ipv6\dhcp6.o
LOAD Middlewares\Third_Party\LwIP\src\core\ipv6\ethip6.o
LOAD Middlewares\Third_Party\LwIP\src\core\ipv6\icmp6.o
LOAD Middlewares\Third_Party\LwIP\src\core\ipv6\inet6.o
LOAD Middlewares\Third_Party\LwIP\src\core\ipv6\ip6.o
LOAD Middlewares\Third_Party\LwIP\src\core\ipv6\ip6_addr.o
LOAD Middlewares\Third_Party\LwIP\src\core\ipv6\ip6_frag.o
LOAD Middlewares\Third_Party\LwIP\src\core\ipv6\mld6.o
LOAD Middlewares\Third_Party\LwIP\src\core\ipv6\nd6.o
LOAD Middlewares\Third_Party\LwIP\src\core\mem.o
LOAD Middlewares\Third_Party\LwIP\src\core\memp.o
LOAD Middlewares\Third_Party\LwIP\src\core\netif.o
LOAD Middlewares\Third_Party\LwIP\src\core\pbuf.o
LOAD Middlewares\Third_Party\LwIP\src\core\raw.o
LOAD Middlewares\Third_Party\LwIP\src\core\stats.o
LOAD Middlewares\Third_Party\LwIP\src\core\sys.o
LOAD Middlewares\Third_Party\LwIP\src\core\tcp.o
LOAD Middlewares\Third_Party\LwIP\src\core\tcp_in.o
LOAD Middlewares\Third_Party\LwIP\src\core\tcp_out.o
LOAD Middlewares\Third_Party\LwIP\src\core\timeouts.o
LOAD Middlewares\Third_Party\LwIP\src\core\udp.o
LOAD Middlewares\Third_Party\LwIP\src\netif\ethernet.o
LOAD Middlewares\Third_Party\LwIP\src\netif\lowpan6.o
LOAD Middlewares\Third_Party\LwIP\src\netif\ppp\auth.o
LOAD Middlewares\Third_Party\LwIP\src\netif\ppp\ccp.o
LOAD Middlewares\Third_Party\LwIP\src\netif\ppp\chap-md5.o
LOAD Middlewares\Third_Party\LwIP\src\netif\ppp\chap-new.o
LOAD Middlewares\Third_Party\LwIP\src\netif\ppp\chap_ms.o
LOAD Middlewares\Third_Party\LwIP\src\netif\ppp\demand.o
LOAD Middlewares\Third_Party\LwIP\src\netif\ppp\eap.o
LOAD Middlewares\Third_Party\LwIP\src\netif\ppp\ecp.o
LOAD Middlewares\Third_Party\LwIP\src\netif\ppp\eui64.o
LOAD Middlewares\Third_Party\LwIP\src\netif\ppp\fsm.o
LOAD Middlewares\Third_Party\LwIP\src\netif\ppp\ipcp.o
LOAD Middlewares\Third_Party\LwIP\src\netif\ppp\ipv6cp.o
LOAD Middlewares\Third_Party\LwIP\src\netif\ppp\lcp.o
LOAD Middlewares\Third_Party\LwIP\src\netif\ppp\magic.o
LOAD Middlewares\Third_Party\LwIP\src\netif\ppp\mppe.o
LOAD Middlewares\Third_Party\LwIP\src\netif\ppp\multilink.o
LOAD Middlewares\Third_Party\LwIP\src\netif\ppp\ppp.o
LOAD Middlewares\Third_Party\LwIP\src\netif\ppp\pppapi.o
LOAD Middlewares\Third_Party\LwIP\src\netif\ppp\pppcrypt.o
LOAD Middlewares\Third_Party\LwIP\src\netif\ppp\pppoe.o
LOAD Middlewares\Third_Party\LwIP\src\netif\ppp\pppol2tp.o
LOAD Middlewares\Third_Party\LwIP\src\netif\ppp\pppos.o
LOAD Middlewares\Third_Party\LwIP\src\netif\ppp\upap.o
LOAD Middlewares\Third_Party\LwIP\src\netif\ppp\utils.o
LOAD Middlewares\Third_Party\LwIP\src\netif\ppp\vj.o
LOAD Middlewares\Third_Party\LwIP\src\netif\slipif.o
LOAD Project_Source\App_BacklightControl.o
LOAD Project_Source\App_Debug.o
LOAD Project_Source\App_Init.o
LOAD Project_Source\App_Pins.o
LOAD Project_Source\App_Text.o
LOAD Project_Source\App_UserAck.o
LOAD Project_Source\App_VisionModules.o
LOAD Project_Source\Event_Management\App_EventManager.o
LOAD Project_Source\Event_Management\App_Railbound_Events.o
LOAD Project_Source\HUB_2XX_CAN.o
LOAD Project_Source\ICON3_Controller.o
LOAD Project_Source\Interface\MaxusX_Images.o
LOAD Project_Source\USB\USB.o
LOAD Project_Source\USB\USB_Image.o
LOAD Project_Source\USB_App.o
LOAD Src\BSP\adc.o
LOAD Src\BSP\can.o
LOAD Src\BSP\dma2d.o
LOAD Src\BSP\dsihost.o
LOAD Src\BSP\fatfs.o
LOAD Src\BSP\fmc.o
LOAD Src\BSP\gpio.o
LOAD Src\BSP\i2c.o
LOAD Src\BSP\iwdg.o
LOAD Src\BSP\ltdc.o
LOAD Src\BSP\quadspi.o
LOAD Src\BSP\spi.o
LOAD Src\BSP\tim.o
LOAD Src\BSP\usart.o
LOAD Src\BSP\usb_host.o
LOAD Src\BSP\usbh_conf.o
LOAD Src\BSP\usbh_diskio.o
LOAD Src\BSP\usbh_platform.o
LOAD Src\Drivers\ADPS9309.o
LOAD Src\Drivers\LCD.o
LOAD Src\Drivers\M41T94.o
LOAD Src\Drivers\MCP23S17.o
LOAD Src\Drivers\MR25H40.o
LOAD Src\Drivers\S28GL01GS.o
LOAD Src\Drivers\SN65DSI83.o
LOAD Src\F769\F769_DMA.o
LOAD Src\F769\F769_I2C.o
LOAD Src\F769\F769_IO.o
LOAD Src\F769\F769_Init.o
LOAD Src\F769\F769_LCD.o
LOAD Src\F769\F769_QSPI.o
LOAD Src\F769\F769_SPI.o
LOAD Src\F769\F769_SRAM.o
LOAD Src\F769\F769_Timers.o
LOAD Src\F769\F769_UART.o
LOAD Src\General_Functions.o
LOAD Src\main.o
LOAD Src\stm32f7xx_hal_msp.o
LOAD Src\stm32f7xx_it.o
LOAD Src\system_stm32f7xx.o
LOAD VisionShared\Delay.o
LOAD VisionShared\LF_TX.o
LOAD VisionShared\MasterInterface\CanInterface.o
LOAD VisionShared\MasterInterface\MasterTagReader.o
LOAD VisionShared\MasterInterface\VisionMaster.o
LOAD VisionShared\MasterInterface\VisionMasterCommands.o
LOAD VisionShared\MasterInterface\VisionMaster_test.o
LOAD VisionShared\MasterInterface\VisionZoneInterface.o
LOAD VisionShared\Transponders.o
LOAD VisionShared\framing.o
LOAD VisionShared\list.o
LOAD startup\startup_stm32f769xx.o
                0x00001000                malloc_getpagesize_P = 0x1000
START GROUP
LOAD c:/program files (x86)/atollic/truestudio for stm32 9.0.0/armtools/bin/../lib/gcc/arm-atollic-eabi/6.3.1/../../../../arm-atollic-eabi/lib/armv7e-m/fpu/fpv5-sp-d16\libc.a
LOAD c:/program files (x86)/atollic/truestudio for stm32 9.0.0/armtools/bin/../lib/gcc/arm-atollic-eabi/6.3.1/../../../../arm-atollic-eabi/lib/armv7e-m/fpu/fpv5-sp-d16\libm.a
END GROUP
START GROUP
LOAD c:/program files (x86)/atollic/truestudio for stm32 9.0.0/armtools/bin/../lib/gcc/arm-atollic-eabi/6.3.1/armv7e-m/fpu/fpv5-sp-d16\libgcc.a
LOAD c:/program files (x86)/atollic/truestudio for stm32 9.0.0/armtools/bin/../lib/gcc/arm-atollic-eabi/6.3.1/../../../../arm-atollic-eabi/lib/armv7e-m/fpu/fpv5-sp-d16\libc.a
END GROUP
START GROUP
LOAD c:/program files (x86)/atollic/truestudio for stm32 9.0.0/armtools/bin/../lib/gcc/arm-atollic-eabi/6.3.1/armv7e-m/fpu/fpv5-sp-d16\libgcc.a
LOAD c:/program files (x86)/atollic/truestudio for stm32 9.0.0/armtools/bin/../lib/gcc/arm-atollic-eabi/6.3.1/../../../../arm-atollic-eabi/lib/armv7e-m/fpu/fpv5-sp-d16\libc.a
LOAD c:/program files (x86)/atollic/truestudio for stm32 9.0.0/armtools/bin/../lib/gcc/arm-atollic-eabi/6.3.1/../../../../arm-atollic-eabi/lib/armv7e-m/fpu/fpv5-sp-d16\libnosys.a
END GROUP
LOAD c:/program files (x86)/atollic/truestudio for stm32 9.0.0/armtools/bin/../lib/gcc/arm-atollic-eabi/6.3.1/armv7e-m/fpu/fpv5-sp-d16/crtend.o
LOAD c:/program files (x86)/atollic/truestudio for stm32 9.0.0/armtools/bin/../lib/gcc/arm-atollic-eabi/6.3.1/armv7e-m/fpu/fpv5-sp-d16/crtn.o
                0x20080000                _estack = 0x20080000
                0x00000000                _Min_Heap_Size = 0x0
                0x00000400                _Min_Stack_Size = 0x400

.isr_vector     0x08000000      0x1f8
                0x08000000                . = ALIGN (0x4)
 *(.isr_vector)
 .isr_vector    0x08000000      0x1f8 startup\startup_stm32f769xx.o
                0x08000000                g_pfnVectors
                0x080001f8                . = ALIGN (0x4)

.text           0x080001f8    0x13c9c
                0x080001f8                . = ALIGN (0x4)
 *(.text)
 .text          0x080001f8       0x40 c:/program files (x86)/atollic/truestudio for stm32 9.0.0/armtools/bin/../lib/gcc/arm-atollic-eabi/6.3.1/armv7e-m/fpu/fpv5-sp-d16/crtbegin.o
 .text          0x08000238       0x30 c:/program files (x86)/atollic/truestudio for stm32 9.0.0/armtools/bin/../lib/gcc/arm-atollic-eabi/6.3.1/armv7e-m/fpu/fpv5-sp-d16\libgcc.a(_aeabi_uldivmod.o)
                0x08000238                __aeabi_uldivmod
 .text          0x08000268      0x2dc c:/program files (x86)/atollic/truestudio for stm32 9.0.0/armtools/bin/../lib/gcc/arm-atollic-eabi/6.3.1/armv7e-m/fpu/fpv5-sp-d16\libgcc.a(_udivmoddi4.o)
                0x08000268                __udivmoddi4
 .text          0x08000544        0x4 c:/program files (x86)/atollic/truestudio for stm32 9.0.0/armtools/bin/../lib/gcc/arm-atollic-eabi/6.3.1/armv7e-m/fpu/fpv5-sp-d16\libgcc.a(_dvmd_tls.o)
                0x08000544                __aeabi_idiv0
                0x08000544                __aeabi_ldiv0
 *(.text*)
 .text.HAL_Init
                0x08000548       0x1a Drivers\STM32F7xx_HAL_Driver\Src\stm32f7xx_hal.o
                0x08000548                HAL_Init
 *fill*         0x08000562        0x2 
 .text.HAL_InitTick
                0x08000564       0x60 Drivers\STM32F7xx_HAL_Driver\Src\stm32f7xx_hal.o
                0x08000564                HAL_InitTick
 .text.HAL_IncTick
                0x080005c4       0x28 Drivers\STM32F7xx_HAL_Driver\Src\stm32f7xx_hal.o
                0x080005c4                HAL_IncTick
 .text.HAL_GetTick
                0x080005ec       0x18 Drivers\STM32F7xx_HAL_Driver\Src\stm32f7xx_hal.o
                0x080005ec                HAL_GetTick
 .text.HAL_Delay
                0x08000604       0x44 Drivers\STM32F7xx_HAL_Driver\Src\stm32f7xx_hal.o
                0x08000604                HAL_Delay
 .text.HAL_CAN_Init
                0x08000648      0x1f8 Drivers\STM32F7xx_HAL_Driver\Src\stm32f7xx_hal_can.o
                0x08000648                HAL_CAN_Init
 .text.HAL_CAN_DeInit
                0x08000840       0x46 Drivers\STM32F7xx_HAL_Driver\Src\stm32f7xx_hal_can.o
                0x08000840                HAL_CAN_DeInit
 *fill*         0x08000886        0x2 
 .text.HAL_CAN_ConfigFilter
                0x08000888      0x1dc Drivers\STM32F7xx_HAL_Driver\Src\stm32f7xx_hal_can.o
                0x08000888                HAL_CAN_ConfigFilter
 .text.HAL_CAN_Start
                0x08000a64       0x8c Drivers\STM32F7xx_HAL_Driver\Src\stm32f7xx_hal_can.o
                0x08000a64                HAL_CAN_Start
 .text.HAL_CAN_Stop
                0x08000af0       0x96 Drivers\STM32F7xx_HAL_Driver\Src\stm32f7xx_hal_can.o
                0x08000af0                HAL_CAN_Stop
 .text.HAL_CAN_ActivateNotification
                0x08000b86       0x50 Drivers\STM32F7xx_HAL_Driver\Src\stm32f7xx_hal_can.o
                0x08000b86                HAL_CAN_ActivateNotification
 .text.HAL_CAN_IRQHandler
                0x08000bd6      0x362 Drivers\STM32F7xx_HAL_Driver\Src\stm32f7xx_hal_can.o
                0x08000bd6                HAL_CAN_IRQHandler
 .text.HAL_CAN_TxMailbox0CompleteCallback
                0x08000f38       0x14 Drivers\STM32F7xx_HAL_Driver\Src\stm32f7xx_hal_can.o
                0x08000f38                HAL_CAN_TxMailbox0CompleteCallback
 .text.HAL_CAN_TxMailbox1CompleteCallback
                0x08000f4c       0x14 Drivers\STM32F7xx_HAL_Driver\Src\stm32f7xx_hal_can.o
                0x08000f4c                HAL_CAN_TxMailbox1CompleteCallback
 .text.HAL_CAN_TxMailbox2CompleteCallback
                0x08000f60       0x14 Drivers\STM32F7xx_HAL_Driver\Src\stm32f7xx_hal_can.o
                0x08000f60                HAL_CAN_TxMailbox2CompleteCallback
 .text.HAL_CAN_TxMailbox0AbortCallback
                0x08000f74       0x14 Drivers\STM32F7xx_HAL_Driver\Src\stm32f7xx_hal_can.o
                0x08000f74                HAL_CAN_TxMailbox0AbortCallback
 .text.HAL_CAN_TxMailbox1AbortCallback
                0x08000f88       0x14 Drivers\STM32F7xx_HAL_Driver\Src\stm32f7xx_hal_can.o
                0x08000f88                HAL_CAN_TxMailbox1AbortCallback
 .text.HAL_CAN_TxMailbox2AbortCallback
                0x08000f9c       0x14 Drivers\STM32F7xx_HAL_Driver\Src\stm32f7xx_hal_can.o
                0x08000f9c                HAL_CAN_TxMailbox2AbortCallback
 .text.HAL_CAN_RxFifo0MsgPendingCallback
                0x08000fb0       0x14 Drivers\STM32F7xx_HAL_Driver\Src\stm32f7xx_hal_can.o
                0x08000fb0                HAL_CAN_RxFifo0MsgPendingCallback
 .text.HAL_CAN_RxFifo0FullCallback
                0x08000fc4       0x14 Drivers\STM32F7xx_HAL_Driver\Src\stm32f7xx_hal_can.o
                0x08000fc4                HAL_CAN_RxFifo0FullCallback
 .text.HAL_CAN_RxFifo1MsgPendingCallback
                0x08000fd8       0x14 Drivers\STM32F7xx_HAL_Driver\Src\stm32f7xx_hal_can.o
                0x08000fd8                HAL_CAN_RxFifo1MsgPendingCallback
 .text.HAL_CAN_RxFifo1FullCallback
                0x08000fec       0x14 Drivers\STM32F7xx_HAL_Driver\Src\stm32f7xx_hal_can.o
                0x08000fec                HAL_CAN_RxFifo1FullCallback
 .text.HAL_CAN_SleepCallback
                0x08001000       0x14 Drivers\STM32F7xx_HAL_Driver\Src\stm32f7xx_hal_can.o
                0x08001000                HAL_CAN_SleepCallback
 .text.HAL_CAN_WakeUpFromRxMsgCallback
                0x08001014       0x14 Drivers\STM32F7xx_HAL_Driver\Src\stm32f7xx_hal_can.o
                0x08001014                HAL_CAN_WakeUpFromRxMsgCallback
 .text.HAL_CAN_ErrorCallback
                0x08001028       0x14 Drivers\STM32F7xx_HAL_Driver\Src\stm32f7xx_hal_can.o
                0x08001028                HAL_CAN_ErrorCallback
 .text.NVIC_SetPriorityGrouping
                0x0800103c       0x48 Drivers\STM32F7xx_HAL_Driver\Src\stm32f7xx_hal_cortex.o
 .text.NVIC_GetPriorityGrouping
                0x08001084       0x1c Drivers\STM32F7xx_HAL_Driver\Src\stm32f7xx_hal_cortex.o
 .text.NVIC_EnableIRQ
                0x080010a0       0x34 Drivers\STM32F7xx_HAL_Driver\Src\stm32f7xx_hal_cortex.o
 .text.NVIC_DisableIRQ
                0x080010d4       0x34 Drivers\STM32F7xx_HAL_Driver\Src\stm32f7xx_hal_cortex.o
 .text.NVIC_ClearPendingIRQ
                0x08001108       0x34 Drivers\STM32F7xx_HAL_Driver\Src\stm32f7xx_hal_cortex.o
 .text.NVIC_SetPriority
                0x0800113c       0x54 Drivers\STM32F7xx_HAL_Driver\Src\stm32f7xx_hal_cortex.o
 .text.NVIC_EncodePriority
                0x08001190       0x62 Drivers\STM32F7xx_HAL_Driver\Src\stm32f7xx_hal_cortex.o
 *fill*         0x080011f2        0x2 
 .text.SysTick_Config
                0x080011f4       0x44 Drivers\STM32F7xx_HAL_Driver\Src\stm32f7xx_hal_cortex.o
 .text.HAL_NVIC_SetPriorityGrouping
                0x08001238       0x16 Drivers\STM32F7xx_HAL_Driver\Src\stm32f7xx_hal_cortex.o
                0x08001238                HAL_NVIC_SetPriorityGrouping
 .text.HAL_NVIC_SetPriority
                0x0800124e       0x38 Drivers\STM32F7xx_HAL_Driver\Src\stm32f7xx_hal_cortex.o
                0x0800124e                HAL_NVIC_SetPriority
 .text.HAL_NVIC_EnableIRQ
                0x08001286       0x1c Drivers\STM32F7xx_HAL_Driver\Src\stm32f7xx_hal_cortex.o
                0x08001286                HAL_NVIC_EnableIRQ
 .text.HAL_NVIC_DisableIRQ
                0x080012a2       0x1c Drivers\STM32F7xx_HAL_Driver\Src\stm32f7xx_hal_cortex.o
                0x080012a2                HAL_NVIC_DisableIRQ
 .text.HAL_SYSTICK_Config
                0x080012be       0x18 Drivers\STM32F7xx_HAL_Driver\Src\stm32f7xx_hal_cortex.o
                0x080012be                HAL_SYSTICK_Config
 .text.HAL_NVIC_ClearPendingIRQ
                0x080012d6       0x1c Drivers\STM32F7xx_HAL_Driver\Src\stm32f7xx_hal_cortex.o
                0x080012d6                HAL_NVIC_ClearPendingIRQ
 *fill*         0x080012f2        0x2 
 .text.HAL_SYSTICK_CLKSourceConfig
                0x080012f4       0x38 Drivers\STM32F7xx_HAL_Driver\Src\stm32f7xx_hal_cortex.o
                0x080012f4                HAL_SYSTICK_CLKSourceConfig
 .text.HAL_SYSTICK_IRQHandler
                0x0800132c        0xc Drivers\STM32F7xx_HAL_Driver\Src\stm32f7xx_hal_cortex.o
                0x0800132c                HAL_SYSTICK_IRQHandler
 .text.HAL_SYSTICK_Callback
                0x08001338        0xe Drivers\STM32F7xx_HAL_Driver\Src\stm32f7xx_hal_cortex.o
                0x08001338                HAL_SYSTICK_Callback
 *fill*         0x08001346        0x2 
 .text.HAL_DMA_Init
                0x08001348      0x15c Drivers\STM32F7xx_HAL_Driver\Src\stm32f7xx_hal_dma.o
                0x08001348                HAL_DMA_Init
 .text.HAL_DMA_DeInit
                0x080014a4       0xbc Drivers\STM32F7xx_HAL_Driver\Src\stm32f7xx_hal_dma.o
                0x080014a4                HAL_DMA_DeInit
 .text.HAL_DMA_Start_IT
                0x08001560       0xc0 Drivers\STM32F7xx_HAL_Driver\Src\stm32f7xx_hal_dma.o
                0x08001560                HAL_DMA_Start_IT
 .text.HAL_DMA_Abort
                0x08001620       0xe0 Drivers\STM32F7xx_HAL_Driver\Src\stm32f7xx_hal_dma.o
                0x08001620                HAL_DMA_Abort
 .text.HAL_DMA_Abort_IT
                0x08001700       0x44 Drivers\STM32F7xx_HAL_Driver\Src\stm32f7xx_hal_dma.o
                0x08001700                HAL_DMA_Abort_IT
 .text.HAL_DMA_IRQHandler
                0x08001744      0x314 Drivers\STM32F7xx_HAL_Driver\Src\stm32f7xx_hal_dma.o
                0x08001744                HAL_DMA_IRQHandler
 .text.DMA_SetConfig
                0x08001a58       0x5c Drivers\STM32F7xx_HAL_Driver\Src\stm32f7xx_hal_dma.o
 .text.DMA_CalcBaseAndBitshift
                0x08001ab4       0x6c Drivers\STM32F7xx_HAL_Driver\Src\stm32f7xx_hal_dma.o
 .text.DMA_CheckFifoParam
                0x08001b20       0xf4 Drivers\STM32F7xx_HAL_Driver\Src\stm32f7xx_hal_dma.o
 .text.HAL_DMA2D_Init
                0x08001c14       0xc4 Drivers\STM32F7xx_HAL_Driver\Src\stm32f7xx_hal_dma2d.o
                0x08001c14                HAL_DMA2D_Init
 .text.HAL_DMA2D_Start
                0x08001cd8       0x56 Drivers\STM32F7xx_HAL_Driver\Src\stm32f7xx_hal_dma2d.o
                0x08001cd8                HAL_DMA2D_Start
 .text.HAL_DMA2D_PollForTransfer
                0x08001d2e      0x1d0 Drivers\STM32F7xx_HAL_Driver\Src\stm32f7xx_hal_dma2d.o
                0x08001d2e                HAL_DMA2D_PollForTransfer
 *fill*         0x08001efe        0x2 
 .text.HAL_DMA2D_ConfigLayer
                0x08001f00      0x158 Drivers\STM32F7xx_HAL_Driver\Src\stm32f7xx_hal_dma2d.o
                0x08001f00                HAL_DMA2D_ConfigLayer
 .text.DMA2D_SetConfig
                0x08002058      0x14c Drivers\STM32F7xx_HAL_Driver\Src\stm32f7xx_hal_dma2d.o
 .text.HAL_DSI_Init
                0x080021a4      0x214 Drivers\STM32F7xx_HAL_Driver\Src\stm32f7xx_hal_dsi.o
                0x080021a4                HAL_DSI_Init
 .text.HAL_DSI_ConfigVideoMode
                0x080023b8      0x400 Drivers\STM32F7xx_HAL_Driver\Src\stm32f7xx_hal_dsi.o
                0x080023b8                HAL_DSI_ConfigVideoMode
 .text.HAL_DSI_ConfigPhyTimer
                0x080027b8       0xd4 Drivers\STM32F7xx_HAL_Driver\Src\stm32f7xx_hal_dsi.o
                0x080027b8                HAL_DSI_ConfigPhyTimer
 .text.HAL_DSI_Start
                0x0800288c       0x52 Drivers\STM32F7xx_HAL_Driver\Src\stm32f7xx_hal_dsi.o
                0x0800288c                HAL_DSI_Start
 *fill*         0x080028de        0x2 
 .text.HAL_GPIO_Init
                0x080028e0      0x354 Drivers\STM32F7xx_HAL_Driver\Src\stm32f7xx_hal_gpio.o
                0x080028e0                HAL_GPIO_Init
 .text.HAL_GPIO_DeInit
                0x08002c34      0x218 Drivers\STM32F7xx_HAL_Driver\Src\stm32f7xx_hal_gpio.o
                0x08002c34                HAL_GPIO_DeInit
 .text.HAL_GPIO_ReadPin
                0x08002e4c       0x30 Drivers\STM32F7xx_HAL_Driver\Src\stm32f7xx_hal_gpio.o
                0x08002e4c                HAL_GPIO_ReadPin
 .text.HAL_GPIO_WritePin
                0x08002e7c       0x32 Drivers\STM32F7xx_HAL_Driver\Src\stm32f7xx_hal_gpio.o
                0x08002e7c                HAL_GPIO_WritePin
 .text.HAL_HCD_Init
                0x08002eae       0xac Drivers\STM32F7xx_HAL_Driver\Src\stm32f7xx_hal_hcd.o
                0x08002eae                HAL_HCD_Init
 .text.HAL_HCD_HC_Init
                0x08002f5a      0x130 Drivers\STM32F7xx_HAL_Driver\Src\stm32f7xx_hal_hcd.o
                0x08002f5a                HAL_HCD_HC_Init
 .text.HAL_HCD_HC_Halt
                0x0800308a       0x46 Drivers\STM32F7xx_HAL_Driver\Src\stm32f7xx_hal_hcd.o
                0x0800308a                HAL_HCD_HC_Halt
 .text.HAL_HCD_HC_SubmitRequest
                0x080030d0      0x2d0 Drivers\STM32F7xx_HAL_Driver\Src\stm32f7xx_hal_hcd.o
                0x080030d0                HAL_HCD_HC_SubmitRequest
 .text.HAL_HCD_IRQHandler
                0x080033a0      0x20e Drivers\STM32F7xx_HAL_Driver\Src\stm32f7xx_hal_hcd.o
                0x080033a0                HAL_HCD_IRQHandler
 .text.HAL_HCD_Start
                0x080035ae       0x46 Drivers\STM32F7xx_HAL_Driver\Src\stm32f7xx_hal_hcd.o
                0x080035ae                HAL_HCD_Start
 .text.HAL_HCD_Stop
                0x080035f4       0x3a Drivers\STM32F7xx_HAL_Driver\Src\stm32f7xx_hal_hcd.o
                0x080035f4                HAL_HCD_Stop
 .text.HAL_HCD_HC_GetURBState
                0x0800362e       0x2a Drivers\STM32F7xx_HAL_Driver\Src\stm32f7xx_hal_hcd.o
                0x0800362e                HAL_HCD_HC_GetURBState
 .text.HAL_HCD_HC_GetXferCount
                0x08003658       0x2a Drivers\STM32F7xx_HAL_Driver\Src\stm32f7xx_hal_hcd.o
                0x08003658                HAL_HCD_HC_GetXferCount
 .text.HAL_HCD_GetCurrentFrame
                0x08003682       0x1c Drivers\STM32F7xx_HAL_Driver\Src\stm32f7xx_hal_hcd.o
                0x08003682                HAL_HCD_GetCurrentFrame
 .text.HCD_HC_IN_IRQHandler
                0x0800369e      0x742 Drivers\STM32F7xx_HAL_Driver\Src\stm32f7xx_hal_hcd.o
 .text.HCD_HC_OUT_IRQHandler
                0x08003de0      0x6e8 Drivers\STM32F7xx_HAL_Driver\Src\stm32f7xx_hal_hcd.o
 .text.HCD_RXQLVL_IRQHandler
                0x080044c8      0x158 Drivers\STM32F7xx_HAL_Driver\Src\stm32f7xx_hal_hcd.o
 .text.HCD_Port_IRQHandler
                0x08004620      0x122 Drivers\STM32F7xx_HAL_Driver\Src\stm32f7xx_hal_hcd.o
 *fill*         0x08004742        0x2 
 .text.HAL_I2C_Init
                0x08004744      0x11c Drivers\STM32F7xx_HAL_Driver\Src\stm32f7xx_hal_i2c.o
                0x08004744                HAL_I2C_Init
 .text.HAL_I2C_Mem_Write
                0x08004860      0x24c Drivers\STM32F7xx_HAL_Driver\Src\stm32f7xx_hal_i2c.o
                0x08004860                HAL_I2C_Mem_Write
 .text.HAL_I2C_Mem_Read
                0x08004aac      0x24c Drivers\STM32F7xx_HAL_Driver\Src\stm32f7xx_hal_i2c.o
                0x08004aac                HAL_I2C_Mem_Read
 .text.HAL_I2C_IsDeviceReady
                0x08004cf8      0x1bc Drivers\STM32F7xx_HAL_Driver\Src\stm32f7xx_hal_i2c.o
                0x08004cf8                HAL_I2C_IsDeviceReady
 .text.I2C_RequestMemoryWrite
                0x08004eb4       0xc0 Drivers\STM32F7xx_HAL_Driver\Src\stm32f7xx_hal_i2c.o
 .text.I2C_RequestMemoryRead
                0x08004f74       0xc0 Drivers\STM32F7xx_HAL_Driver\Src\stm32f7xx_hal_i2c.o
 .text.I2C_Flush_TXDR
                0x08005034       0x48 Drivers\STM32F7xx_HAL_Driver\Src\stm32f7xx_hal_i2c.o
 .text.I2C_WaitOnFlagUntilTimeout
                0x0800507c       0x74 Drivers\STM32F7xx_HAL_Driver\Src\stm32f7xx_hal_i2c.o
 .text.I2C_WaitOnTXISFlagUntilTimeout
                0x080050f0       0x80 Drivers\STM32F7xx_HAL_Driver\Src\stm32f7xx_hal_i2c.o
 .text.I2C_WaitOnSTOPFlagUntilTimeout
                0x08005170       0x78 Drivers\STM32F7xx_HAL_Driver\Src\stm32f7xx_hal_i2c.o
 .text.I2C_IsAcknowledgeFailed
                0x080051e8       0xbc Drivers\STM32F7xx_HAL_Driver\Src\stm32f7xx_hal_i2c.o
 .text.I2C_TransferConfig
                0x080052a4       0x58 Drivers\STM32F7xx_HAL_Driver\Src\stm32f7xx_hal_i2c.o
 .text.HAL_I2CEx_ConfigAnalogFilter
                0x080052fc       0x96 Drivers\STM32F7xx_HAL_Driver\Src\stm32f7xx_hal_i2c_ex.o
                0x080052fc                HAL_I2CEx_ConfigAnalogFilter
 .text.HAL_I2CEx_ConfigDigitalFilter
                0x08005392       0x9c Drivers\STM32F7xx_HAL_Driver\Src\stm32f7xx_hal_i2c_ex.o
                0x08005392                HAL_I2CEx_ConfigDigitalFilter
 *fill*         0x0800542e        0x2 
 .text.HAL_LTDC_Init
                0x08005430      0x1b8 Drivers\STM32F7xx_HAL_Driver\Src\stm32f7xx_hal_ltdc.o
                0x08005430                HAL_LTDC_Init
 .text.HAL_LTDC_IRQHandler
                0x080055e8      0x158 Drivers\STM32F7xx_HAL_Driver\Src\stm32f7xx_hal_ltdc.o
                0x080055e8                HAL_LTDC_IRQHandler
 .text.HAL_LTDC_ErrorCallback
                0x08005740       0x14 Drivers\STM32F7xx_HAL_Driver\Src\stm32f7xx_hal_ltdc.o
                0x08005740                HAL_LTDC_ErrorCallback
 .text.HAL_LTDC_LineEventCallback
                0x08005754       0x14 Drivers\STM32F7xx_HAL_Driver\Src\stm32f7xx_hal_ltdc.o
                0x08005754                HAL_LTDC_LineEventCallback
 .text.HAL_LTDC_ReloadEventCallback
                0x08005768       0x14 Drivers\STM32F7xx_HAL_Driver\Src\stm32f7xx_hal_ltdc.o
                0x08005768                HAL_LTDC_ReloadEventCallback
 .text.HAL_LTDC_ConfigLayer
                0x0800577c       0x7c Drivers\STM32F7xx_HAL_Driver\Src\stm32f7xx_hal_ltdc.o
                0x0800577c                HAL_LTDC_ConfigLayer
 .text.LTDC_SetConfig
                0x080057f8      0x350 Drivers\STM32F7xx_HAL_Driver\Src\stm32f7xx_hal_ltdc.o
 .text.HAL_LTDCEx_StructInitFromVideoConfig
                0x08005b48       0xa0 Drivers\STM32F7xx_HAL_Driver\Src\stm32f7xx_hal_ltdc_ex.o
                0x08005b48                HAL_LTDCEx_StructInitFromVideoConfig
 .text.HAL_NOR_Init
                0x08005be8       0xac Drivers\STM32F7xx_HAL_Driver\Src\stm32f7xx_hal_nor.o
                0x08005be8                HAL_NOR_Init
 .text.HAL_NOR_DeInit
                0x08005c94       0x3a Drivers\STM32F7xx_HAL_Driver\Src\stm32f7xx_hal_nor.o
                0x08005c94                HAL_NOR_DeInit
 *fill*         0x08005cce        0x2 
 .text.HAL_NOR_Read_ID
                0x08005cd0      0x148 Drivers\STM32F7xx_HAL_Driver\Src\stm32f7xx_hal_nor.o
                0x08005cd0                HAL_NOR_Read_ID
 .text.HAL_NOR_ReturnToReadMode
                0x08005e18       0x90 Drivers\STM32F7xx_HAL_Driver\Src\stm32f7xx_hal_nor.o
                0x08005e18                HAL_NOR_ReturnToReadMode
 .text.HAL_NOR_GetStatus
                0x08005ea8       0xc0 Drivers\STM32F7xx_HAL_Driver\Src\stm32f7xx_hal_nor.o
                0x08005ea8                HAL_NOR_GetStatus
 .text.HAL_RCC_OscConfig
                0x08005f68      0x4e4 Drivers\STM32F7xx_HAL_Driver\Src\stm32f7xx_hal_rcc.o
                0x08005f68                HAL_RCC_OscConfig
 .text.HAL_RCC_ClockConfig
                0x0800644c      0x1d0 Drivers\STM32F7xx_HAL_Driver\Src\stm32f7xx_hal_rcc.o
                0x0800644c                HAL_RCC_ClockConfig
 .text.HAL_RCC_GetSysClockFreq
                0x0800661c      0x16c Drivers\STM32F7xx_HAL_Driver\Src\stm32f7xx_hal_rcc.o
                0x0800661c                HAL_RCC_GetSysClockFreq
 .text.HAL_RCC_GetHCLKFreq
                0x08006788       0x18 Drivers\STM32F7xx_HAL_Driver\Src\stm32f7xx_hal_rcc.o
                0x08006788                HAL_RCC_GetHCLKFreq
 .text.HAL_RCC_GetPCLK1Freq
                0x080067a0       0x28 Drivers\STM32F7xx_HAL_Driver\Src\stm32f7xx_hal_rcc.o
                0x080067a0                HAL_RCC_GetPCLK1Freq
 .text.HAL_RCC_GetPCLK2Freq
                0x080067c8       0x28 Drivers\STM32F7xx_HAL_Driver\Src\stm32f7xx_hal_rcc.o
                0x080067c8                HAL_RCC_GetPCLK2Freq
 .text.HAL_RCCEx_PeriphCLKConfig
                0x080067f0      0x84c Drivers\STM32F7xx_HAL_Driver\Src\stm32f7xx_hal_rcc_ex.o
                0x080067f0                HAL_RCCEx_PeriphCLKConfig
 .text.HAL_SPI_Init
                0x0800703c      0x120 Drivers\STM32F7xx_HAL_Driver\Src\stm32f7xx_hal_spi.o
                0x0800703c                HAL_SPI_Init
 .text.HAL_SPI_Transmit
                0x0800715c      0x21e Drivers\STM32F7xx_HAL_Driver\Src\stm32f7xx_hal_spi.o
                0x0800715c                HAL_SPI_Transmit
 .text.HAL_SPI_Receive
                0x0800737a      0x242 Drivers\STM32F7xx_HAL_Driver\Src\stm32f7xx_hal_spi.o
                0x0800737a                HAL_SPI_Receive
 .text.HAL_SPI_TransmitReceive
                0x080075bc      0x3d4 Drivers\STM32F7xx_HAL_Driver\Src\stm32f7xx_hal_spi.o
                0x080075bc                HAL_SPI_TransmitReceive
 .text.SPI_WaitFlagStateUntilTimeout
                0x08007990       0xc6 Drivers\STM32F7xx_HAL_Driver\Src\stm32f7xx_hal_spi.o
 .text.SPI_WaitFifoStateUntilTimeout
                0x08007a56       0xe2 Drivers\STM32F7xx_HAL_Driver\Src\stm32f7xx_hal_spi.o
 .text.SPI_EndRxTransaction
                0x08007b38       0xb0 Drivers\STM32F7xx_HAL_Driver\Src\stm32f7xx_hal_spi.o
 .text.SPI_EndRxTxTransaction
                0x08007be8       0x8c Drivers\STM32F7xx_HAL_Driver\Src\stm32f7xx_hal_spi.o
 .text.HAL_SRAM_Init
                0x08007c74       0x88 Drivers\STM32F7xx_HAL_Driver\Src\stm32f7xx_hal_sram.o
                0x08007c74                HAL_SRAM_Init
 .text.HAL_SRAM_DeInit
                0x08007cfc       0x3a Drivers\STM32F7xx_HAL_Driver\Src\stm32f7xx_hal_sram.o
                0x08007cfc                HAL_SRAM_DeInit
 .text.HAL_TIM_Base_Init
                0x08007d36       0x56 Drivers\STM32F7xx_HAL_Driver\Src\stm32f7xx_hal_tim.o
                0x08007d36                HAL_TIM_Base_Init
 .text.HAL_TIM_Base_Start_IT
                0x08007d8c       0x36 Drivers\STM32F7xx_HAL_Driver\Src\stm32f7xx_hal_tim.o
                0x08007d8c                HAL_TIM_Base_Start_IT
 .text.HAL_TIM_Base_Stop_IT
                0x08007dc2       0x56 Drivers\STM32F7xx_HAL_Driver\Src\stm32f7xx_hal_tim.o
                0x08007dc2                HAL_TIM_Base_Stop_IT
 .text.HAL_TIM_PWM_Init
                0x08007e18       0x56 Drivers\STM32F7xx_HAL_Driver\Src\stm32f7xx_hal_tim.o
                0x08007e18                HAL_TIM_PWM_Init
 *fill*         0x08007e6e        0x2 
 .text.HAL_TIM_PWM_Start
                0x08007e70       0x68 Drivers\STM32F7xx_HAL_Driver\Src\stm32f7xx_hal_tim.o
                0x08007e70                HAL_TIM_PWM_Start
 .text.HAL_TIM_IRQHandler
                0x08007ed8      0x23e Drivers\STM32F7xx_HAL_Driver\Src\stm32f7xx_hal_tim.o
                0x08007ed8                HAL_TIM_IRQHandler
 *fill*         0x08008116        0x2 
 .text.HAL_TIM_ConfigClockSource
                0x08008118      0x1c0 Drivers\STM32F7xx_HAL_Driver\Src\stm32f7xx_hal_tim.o
                0x08008118                HAL_TIM_ConfigClockSource
 .text.HAL_TIM_PeriodElapsedCallback
                0x080082d8       0x14 Drivers\STM32F7xx_HAL_Driver\Src\stm32f7xx_hal_tim.o
                0x080082d8                HAL_TIM_PeriodElapsedCallback
 .text.HAL_TIM_OC_DelayElapsedCallback
                0x080082ec       0x14 Drivers\STM32F7xx_HAL_Driver\Src\stm32f7xx_hal_tim.o
                0x080082ec                HAL_TIM_OC_DelayElapsedCallback
 .text.HAL_TIM_IC_CaptureCallback
                0x08008300       0x14 Drivers\STM32F7xx_HAL_Driver\Src\stm32f7xx_hal_tim.o
                0x08008300                HAL_TIM_IC_CaptureCallback
 .text.HAL_TIM_PWM_PulseFinishedCallback
                0x08008314       0x14 Drivers\STM32F7xx_HAL_Driver\Src\stm32f7xx_hal_tim.o
                0x08008314                HAL_TIM_PWM_PulseFinishedCallback
 .text.HAL_TIM_TriggerCallback
                0x08008328       0x14 Drivers\STM32F7xx_HAL_Driver\Src\stm32f7xx_hal_tim.o
                0x08008328                HAL_TIM_TriggerCallback
 .text.TIM_Base_SetConfig
                0x0800833c      0x160 Drivers\STM32F7xx_HAL_Driver\Src\stm32f7xx_hal_tim.o
                0x0800833c                TIM_Base_SetConfig
 .text.TIM_OC1_SetConfig
                0x0800849c       0xec Drivers\STM32F7xx_HAL_Driver\Src\stm32f7xx_hal_tim.o
                0x0800849c                TIM_OC1_SetConfig
 .text.TIM_OC2_SetConfig
                0x08008588       0xf4 Drivers\STM32F7xx_HAL_Driver\Src\stm32f7xx_hal_tim.o
                0x08008588                TIM_OC2_SetConfig
 .text.TIM_OC3_SetConfig
                0x0800867c       0xf4 Drivers\STM32F7xx_HAL_Driver\Src\stm32f7xx_hal_tim.o
                0x0800867c                TIM_OC3_SetConfig
 .text.TIM_OC4_SetConfig
                0x08008770       0xc4 Drivers\STM32F7xx_HAL_Driver\Src\stm32f7xx_hal_tim.o
                0x08008770                TIM_OC4_SetConfig
 .text.TIM_TI1_ConfigInputStage
                0x08008834       0x66 Drivers\STM32F7xx_HAL_Driver\Src\stm32f7xx_hal_tim.o
 .text.TIM_TI2_ConfigInputStage
                0x0800889a       0x68 Drivers\STM32F7xx_HAL_Driver\Src\stm32f7xx_hal_tim.o
 .text.TIM_ITRx_SetConfig
                0x08008902       0x40 Drivers\STM32F7xx_HAL_Driver\Src\stm32f7xx_hal_tim.o
 .text.TIM_ETR_SetConfig
                0x08008942       0x44 Drivers\STM32F7xx_HAL_Driver\Src\stm32f7xx_hal_tim.o
                0x08008942                TIM_ETR_SetConfig
 .text.TIM_CCxChannelCmd
                0x08008986       0x46 Drivers\STM32F7xx_HAL_Driver\Src\stm32f7xx_hal_tim.o
                0x08008986                TIM_CCxChannelCmd
 .text.HAL_TIMEx_MasterConfigSynchronization
                0x080089cc       0xa8 Drivers\STM32F7xx_HAL_Driver\Src\stm32f7xx_hal_tim_ex.o
                0x080089cc                HAL_TIMEx_MasterConfigSynchronization
 .text.HAL_TIMEx_CommutationCallback
                0x08008a74       0x14 Drivers\STM32F7xx_HAL_Driver\Src\stm32f7xx_hal_tim_ex.o
                0x08008a74                HAL_TIMEx_CommutationCallback
 .text.HAL_TIMEx_BreakCallback
                0x08008a88       0x14 Drivers\STM32F7xx_HAL_Driver\Src\stm32f7xx_hal_tim_ex.o
                0x08008a88                HAL_TIMEx_BreakCallback
 .text.HAL_TIM_PWM_ConfigChannel
                0x08008a9c      0x230 Drivers\STM32F7xx_HAL_Driver\Src\stm32f7xx_hal_tim_ex.o
                0x08008a9c                HAL_TIM_PWM_ConfigChannel
 .text.TIM_OC5_SetConfig
                0x08008ccc       0xb0 Drivers\STM32F7xx_HAL_Driver\Src\stm32f7xx_hal_tim_ex.o
 .text.TIM_OC6_SetConfig
                0x08008d7c       0xb4 Drivers\STM32F7xx_HAL_Driver\Src\stm32f7xx_hal_tim_ex.o
 .text.HAL_UART_Init
                0x08008e30       0xa2 Drivers\STM32F7xx_HAL_Driver\Src\stm32f7xx_hal_uart.o
                0x08008e30                HAL_UART_Init
 .text.HAL_UART_DeInit
                0x08008ed2       0x70 Drivers\STM32F7xx_HAL_Driver\Src\stm32f7xx_hal_uart.o
                0x08008ed2                HAL_UART_DeInit
 *fill*         0x08008f42        0x2 
 .text.HAL_UART_Transmit_DMA
                0x08008f44       0xdc Drivers\STM32F7xx_HAL_Driver\Src\stm32f7xx_hal_uart.o
                0x08008f44                HAL_UART_Transmit_DMA
 .text.HAL_UART_Receive_DMA
                0x08009020       0xec Drivers\STM32F7xx_HAL_Driver\Src\stm32f7xx_hal_uart.o
                0x08009020                HAL_UART_Receive_DMA
 .text.HAL_UART_DMAStop
                0x0800910c       0x96 Drivers\STM32F7xx_HAL_Driver\Src\stm32f7xx_hal_uart.o
                0x0800910c                HAL_UART_DMAStop
 *fill*         0x080091a2        0x2 
 .text.HAL_UART_IRQHandler
                0x080091a4      0x20c Drivers\STM32F7xx_HAL_Driver\Src\stm32f7xx_hal_uart.o
                0x080091a4                HAL_UART_IRQHandler
 .text.UART_WaitOnFlagUntilTimeout
                0x080093b0       0x94 Drivers\STM32F7xx_HAL_Driver\Src\stm32f7xx_hal_uart.o
                0x080093b0                UART_WaitOnFlagUntilTimeout
 .text.UART_DMATransmitCplt
                0x08009444       0x54 Drivers\STM32F7xx_HAL_Driver\Src\stm32f7xx_hal_uart.o
 .text.UART_DMATxHalfCplt
                0x08009498       0x1c Drivers\STM32F7xx_HAL_Driver\Src\stm32f7xx_hal_uart.o
 .text.UART_DMAReceiveCplt
                0x080094b4       0x6a Drivers\STM32F7xx_HAL_Driver\Src\stm32f7xx_hal_uart.o
 .text.UART_DMARxHalfCplt
                0x0800951e       0x1c Drivers\STM32F7xx_HAL_Driver\Src\stm32f7xx_hal_uart.o
 .text.UART_DMAError
                0x0800953a       0x78 Drivers\STM32F7xx_HAL_Driver\Src\stm32f7xx_hal_uart.o
 .text.UART_DMAAbortOnError
                0x080095b2       0x2c Drivers\STM32F7xx_HAL_Driver\Src\stm32f7xx_hal_uart.o
 .text.HAL_UART_TxCpltCallback
                0x080095de       0x14 Drivers\STM32F7xx_HAL_Driver\Src\stm32f7xx_hal_uart.o
                0x080095de                HAL_UART_TxCpltCallback
 .text.HAL_UART_TxHalfCpltCallback
                0x080095f2       0x14 Drivers\STM32F7xx_HAL_Driver\Src\stm32f7xx_hal_uart.o
                0x080095f2                HAL_UART_TxHalfCpltCallback
 .text.HAL_UART_RxHalfCpltCallback
                0x08009606       0x14 Drivers\STM32F7xx_HAL_Driver\Src\stm32f7xx_hal_uart.o
                0x08009606                HAL_UART_RxHalfCpltCallback
 .text.HAL_UART_ErrorCallback
                0x0800961a       0x14 Drivers\STM32F7xx_HAL_Driver\Src\stm32f7xx_hal_uart.o
                0x0800961a                HAL_UART_ErrorCallback
 .text.UART_Transmit_IT
                0x0800962e       0xac Drivers\STM32F7xx_HAL_Driver\Src\stm32f7xx_hal_uart.o
 .text.UART_EndTransmit_IT
                0x080096da       0x30 Drivers\STM32F7xx_HAL_Driver\Src\stm32f7xx_hal_uart.o
 .text.UART_Receive_IT
                0x0800970a       0xd6 Drivers\STM32F7xx_HAL_Driver\Src\stm32f7xx_hal_uart.o
 .text.UART_EndTxTransfer
                0x080097e0       0x2c Drivers\STM32F7xx_HAL_Driver\Src\stm32f7xx_hal_uart.o
 .text.UART_EndRxTransfer
                0x0800980c       0x3c Drivers\STM32F7xx_HAL_Driver\Src\stm32f7xx_hal_uart.o
 .text.UART_SetConfig
                0x08009848      0x4dc Drivers\STM32F7xx_HAL_Driver\Src\stm32f7xx_hal_uart.o
                0x08009848                UART_SetConfig
 .text.UART_AdvFeatureConfig
                0x08009d24      0x144 Drivers\STM32F7xx_HAL_Driver\Src\stm32f7xx_hal_uart.o
                0x08009d24                UART_AdvFeatureConfig
 .text.UART_CheckIdleState
                0x08009e68       0x66 Drivers\STM32F7xx_HAL_Driver\Src\stm32f7xx_hal_uart.o
                0x08009e68                UART_CheckIdleState
 *fill*         0x08009ece        0x2 
 .text.FMC_NORSRAM_Init
                0x08009ed0       0xe0 Drivers\STM32F7xx_HAL_Driver\Src\stm32f7xx_ll_fmc.o
                0x08009ed0                FMC_NORSRAM_Init
 .text.FMC_NORSRAM_DeInit
                0x08009fb0       0x68 Drivers\STM32F7xx_HAL_Driver\Src\stm32f7xx_ll_fmc.o
                0x08009fb0                FMC_NORSRAM_DeInit
 .text.FMC_NORSRAM_Timing_Init
                0x0800a018       0xa4 Drivers\STM32F7xx_HAL_Driver\Src\stm32f7xx_ll_fmc.o
                0x0800a018                FMC_NORSRAM_Timing_Init
 .text.FMC_NORSRAM_Extended_Timing_Init
                0x0800a0bc       0x80 Drivers\STM32F7xx_HAL_Driver\Src\stm32f7xx_ll_fmc.o
                0x0800a0bc                FMC_NORSRAM_Extended_Timing_Init
 .text.USB_CoreInit
                0x0800a13c       0xa4 Drivers\STM32F7xx_HAL_Driver\Src\stm32f7xx_ll_usb.o
                0x0800a13c                USB_CoreInit
 .text.USB_EnableGlobalInt
                0x0800a1e0       0x22 Drivers\STM32F7xx_HAL_Driver\Src\stm32f7xx_ll_usb.o
                0x0800a1e0                USB_EnableGlobalInt
 .text.USB_DisableGlobalInt
                0x0800a202       0x22 Drivers\STM32F7xx_HAL_Driver\Src\stm32f7xx_ll_usb.o
                0x0800a202                USB_DisableGlobalInt
 .text.USB_SetCurrentMode
                0x0800a224       0x54 Drivers\STM32F7xx_HAL_Driver\Src\stm32f7xx_ll_usb.o
                0x0800a224                USB_SetCurrentMode
 .text.USB_FlushTxFifo
                0x0800a278       0x4c Drivers\STM32F7xx_HAL_Driver\Src\stm32f7xx_ll_usb.o
                0x0800a278                USB_FlushTxFifo
 .text.USB_FlushRxFifo
                0x0800a2c4       0x44 Drivers\STM32F7xx_HAL_Driver\Src\stm32f7xx_ll_usb.o
                0x0800a2c4                USB_FlushRxFifo
 .text.USB_WritePacket
                0x0800a308       0x6a Drivers\STM32F7xx_HAL_Driver\Src\stm32f7xx_ll_usb.o
                0x0800a308                USB_WritePacket
 .text.USB_ReadPacket
                0x0800a372       0x52 Drivers\STM32F7xx_HAL_Driver\Src\stm32f7xx_ll_usb.o
                0x0800a372                USB_ReadPacket
 .text.USB_ReadInterrupts
                0x0800a3c4       0x26 Drivers\STM32F7xx_HAL_Driver\Src\stm32f7xx_ll_usb.o
                0x0800a3c4                USB_ReadInterrupts
 .text.USB_GetMode
                0x0800a3ea       0x1c Drivers\STM32F7xx_HAL_Driver\Src\stm32f7xx_ll_usb.o
                0x0800a3ea                USB_GetMode
 *fill*         0x0800a406        0x2 
 .text.USB_CoreReset
                0x0800a408       0x68 Drivers\STM32F7xx_HAL_Driver\Src\stm32f7xx_ll_usb.o
 .text.USB_HostInit
                0x0800a470      0x144 Drivers\STM32F7xx_HAL_Driver\Src\stm32f7xx_ll_usb.o
                0x0800a470                USB_HostInit
 .text.USB_InitFSLSPClkSel
                0x0800a5b4       0x78 Drivers\STM32F7xx_HAL_Driver\Src\stm32f7xx_ll_usb.o
                0x0800a5b4                USB_InitFSLSPClkSel
 .text.USB_DriveVbus
                0x0800a62c       0x76 Drivers\STM32F7xx_HAL_Driver\Src\stm32f7xx_ll_usb.o
                0x0800a62c                USB_DriveVbus
 .text.USB_GetCurrentFrame
                0x0800a6a2       0x22 Drivers\STM32F7xx_HAL_Driver\Src\stm32f7xx_ll_usb.o
                0x0800a6a2                USB_GetCurrentFrame
 .text.USB_HC_Init
                0x0800a6c4      0x220 Drivers\STM32F7xx_HAL_Driver\Src\stm32f7xx_ll_usb.o
                0x0800a6c4                USB_HC_Init
 .text.USB_HC_StartXfer
                0x0800a8e4      0x28c Drivers\STM32F7xx_HAL_Driver\Src\stm32f7xx_ll_usb.o
                0x0800a8e4                USB_HC_StartXfer
 .text.USB_HC_ReadInterrupt
                0x0800ab70       0x22 Drivers\STM32F7xx_HAL_Driver\Src\stm32f7xx_ll_usb.o
                0x0800ab70                USB_HC_ReadInterrupt
 .text.USB_HC_Halt
                0x0800ab92      0x212 Drivers\STM32F7xx_HAL_Driver\Src\stm32f7xx_ll_usb.o
                0x0800ab92                USB_HC_Halt
 .text.USB_DoPing
                0x0800ada4       0x78 Drivers\STM32F7xx_HAL_Driver\Src\stm32f7xx_ll_usb.o
                0x0800ada4                USB_DoPing
 .text.USB_StopHost
                0x0800ae1c      0x10c Drivers\STM32F7xx_HAL_Driver\Src\stm32f7xx_ll_usb.o
                0x0800ae1c                USB_StopHost
 .text.USBH_MSC_InterfaceInit
                0x0800af28      0x254 Middlewares\ST\STM32_USB_Host_Library\Class\MSC\Src\usbh_msc.o
 .text.USBH_MSC_InterfaceDeInit
                0x0800b17c       0x8c Middlewares\ST\STM32_USB_Host_Library\Class\MSC\Src\usbh_msc.o
 .text.USBH_MSC_ClassRequest
                0x0800b208       0xc8 Middlewares\ST\STM32_USB_Host_Library\Class\MSC\Src\usbh_msc.o
 .text.USBH_MSC_Process
                0x0800b2d0      0x520 Middlewares\ST\STM32_USB_Host_Library\Class\MSC\Src\usbh_msc.o
 .text.USBH_MSC_SOFProcess
                0x0800b7f0       0x16 Middlewares\ST\STM32_USB_Host_Library\Class\MSC\Src\usbh_msc.o
 .text.USBH_MSC_RdWrProcess
                0x0800b806      0x194 Middlewares\ST\STM32_USB_Host_Library\Class\MSC\Src\usbh_msc.o
 .text.USBH_MSC_UnitIsReady
                0x0800b99a       0x4c Middlewares\ST\STM32_USB_Host_Library\Class\MSC\Src\usbh_msc.o
                0x0800b99a                USBH_MSC_UnitIsReady
 .text.USBH_MSC_GetLUNInfo
                0x0800b9e6       0x48 Middlewares\ST\STM32_USB_Host_Library\Class\MSC\Src\usbh_msc.o
                0x0800b9e6                USBH_MSC_GetLUNInfo
 .text.USBH_MSC_Read
                0x0800ba2e       0xd2 Middlewares\ST\STM32_USB_Host_Library\Class\MSC\Src\usbh_msc.o
                0x0800ba2e                USBH_MSC_Read
 .text.USBH_MSC_Write
                0x0800bb00       0xd2 Middlewares\ST\STM32_USB_Host_Library\Class\MSC\Src\usbh_msc.o
                0x0800bb00                USBH_MSC_Write
 .text.USBH_MSC_BOT_REQ_Reset
                0x0800bbd2       0x3a Middlewares\ST\STM32_USB_Host_Library\Class\MSC\Src\usbh_msc_bot.o
                0x0800bbd2                USBH_MSC_BOT_REQ_Reset
 .text.USBH_MSC_BOT_REQ_GetMaxLUN
                0x0800bc0c       0x3c Middlewares\ST\STM32_USB_Host_Library\Class\MSC\Src\usbh_msc_bot.o
                0x0800bc0c                USBH_MSC_BOT_REQ_GetMaxLUN
 .text.USBH_MSC_BOT_Init
                0x0800bc48       0x44 Middlewares\ST\STM32_USB_Host_Library\Class\MSC\Src\usbh_msc_bot.o
                0x0800bc48                USBH_MSC_BOT_Init
 .text.USBH_MSC_BOT_Process
                0x0800bc8c      0x3a4 Middlewares\ST\STM32_USB_Host_Library\Class\MSC\Src\usbh_msc_bot.o
                0x0800bc8c                USBH_MSC_BOT_Process
 .text.USBH_MSC_BOT_Abort
                0x0800c030       0x58 Middlewares\ST\STM32_USB_Host_Library\Class\MSC\Src\usbh_msc_bot.o
 .text.USBH_MSC_DecodeCSW
                0x0800c088       0x88 Middlewares\ST\STM32_USB_Host_Library\Class\MSC\Src\usbh_msc_bot.o
 .text.USBH_MSC_SCSI_TestUnitReady
                0x0800c110       0x86 Middlewares\ST\STM32_USB_Host_Library\Class\MSC\Src\usbh_msc_scsi.o
                0x0800c110                USBH_MSC_SCSI_TestUnitReady
 .text.USBH_MSC_SCSI_ReadCapacity
                0x0800c196       0xf6 Middlewares\ST\STM32_USB_Host_Library\Class\MSC\Src\usbh_msc_scsi.o
                0x0800c196                USBH_MSC_SCSI_ReadCapacity
 .text.USBH_MSC_SCSI_Inquiry
                0x0800c28c      0x14a Middlewares\ST\STM32_USB_Host_Library\Class\MSC\Src\usbh_msc_scsi.o
                0x0800c28c                USBH_MSC_SCSI_Inquiry
 .text.USBH_MSC_SCSI_RequestSense
                0x0800c3d6       0xf2 Middlewares\ST\STM32_USB_Host_Library\Class\MSC\Src\usbh_msc_scsi.o
                0x0800c3d6                USBH_MSC_SCSI_RequestSense
 .text.USBH_MSC_SCSI_Write
                0x0800c4c8       0xd6 Middlewares\ST\STM32_USB_Host_Library\Class\MSC\Src\usbh_msc_scsi.o
                0x0800c4c8                USBH_MSC_SCSI_Write
 .text.USBH_MSC_SCSI_Read
                0x0800c59e       0xd6 Middlewares\ST\STM32_USB_Host_Library\Class\MSC\Src\usbh_msc_scsi.o
                0x0800c59e                USBH_MSC_SCSI_Read
 .text.USBH_Init
                0x0800c674       0x54 Middlewares\ST\STM32_USB_Host_Library\Core\Src\usbh_core.o
                0x0800c674                USBH_Init
 .text.DeInitStateMachine
                0x0800c6c8       0x92 Middlewares\ST\STM32_USB_Host_Library\Core\Src\usbh_core.o
 .text.USBH_RegisterClass
                0x0800c75a       0x56 Middlewares\ST\STM32_USB_Host_Library\Core\Src\usbh_core.o
                0x0800c75a                USBH_RegisterClass
 .text.USBH_SelectInterface
                0x0800c7b0       0x38 Middlewares\ST\STM32_USB_Host_Library\Core\Src\usbh_core.o
                0x0800c7b0                USBH_SelectInterface
 .text.USBH_FindInterface
                0x0800c7e8       0x8c Middlewares\ST\STM32_USB_Host_Library\Core\Src\usbh_core.o
                0x0800c7e8                USBH_FindInterface
 .text.USBH_Start
                0x0800c874       0x20 Middlewares\ST\STM32_USB_Host_Library\Core\Src\usbh_core.o
                0x0800c874                USBH_Start
 .text.USBH_LL_SetTimer
                0x0800c894       0x1e Middlewares\ST\STM32_USB_Host_Library\Core\Src\usbh_core.o
                0x0800c894                USBH_LL_SetTimer
 .text.USBH_LL_IncTimer
                0x0800c8b2       0x24 Middlewares\ST\STM32_USB_Host_Library\Core\Src\usbh_core.o
                0x0800c8b2                USBH_LL_IncTimer
 .text.USBH_HandleSof
                0x0800c8d6       0x30 Middlewares\ST\STM32_USB_Host_Library\Core\Src\usbh_core.o
 .text.USBH_LL_PortEnabled
                0x0800c906       0x1c Middlewares\ST\STM32_USB_Host_Library\Core\Src\usbh_core.o
                0x0800c906                USBH_LL_PortEnabled
 .text.USBH_LL_PortDisabled
                0x0800c922       0x1c Middlewares\ST\STM32_USB_Host_Library\Core\Src\usbh_core.o
                0x0800c922                USBH_LL_PortDisabled
 .text.USBH_LL_Connect
                0x0800c93e       0x4c Middlewares\ST\STM32_USB_Host_Library\Core\Src\usbh_core.o
                0x0800c93e                USBH_LL_Connect
 .text.USBH_LL_Disconnect
                0x0800c98a       0x5a Middlewares\ST\STM32_USB_Host_Library\Core\Src\usbh_core.o
                0x0800c98a                USBH_LL_Disconnect
 .text.USBH_ClrFeature
                0x0800c9e4       0x48 Middlewares\ST\STM32_USB_Host_Library\Core\Src\usbh_ctlreq.o
                0x0800c9e4                USBH_ClrFeature
 .text.USBH_CtlReq
                0x0800ca2c       0x94 Middlewares\ST\STM32_USB_Host_Library\Core\Src\usbh_ctlreq.o
                0x0800ca2c                USBH_CtlReq
 .text.USBH_HandleControl
                0x0800cac0      0x2d4 Middlewares\ST\STM32_USB_Host_Library\Core\Src\usbh_ctlreq.o
 .text.USBH_CtlSendSetup
                0x0800cd94       0x34 Middlewares\ST\STM32_USB_Host_Library\Core\Src\usbh_ioreq.o
                0x0800cd94                USBH_CtlSendSetup
 .text.USBH_CtlSendData
                0x0800cdc8       0x4a Middlewares\ST\STM32_USB_Host_Library\Core\Src\usbh_ioreq.o
                0x0800cdc8                USBH_CtlSendData
 .text.USBH_CtlReceiveData
                0x0800ce12       0x3c Middlewares\ST\STM32_USB_Host_Library\Core\Src\usbh_ioreq.o
                0x0800ce12                USBH_CtlReceiveData
 .text.USBH_BulkSendData
                0x0800ce4e       0x4a Middlewares\ST\STM32_USB_Host_Library\Core\Src\usbh_ioreq.o
                0x0800ce4e                USBH_BulkSendData
 .text.USBH_BulkReceiveData
                0x0800ce98       0x3c Middlewares\ST\STM32_USB_Host_Library\Core\Src\usbh_ioreq.o
                0x0800ce98                USBH_BulkReceiveData
 .text.USBH_OpenPipe
                0x0800ced4       0x3e Middlewares\ST\STM32_USB_Host_Library\Core\Src\usbh_pipes.o
                0x0800ced4                USBH_OpenPipe
 .text.USBH_ClosePipe
                0x0800cf12       0x20 Middlewares\ST\STM32_USB_Host_Library\Core\Src\usbh_pipes.o
                0x0800cf12                USBH_ClosePipe
 .text.USBH_AllocPipe
                0x0800cf32       0x3c Middlewares\ST\STM32_USB_Host_Library\Core\Src\usbh_pipes.o
                0x0800cf32                USBH_AllocPipe
 .text.USBH_FreePipe
                0x0800cf6e       0x38 Middlewares\ST\STM32_USB_Host_Library\Core\Src\usbh_pipes.o
                0x0800cf6e                USBH_FreePipe
 .text.USBH_GetFreePipe
                0x0800cfa6       0x46 Middlewares\ST\STM32_USB_Host_Library\Core\Src\usbh_pipes.o
 .text.FATFS_LinkDriverEx
                0x0800cfec       0x98 Middlewares\Third_Party\FatFs\src\ff_gen_drv.o
                0x0800cfec                FATFS_LinkDriverEx
 .text.FATFS_LinkDriver
                0x0800d084       0x1e Middlewares\Third_Party\FatFs\src\ff_gen_drv.o
                0x0800d084                FATFS_LinkDriver
 *fill*         0x0800d0a2        0x2 
 .text.Application_Init
                0x0800d0a4       0xa8 Project_Source\App_Init.o
                0x0800d0a4                Application_Init
 .text.TextToScreen
                0x0800d14c       0x84 Project_Source\App_Text.o
                0x0800d14c                TextToScreen
 .text.App_ACK_Init
                0x0800d1d0       0x3c Project_Source\App_UserAck.o
                0x0800d1d0                App_ACK_Init
 .text.MX_CAN1_Init
                0x0800d20c       0xdc Src\BSP\can.o
                0x0800d20c                MX_CAN1_Init
 .text.MX_CAN2_Init
                0x0800d2e8       0xdc Src\BSP\can.o
                0x0800d2e8                MX_CAN2_Init
 .text.HAL_CAN_MspInit
                0x0800d3c4      0x11c Src\BSP\can.o
                0x0800d3c4                HAL_CAN_MspInit
 .text.HAL_CAN_MspDeInit
                0x0800d4e0       0x98 Src\BSP\can.o
                0x0800d4e0                HAL_CAN_MspDeInit
 .text.HAL_DMA2D_MspInit
                0x0800d578       0x40 Src\BSP\dma2d.o
                0x0800d578                HAL_DMA2D_MspInit
 .text.MX_DSIHOST_DSI_Init
                0x0800d5b8       0x98 Src\BSP\dsihost.o
                0x0800d5b8                MX_DSIHOST_DSI_Init
 .text.HAL_DSI_MspInit
                0x0800d650       0x40 Src\BSP\dsihost.o
                0x0800d650                HAL_DSI_MspInit
 .text.MX_FATFS_Init
                0x0800d690       0x24 Src\BSP\fatfs.o
                0x0800d690                MX_FATFS_Init
 .text.MX_FMC_Init
                0x0800d6b4        0xe Src\BSP\fmc.o
                0x0800d6b4                MX_FMC_Init
 *fill*         0x0800d6c2        0x2 
 .text.HAL_FMC_MspInit
                0x0800d6c4      0x148 Src\BSP\fmc.o
 .text.HAL_NOR_MspInit
                0x0800d80c       0x14 Src\BSP\fmc.o
                0x0800d80c                HAL_NOR_MspInit
 .text.HAL_SRAM_MspInit
                0x0800d820       0x14 Src\BSP\fmc.o
                0x0800d820                HAL_SRAM_MspInit
 .text.HAL_FMC_MspDeInit
                0x0800d834       0x74 Src\BSP\fmc.o
 .text.HAL_NOR_MspDeInit
                0x0800d8a8       0x14 Src\BSP\fmc.o
                0x0800d8a8                HAL_NOR_MspDeInit
 .text.HAL_SRAM_MspDeInit
                0x0800d8bc       0x14 Src\BSP\fmc.o
                0x0800d8bc                HAL_SRAM_MspDeInit
 .text.MX_GPIO_Init
                0x0800d8d0      0x2ec Src\BSP\gpio.o
                0x0800d8d0                MX_GPIO_Init
 .text.MX_I2C2_Init
                0x0800dbbc       0x90 Src\BSP\i2c.o
                0x0800dbbc                MX_I2C2_Init
 .text.HAL_I2C_MspInit
                0x0800dc4c       0x60 Src\BSP\i2c.o
                0x0800dc4c                HAL_I2C_MspInit
 .text.HAL_LTDC_MspInit
                0x0800dcac       0x40 Src\BSP\ltdc.o
                0x0800dcac                HAL_LTDC_MspInit
 .text.MX_SPI2_Init
                0x0800dcec       0x84 Src\BSP\spi.o
                0x0800dcec                MX_SPI2_Init
 .text.MX_SPI5_Init
                0x0800dd70       0x84 Src\BSP\spi.o
                0x0800dd70                MX_SPI5_Init
 .text.HAL_SPI_MspInit
                0x0800ddf4       0xd0 Src\BSP\spi.o
                0x0800ddf4                HAL_SPI_MspInit
 .text.MX_TIM3_Init
                0x0800dec4       0x8c Src\BSP\tim.o
                0x0800dec4                MX_TIM3_Init
 .text.MX_TIM5_Init
                0x0800df50       0xcc Src\BSP\tim.o
                0x0800df50                MX_TIM5_Init
 .text.HAL_TIM_PWM_MspInit
                0x0800e01c       0x60 Src\BSP\tim.o
                0x0800e01c                HAL_TIM_PWM_MspInit
 .text.HAL_TIM_MspPostInit
                0x0800e07c       0x98 Src\BSP\tim.o
                0x0800e07c                HAL_TIM_MspPostInit
 .text.HAL_TIM_Base_MspInit
                0x0800e114       0x80 Src\BSP\tim.o
                0x0800e114                HAL_TIM_Base_MspInit
 .text.MX_USB_HOST_Init
                0x0800e194       0x2c Src\BSP\usb_host.o
                0x0800e194                MX_USB_HOST_Init
 .text.USBH_UserProcess
                0x0800e1c0       0x5c Src\BSP\usb_host.o
 .text.HAL_HCD_MspInit
                0x0800e21c       0xa0 Src\BSP\usbh_conf.o
                0x0800e21c                HAL_HCD_MspInit
 .text.HAL_HCD_SOF_Callback
                0x0800e2bc       0x1c Src\BSP\usbh_conf.o
                0x0800e2bc                HAL_HCD_SOF_Callback
 .text.HAL_HCD_Connect_Callback
                0x0800e2d8       0x1c Src\BSP\usbh_conf.o
                0x0800e2d8                HAL_HCD_Connect_Callback
 .text.HAL_HCD_Disconnect_Callback
                0x0800e2f4       0x1c Src\BSP\usbh_conf.o
                0x0800e2f4                HAL_HCD_Disconnect_Callback
 .text.HAL_HCD_HC_NotifyURBChange_Callback
                0x0800e310       0x1c Src\BSP\usbh_conf.o
                0x0800e310                HAL_HCD_HC_NotifyURBChange_Callback
 .text.HAL_HCD_PortEnabled_Callback
                0x0800e32c       0x1c Src\BSP\usbh_conf.o
                0x0800e32c                HAL_HCD_PortEnabled_Callback
 .text.HAL_HCD_PortDisabled_Callback
                0x0800e348       0x1c Src\BSP\usbh_conf.o
                0x0800e348                HAL_HCD_PortDisabled_Callback
 .text.USBH_LL_Init
                0x0800e364       0x80 Src\BSP\usbh_conf.o
                0x0800e364                USBH_LL_Init
 .text.USBH_LL_Start
                0x0800e3e4       0x64 Src\BSP\usbh_conf.o
                0x0800e3e4                USBH_LL_Start
 .text.USBH_LL_Stop
                0x0800e448       0x64 Src\BSP\usbh_conf.o
                0x0800e448                USBH_LL_Stop
 .text.USBH_LL_GetLastXferSize
                0x0800e4ac       0x26 Src\BSP\usbh_conf.o
                0x0800e4ac                USBH_LL_GetLastXferSize
 *fill*         0x0800e4d2        0x2 
 .text.USBH_LL_OpenPipe
                0x0800e4d4       0x8c Src\BSP\usbh_conf.o
                0x0800e4d4                USBH_LL_OpenPipe
 .text.USBH_LL_ClosePipe
                0x0800e560       0x6c Src\BSP\usbh_conf.o
                0x0800e560                USBH_LL_ClosePipe
 .text.USBH_LL_SubmitURB
                0x0800e5cc       0x90 Src\BSP\usbh_conf.o
                0x0800e5cc                USBH_LL_SubmitURB
 .text.USBH_LL_GetURBState
                0x0800e65c       0x26 Src\BSP\usbh_conf.o
                0x0800e65c                USBH_LL_GetURBState
 .text.USBH_LL_DriverVBUS
                0x0800e682       0x2e Src\BSP\usbh_conf.o
                0x0800e682                USBH_LL_DriverVBUS
 .text.USBH_LL_SetToggle
                0x0800e6b0       0x66 Src\BSP\usbh_conf.o
                0x0800e6b0                USBH_LL_SetToggle
 .text.USBH_LL_GetToggle
                0x0800e716       0x66 Src\BSP\usbh_conf.o
                0x0800e716                USBH_LL_GetToggle
 .text.USBH_initialize
                0x0800e77c       0x18 Src\BSP\usbh_diskio.o
                0x0800e77c                USBH_initialize
 .text.USBH_status
                0x0800e794       0x38 Src\BSP\usbh_diskio.o
                0x0800e794                USBH_status
 .text.USBH_read
                0x0800e7cc       0x70 Src\BSP\usbh_diskio.o
                0x0800e7cc                USBH_read
 .text.USBH_write
                0x0800e83c       0x84 Src\BSP\usbh_diskio.o
                0x0800e83c                USBH_write
 .text.USBH_ioctl
                0x0800e8c0       0xd8 Src\BSP\usbh_diskio.o
                0x0800e8c0                USBH_ioctl
 .text.MX_DriverVbusFS
                0x0800e998       0x38 Src\BSP\usbh_platform.o
                0x0800e998                MX_DriverVbusFS
 .text.ADPS9309_ReadRegs
                0x0800e9d0       0x40 Src\Drivers\ADPS9309.o
                0x0800e9d0                ADPS9309_ReadRegs
 .text.ADPS9309_WriteReg
                0x0800ea10       0x36 Src\Drivers\ADPS9309.o
                0x0800ea10                ADPS9309_WriteReg
 *fill*         0x0800ea46        0x2 
 .text.ADPS9309_Init
                0x0800ea48       0x68 Src\Drivers\ADPS9309.o
                0x0800ea48                ADPS9309_Init
 .text.BSP_LCD_GetXSize
                0x0800eab0       0x18 Src\Drivers\LCD.o
                0x0800eab0                BSP_LCD_GetXSize
 .text.BSP_LCD_GetYSize
                0x0800eac8       0x18 Src\Drivers\LCD.o
                0x0800eac8                BSP_LCD_GetYSize
 .text.BSP_LCD_LayerDefaultInit
                0x0800eae0       0xc0 Src\Drivers\LCD.o
                0x0800eae0                BSP_LCD_LayerDefaultInit
 .text.BSP_LCD_SelectLayer
                0x0800eba0       0x20 Src\Drivers\LCD.o
                0x0800eba0                BSP_LCD_SelectLayer
 .text.BSP_LCD_SetLayerVisible
                0x0800ebc0       0x80 Src\Drivers\LCD.o
                0x0800ebc0                BSP_LCD_SetLayerVisible
 .text.BSP_LCD_SetTextColor
                0x0800ec40       0x34 Src\Drivers\LCD.o
                0x0800ec40                BSP_LCD_SetTextColor
 .text.BSP_LCD_SetBackColor
                0x0800ec74       0x34 Src\Drivers\LCD.o
                0x0800ec74                BSP_LCD_SetBackColor
 .text.BSP_LCD_SetFont
                0x0800eca8       0x34 Src\Drivers\LCD.o
                0x0800eca8                BSP_LCD_SetFont
 .text.BSP_LCD_Clear
                0x0800ecdc       0x50 Src\Drivers\LCD.o
                0x0800ecdc                BSP_LCD_Clear
 .text.BSP_LCD_DisplayChar
                0x0800ed2c       0x90 Src\Drivers\LCD.o
                0x0800ed2c                BSP_LCD_DisplayChar
 .text.BSP_LCD_DisplayStringAt
                0x0800edbc      0x194 Src\Drivers\LCD.o
                0x0800edbc                BSP_LCD_DisplayStringAt
 .text.BSP_LCD_DrawBitmap
                0x0800ef50      0x138 Src\Drivers\LCD.o
                0x0800ef50                BSP_LCD_DrawBitmap
 .text.App_printImg
                0x0800f088       0x3c Src\Drivers\LCD.o
                0x0800f088                App_printImg
 .text.BSP_LCD_FillRect
                0x0800f0c4       0xcc Src\Drivers\LCD.o
                0x0800f0c4                BSP_LCD_FillRect
 .text.BSP_LCD_DisplayOn
                0x0800f190       0x18 Src\Drivers\LCD.o
                0x0800f190                BSP_LCD_DisplayOn
 .text.BSP_LCD_MspInit
                0x0800f1a8       0xd4 Src\Drivers\LCD.o
                0x0800f1a8                BSP_LCD_MspInit
 .text.BSP_LCD_DrawPixel
                0x0800f27c       0xb8 Src\Drivers\LCD.o
                0x0800f27c                BSP_LCD_DrawPixel
 .text.DrawChar
                0x0800f334      0x178 Src\Drivers\LCD.o
 .text.LL_FillBuffer
                0x0800f4ac       0x70 Src\Drivers\LCD.o
 .text.LL_ConvertLineToRGB565
                0x0800f51c       0x9c Src\Drivers\LCD.o
 .text.select_RTC
                0x0800f5b8       0x10 Src\Drivers\M41T94.o
                0x0800f5b8                select_RTC
 .text.release_RTC
                0x0800f5c8       0x10 Src\Drivers\M41T94.o
                0x0800f5c8                release_RTC
 .text.Init_M41T94rtc
                0x0800f5d8       0xa4 Src\Drivers\M41T94.o
                0x0800f5d8                Init_M41T94rtc
 .text.WriteByte_M41T94rtc
                0x0800f67c       0x30 Src\Drivers\M41T94.o
                0x0800f67c                WriteByte_M41T94rtc
 .text.MCP23S17_CS_LOW
                0x0800f6ac       0x50 Src\Drivers\MCP23S17.o
                0x0800f6ac                MCP23S17_CS_LOW
 .text.MCP23S17_CS_HIGH
                0x0800f6fc       0x50 Src\Drivers\MCP23S17.o
                0x0800f6fc                MCP23S17_CS_HIGH
 .text.MCP23S17_SendByte
                0x0800f74c       0x28 Src\Drivers\MCP23S17.o
                0x0800f74c                MCP23S17_SendByte
 .text.MCP23S17_CS_Init
                0x0800f774      0x154 Src\Drivers\MCP23S17.o
                0x0800f774                MCP23S17_CS_Init
 .text.Set_ExpanderIO_Output_Bytes
                0x0800f8c8      0x1f4 Src\Drivers\MCP23S17.o
                0x0800f8c8                Set_ExpanderIO_Output_Bytes
 .text.Latch_IOExpander_Outputs
                0x0800fabc       0xec Src\Drivers\MCP23S17.o
                0x0800fabc                Latch_IOExpander_Outputs
 .text.MR25H40_CS_LOW
                0x0800fba8       0x10 Src\Drivers\MR25H40.o
                0x0800fba8                MR25H40_CS_LOW
 .text.MR25H40_CS_HIGH
                0x0800fbb8       0x10 Src\Drivers\MR25H40.o
                0x0800fbb8                MR25H40_CS_HIGH
 .text.MR25H40_Write_StatusByte
                0x0800fbc8       0x34 Src\Drivers\MR25H40.o
                0x0800fbc8                MR25H40_Write_StatusByte
 .text.MR25H40_WritePage
                0x0800fbfc       0x7c Src\Drivers\MR25H40.o
                0x0800fbfc                MR25H40_WritePage
 .text.MR25H40_WriteBuffer
                0x0800fc78      0x1e0 Src\Drivers\MR25H40.o
                0x0800fc78                MR25H40_WriteBuffer
 .text.MR25H40_ReadBuffer
                0x0800fe58       0x58 Src\Drivers\MR25H40.o
                0x0800fe58                MR25H40_ReadBuffer
 .text.MR25H40_SendByte
                0x0800feb0       0x30 Src\Drivers\MR25H40.o
                0x0800feb0                MR25H40_SendByte
 .text.MR25H40_WriteEnable
                0x0800fee0       0x16 Src\Drivers\MR25H40.o
                0x0800fee0                MR25H40_WriteEnable
 .text.MR25H40_WaitForWriteEnd
                0x0800fef6       0x4c Src\Drivers\MR25H40.o
                0x0800fef6                MR25H40_WaitForWriteEnd
 .text.NV_RAM_SPI_Test
                0x0800ff42      0x15c Src\Drivers\MR25H40.o
                0x0800ff42                NV_RAM_SPI_Test
 *fill*         0x0801009e        0x2 
 .text.S29GL01GS_Init
                0x080100a0      0x23c Src\Drivers\S28GL01GS.o
                0x080100a0                S29GL01GS_Init
 .text.S29GL01GS_HW_Reset
                0x080102dc       0x28 Src\Drivers\S28GL01GS.o
                0x080102dc                S29GL01GS_HW_Reset
 .text.S29GL01GS_ReturnToReadMode
                0x08010304       0x18 Src\Drivers\S28GL01GS.o
                0x08010304                S29GL01GS_ReturnToReadMode
 .text.HAL_NOR_MspWait
                0x0801031c       0x58 Src\Drivers\S28GL01GS.o
                0x0801031c                HAL_NOR_MspWait
 .text.SN65DSI83_WriteReg
                0x08010374       0x38 Src\Drivers\SN65DSI83.o
                0x08010374                SN65DSI83_WriteReg
 .text.SN65DSI83_Send_Settings
                0x080103ac      0x190 Src\Drivers\SN65DSI83.o
                0x080103ac                SN65DSI83_Send_Settings
 .text.DMA_Init
                0x0801053c       0x28 Src\F769\F769_DMA.o
                0x0801053c                DMA_Init
 .text.I2C_BufferRead
                0x08010564       0x4a Src\F769\F769_I2C.o
                0x08010564                I2C_BufferRead
 .text.I2C_ByteWrite
                0x080105ae       0x46 Src\F769\F769_I2C.o
                0x080105ae                I2C_ByteWrite
 .text.IO_Output_control
                0x080105f4       0x74 Src\F769\F769_IO.o
                0x080105f4                IO_Output_control
 .text.Init_769
                0x08010668       0x64 Src\F769\F769_Init.o
                0x08010668                Init_769
 .text.SystemClock_Config
                0x080106cc      0x160 Src\F769\F769_Init.o
                0x080106cc                SystemClock_Config
 .text.DSI_Init
                0x0801082c      0x12c Src\F769\F769_LCD.o
                0x0801082c                DSI_Init
 .text.LTDC_Init
                0x08010958       0xac Src\F769\F769_LCD.o
                0x08010958                LTDC_Init
 .text.LCD_Reset
                0x08010a04       0x24 Src\F769\F769_LCD.o
                0x08010a04                LCD_Reset
 .text.LCD_Init
                0x08010a28       0x54 Src\F769\F769_LCD.o
                0x08010a28                LCD_Init
 .text.SPI_Test
                0x08010a7c       0x2e Src\F769\F769_SPI.o
                0x08010a7c                SPI_Test
 *fill*         0x08010aaa        0x2 
 .text.SRAM_Init
                0x08010aac       0xa4 Src\F769\F769_SRAM.o
                0x08010aac                SRAM_Init
 .text.TIM3_Stop
                0x08010b50       0x14 Src\F769\F769_Timers.o
                0x08010b50                TIM3_Stop
 .text.TIM3_Start
                0x08010b64       0x14 Src\F769\F769_Timers.o
                0x08010b64                TIM3_Start
 .text.TIM4_Stop
                0x08010b78       0x14 Src\F769\F769_Timers.o
                0x08010b78                TIM4_Stop
 .text.TIM4_Start
                0x08010b8c       0x14 Src\F769\F769_Timers.o
                0x08010b8c                TIM4_Start
 .text.UART_Init
                0x08010ba0      0x124 Src\F769\F769_UART.o
                0x08010ba0                UART_Init
 .text.HAL_UART_MspInit
                0x08010cc4      0x284 Src\F769\F769_UART.o
                0x08010cc4                HAL_UART_MspInit
 .text.HAL_UART_MspDeInit
                0x08010f48      0x140 Src\F769\F769_UART.o
                0x08010f48                HAL_UART_MspDeInit
 .text.DMA_UART_COM_EXP1_RX
                0x08011088       0xec Src\F769\F769_UART.o
                0x08011088                DMA_UART_COM_EXP1_RX
 .text.DMA_UART_External_RX
                0x08011174      0x130 Src\F769\F769_UART.o
                0x08011174                DMA_UART_External_RX
 .text.DMA_UART_RF_RX
                0x080112a4      0x100 Src\F769\F769_UART.o
                0x080112a4                DMA_UART_RF_RX
 .text.DMA_UART_RF_TX
                0x080113a4      0x10c Src\F769\F769_UART.o
                0x080113a4                DMA_UART_RF_TX
 .text.Uart_Clear_DMA_TX
                0x080114b0      0xecc Src\F769\F769_UART.o
                0x080114b0                Uart_Clear_DMA_TX
 .text.Uart_Clear_DMA_RX
                0x0801237c      0xecc Src\F769\F769_UART.o
                0x0801237c                Uart_Clear_DMA_RX
 .text.main     0x08013248       0x9c Src\main.o
                0x08013248                main
 .text._Error_Handler
                0x080132e4        0xc Src\main.o
                0x080132e4                _Error_Handler
 .text.HAL_MspInit
                0x080132f0       0x9c Src\stm32f7xx_hal_msp.o
                0x080132f0                HAL_MspInit
 .text.LTDC_IRQHandler
                0x0801338c       0x14 Src\stm32f7xx_it.o
                0x0801338c                LTDC_IRQHandler
 .text.NMI_Handler
                0x080133a0        0xe Src\stm32f7xx_it.o
                0x080133a0                NMI_Handler
 .text.HardFault_Handler
                0x080133ae        0x6 Src\stm32f7xx_it.o
                0x080133ae                HardFault_Handler
 .text.MemManage_Handler
                0x080133b4        0x6 Src\stm32f7xx_it.o
                0x080133b4                MemManage_Handler
 .text.BusFault_Handler
                0x080133ba        0x6 Src\stm32f7xx_it.o
                0x080133ba                BusFault_Handler
 .text.UsageFault_Handler
                0x080133c0        0x6 Src\stm32f7xx_it.o
                0x080133c0                UsageFault_Handler
 .text.SVC_Handler
                0x080133c6        0xe Src\stm32f7xx_it.o
                0x080133c6                SVC_Handler
 .text.DebugMon_Handler
                0x080133d4        0xe Src\stm32f7xx_it.o
                0x080133d4                DebugMon_Handler
 .text.PendSV_Handler
                0x080133e2        0xe Src\stm32f7xx_it.o
                0x080133e2                PendSV_Handler
 .text.SysTick_Handler
                0x080133f0       0x14 Src\stm32f7xx_it.o
                0x080133f0                SysTick_Handler
 .text.OTG_FS_IRQHandler
                0x08013404       0x14 Src\stm32f7xx_it.o
                0x08013404                OTG_FS_IRQHandler
 .text.USART1_IRQHandler
                0x08013418       0x50 Src\stm32f7xx_it.o
                0x08013418                USART1_IRQHandler
 .text.USART3_IRQHandler
                0x08013468       0x14 Src\stm32f7xx_it.o
                0x08013468                USART3_IRQHandler
 .text.UART5_IRQHandler
                0x0801347c       0x64 Src\stm32f7xx_it.o
                0x0801347c                UART5_IRQHandler
 .text.DMA1_Stream0_IRQHandler
                0x080134e0       0x14 Src\stm32f7xx_it.o
                0x080134e0                DMA1_Stream0_IRQHandler
 .text.CAN1_RX0_IRQHandler
                0x080134f4       0x14 Src\stm32f7xx_it.o
                0x080134f4                CAN1_RX0_IRQHandler
 .text.CAN2_RX0_IRQHandler
                0x08013508       0x14 Src\stm32f7xx_it.o
                0x08013508                CAN2_RX0_IRQHandler
 .text.USART6_IRQHandler
                0x0801351c       0x64 Src\stm32f7xx_it.o
                0x0801351c                USART6_IRQHandler
 .text.DMA2_Stream6_IRQHandler
                0x08013580       0x14 Src\stm32f7xx_it.o
                0x08013580                DMA2_Stream6_IRQHandler
 .text.DMA2_Stream2_IRQHandler
                0x08013594       0x14 Src\stm32f7xx_it.o
                0x08013594                DMA2_Stream2_IRQHandler
 .text.TIM3_IRQHandler
                0x080135a8       0x24 Src\stm32f7xx_it.o
                0x080135a8                TIM3_IRQHandler
 .text.TIM4_IRQHandler
                0x080135cc       0x24 Src\stm32f7xx_it.o
                0x080135cc                TIM4_IRQHandler
 .text.HAL_UART_RxCpltCallback
                0x080135f0       0x34 Src\stm32f7xx_it.o
                0x080135f0                HAL_UART_RxCpltCallback
 .text.SystemInit
                0x08013624       0x6c Src\system_stm32f7xx.o
                0x08013624                SystemInit
 .text.Delay    0x08013690       0x2a VisionShared\Delay.o
                0x08013690                Delay
 *fill*         0x080136ba        0x2 
 .text.TimingDelay_Decrement
                0x080136bc       0x1c VisionShared\Delay.o
                0x080136bc                TimingDelay_Decrement
 .text.time_now
                0x080136d8       0x18 VisionShared\Delay.o
                0x080136d8                time_now
 .text.Reset_Handler
                0x080136f0       0x50 startup\startup_stm32f769xx.o
                0x080136f0                Reset_Handler
 .text.Default_Handler
                0x08013740        0x2 startup\startup_stm32f769xx.o
                0x08013740                RTC_Alarm_IRQHandler
                0x08013740                EXTI2_IRQHandler
                0x08013740                TIM8_CC_IRQHandler
                0x08013740                UART8_IRQHandler
                0x08013740                SPI4_IRQHandler
                0x08013740                TIM1_CC_IRQHandler
                0x08013740                DMA2_Stream5_IRQHandler
                0x08013740                JPEG_IRQHandler
                0x08013740                DMA1_Stream5_IRQHandler
                0x08013740                CAN3_RX1_IRQHandler
                0x08013740                PVD_IRQHandler
                0x08013740                TAMP_STAMP_IRQHandler
                0x08013740                CAN2_RX1_IRQHandler
                0x08013740                EXTI3_IRQHandler
                0x08013740                TIM8_TRG_COM_TIM14_IRQHandler
                0x08013740                DFSDM1_FLT1_IRQHandler
                0x08013740                TIM1_UP_TIM10_IRQHandler
                0x08013740                TIM8_UP_TIM13_IRQHandler
                0x08013740                I2C3_ER_IRQHandler
                0x08013740                DFSDM1_FLT2_IRQHandler
                0x08013740                EXTI0_IRQHandler
                0x08013740                I2C2_EV_IRQHandler
                0x08013740                DMA1_Stream2_IRQHandler
                0x08013740                FPU_IRQHandler
                0x08013740                OTG_HS_WKUP_IRQHandler
                0x08013740                CAN3_SCE_IRQHandler
                0x08013740                LTDC_ER_IRQHandler
                0x08013740                CAN2_SCE_IRQHandler
                0x08013740                SPI1_IRQHandler
                0x08013740                TIM6_DAC_IRQHandler
                0x08013740                TIM1_BRK_TIM9_IRQHandler
                0x08013740                DCMI_IRQHandler
                0x08013740                DMA2_Stream3_IRQHandler
                0x08013740                SAI2_IRQHandler
                0x08013740                DFSDM1_FLT3_IRQHandler
                0x08013740                CAN3_RX0_IRQHandler
                0x08013740                CAN1_RX1_IRQHandler
                0x08013740                DMA2_Stream0_IRQHandler
                0x08013740                QUADSPI_IRQHandler
                0x08013740                I2C1_EV_IRQHandler
                0x08013740                DMA1_Stream6_IRQHandler
                0x08013740                DMA1_Stream1_IRQHandler
                0x08013740                UART4_IRQHandler
                0x08013740                RCC_IRQHandler
                0x08013740                TIM8_BRK_TIM12_IRQHandler
                0x08013740                Default_Handler
                0x08013740                CEC_IRQHandler
                0x08013740                EXTI15_10_IRQHandler
                0x08013740                ADC_IRQHandler
                0x08013740                DMA1_Stream7_IRQHandler
                0x08013740                SPI5_IRQHandler
                0x08013740                TIM7_IRQHandler
                0x08013740                SDMMC1_IRQHandler
                0x08013740                CAN2_TX_IRQHandler
                0x08013740                TIM5_IRQHandler
                0x08013740                DMA2_Stream7_IRQHandler
                0x08013740                I2C3_EV_IRQHandler
                0x08013740                EXTI9_5_IRQHandler
                0x08013740                RTC_WKUP_IRQHandler
                0x08013740                ETH_WKUP_IRQHandler
                0x08013740                SPDIF_RX_IRQHandler
                0x08013740                SPI2_IRQHandler
                0x08013740                OTG_HS_EP1_IN_IRQHandler
                0x08013740                CAN1_TX_IRQHandler
                0x08013740                EXTI4_IRQHandler
                0x08013740                RNG_IRQHandler
                0x08013740                DSI_IRQHandler
                0x08013740                ETH_IRQHandler
                0x08013740                OTG_HS_EP1_OUT_IRQHandler
                0x08013740                WWDG_IRQHandler
                0x08013740                SPI6_IRQHandler
                0x08013740                MDIOS_IRQHandler
                0x08013740                I2C4_EV_IRQHandler
                0x08013740                CAN3_TX_IRQHandler
                0x08013740                TIM2_IRQHandler
                0x08013740                OTG_FS_WKUP_IRQHandler
                0x08013740                TIM1_TRG_COM_TIM11_IRQHandler
                0x08013740                OTG_HS_IRQHandler
                0x08013740                DMA2D_IRQHandler
                0x08013740                EXTI1_IRQHandler
                0x08013740                SDMMC2_IRQHandler
                0x08013740                UART7_IRQHandler
                0x08013740                USART2_IRQHandler
                0x08013740                DFSDM1_FLT0_IRQHandler
                0x08013740                I2C2_ER_IRQHandler
                0x08013740                DMA2_Stream1_IRQHandler
                0x08013740                CAN1_SCE_IRQHandler
                0x08013740                FLASH_IRQHandler
                0x08013740                DMA2_Stream4_IRQHandler
                0x08013740                SPI3_IRQHandler
                0x08013740                DMA1_Stream4_IRQHandler
                0x08013740                I2C1_ER_IRQHandler
                0x08013740                FMC_IRQHandler
                0x08013740                LPTIM1_IRQHandler
                0x08013740                I2C4_ER_IRQHandler
                0x08013740                SAI1_IRQHandler
                0x08013740                DMA1_Stream3_IRQHandler
 *fill*         0x08013742        0x2 
 .text.__libc_init_array
                0x08013744       0x48 c:/program files (x86)/atollic/truestudio for stm32 9.0.0/armtools/bin/../lib/gcc/arm-atollic-eabi/6.3.1/../../../../arm-atollic-eabi/lib/armv7e-m/fpu/fpv5-sp-d16\libc.a(lib_a-init.o)
                0x08013744                __libc_init_array
 .text.malloc   0x0801378c       0x10 c:/program files (x86)/atollic/truestudio for stm32 9.0.0/armtools/bin/../lib/gcc/arm-atollic-eabi/6.3.1/../../../../arm-atollic-eabi/lib/armv7e-m/fpu/fpv5-sp-d16\libc.a(lib_a-malloc.o)
                0x0801378c                malloc
 .text.free     0x0801379c       0x10 c:/program files (x86)/atollic/truestudio for stm32 9.0.0/armtools/bin/../lib/gcc/arm-atollic-eabi/6.3.1/../../../../arm-atollic-eabi/lib/armv7e-m/fpu/fpv5-sp-d16\libc.a(lib_a-malloc.o)
                0x0801379c                free
 .text._malloc_r
                0x080137ac      0x41c c:/program files (x86)/atollic/truestudio for stm32 9.0.0/armtools/bin/../lib/gcc/arm-atollic-eabi/6.3.1/../../../../arm-atollic-eabi/lib/armv7e-m/fpu/fpv5-sp-d16\libc.a(lib_a-mallocr.o)
                0x080137ac                _malloc_r
 .text.memcpy   0x08013bc8       0x16 c:/program files (x86)/atollic/truestudio for stm32 9.0.0/armtools/bin/../lib/gcc/arm-atollic-eabi/6.3.1/../../../../arm-atollic-eabi/lib/armv7e-m/fpu/fpv5-sp-d16\libc.a(lib_a-memcpy-stub.o)
                0x08013bc8                memcpy
 .text.memset   0x08013bde       0x10 c:/program files (x86)/atollic/truestudio for stm32 9.0.0/armtools/bin/../lib/gcc/arm-atollic-eabi/6.3.1/../../../../arm-atollic-eabi/lib/armv7e-m/fpu/fpv5-sp-d16\libc.a(lib_a-memset.o)
                0x08013bde                memset
 *fill*         0x08013bee        0x2 
 .text.__malloc_lock
                0x08013bf0        0xc c:/program files (x86)/atollic/truestudio for stm32 9.0.0/armtools/bin/../lib/gcc/arm-atollic-eabi/6.3.1/../../../../arm-atollic-eabi/lib/armv7e-m/fpu/fpv5-sp-d16\libc.a(lib_a-mlock.o)
                0x08013bf0                __malloc_lock
 .text.__malloc_unlock
                0x08013bfc        0xc c:/program files (x86)/atollic/truestudio for stm32 9.0.0/armtools/bin/../lib/gcc/arm-atollic-eabi/6.3.1/../../../../arm-atollic-eabi/lib/armv7e-m/fpu/fpv5-sp-d16\libc.a(lib_a-mlock.o)
                0x08013bfc                __malloc_unlock
 .text._sbrk_r  0x08013c08       0x20 c:/program files (x86)/atollic/truestudio for stm32 9.0.0/armtools/bin/../lib/gcc/arm-atollic-eabi/6.3.1/../../../../arm-atollic-eabi/lib/armv7e-m/fpu/fpv5-sp-d16\libc.a(lib_a-sbrkr.o)
                0x08013c08                _sbrk_r
 .text.strcpy   0x08013c28       0x10 c:/program files (x86)/atollic/truestudio for stm32 9.0.0/armtools/bin/../lib/gcc/arm-atollic-eabi/6.3.1/../../../../arm-atollic-eabi/lib/armv7e-m/fpu/fpv5-sp-d16\libc.a(lib_a-strcpy.o)
                0x08013c28                strcpy
 .text._malloc_trim_r
                0x08013c38       0xac c:/program files (x86)/atollic/truestudio for stm32 9.0.0/armtools/bin/../lib/gcc/arm-atollic-eabi/6.3.1/../../../../arm-atollic-eabi/lib/armv7e-m/fpu/fpv5-sp-d16\libc.a(lib_a-freer.o)
                0x08013c38                _malloc_trim_r
 .text._free_r  0x08013ce4      0x178 c:/program files (x86)/atollic/truestudio for stm32 9.0.0/armtools/bin/../lib/gcc/arm-atollic-eabi/6.3.1/../../../../arm-atollic-eabi/lib/armv7e-m/fpu/fpv5-sp-d16\libc.a(lib_a-freer.o)
                0x08013ce4                _free_r
 .text.__retarget_lock_acquire_recursive
                0x08013e5c        0x2 c:/program files (x86)/atollic/truestudio for stm32 9.0.0/armtools/bin/../lib/gcc/arm-atollic-eabi/6.3.1/../../../../arm-atollic-eabi/lib/armv7e-m/fpu/fpv5-sp-d16\libc.a(lib_a-lock.o)
                0x08013e5c                __retarget_lock_acquire_recursive
 .text.__retarget_lock_release_recursive
                0x08013e5e        0x2 c:/program files (x86)/atollic/truestudio for stm32 9.0.0/armtools/bin/../lib/gcc/arm-atollic-eabi/6.3.1/../../../../arm-atollic-eabi/lib/armv7e-m/fpu/fpv5-sp-d16\libc.a(lib_a-lock.o)
                0x08013e5e                __retarget_lock_release_recursive
 .text._sbrk    0x08013e60       0x1c c:/program files (x86)/atollic/truestudio for stm32 9.0.0/armtools/bin/../lib/gcc/arm-atollic-eabi/6.3.1/../../../../arm-atollic-eabi/lib/armv7e-m/fpu/fpv5-sp-d16\libnosys.a(sbrk.o)
                0x08013e60                _sbrk
 *(.glue_7)
 .glue_7        0x08013e7c        0x0 linker stubs
 *(.glue_7t)
 .glue_7t       0x08013e7c        0x0 linker stubs
 *(.eh_frame)
 .eh_frame      0x08013e7c        0x0 c:/program files (x86)/atollic/truestudio for stm32 9.0.0/armtools/bin/../lib/gcc/arm-atollic-eabi/6.3.1/armv7e-m/fpu/fpv5-sp-d16/crtbegin.o
 *(.init)
 .init          0x08013e7c        0x4 c:/program files (x86)/atollic/truestudio for stm32 9.0.0/armtools/bin/../lib/gcc/arm-atollic-eabi/6.3.1/armv7e-m/fpu/fpv5-sp-d16/crti.o
                0x08013e7c                _init
 .init          0x08013e80        0x8 c:/program files (x86)/atollic/truestudio for stm32 9.0.0/armtools/bin/../lib/gcc/arm-atollic-eabi/6.3.1/armv7e-m/fpu/fpv5-sp-d16/crtn.o
 *(.fini)
 .fini          0x08013e88        0x4 c:/program files (x86)/atollic/truestudio for stm32 9.0.0/armtools/bin/../lib/gcc/arm-atollic-eabi/6.3.1/armv7e-m/fpu/fpv5-sp-d16/crti.o
                0x08013e88                _fini
 .fini          0x08013e8c        0x8 c:/program files (x86)/atollic/truestudio for stm32 9.0.0/armtools/bin/../lib/gcc/arm-atollic-eabi/6.3.1/armv7e-m/fpu/fpv5-sp-d16/crtn.o
                0x08013e94                . = ALIGN (0x4)
                0x08013e94                _etext = .

.vfp11_veneer   0x08013e94        0x0
 .vfp11_veneer  0x08013e94        0x0 linker stubs

.v4_bx          0x08013e94        0x0
 .v4_bx         0x08013e94        0x0 linker stubs

.iplt           0x08013e94        0x0
 .iplt          0x08013e94        0x0 c:/program files (x86)/atollic/truestudio for stm32 9.0.0/armtools/bin/../lib/gcc/arm-atollic-eabi/6.3.1/armv7e-m/fpu/fpv5-sp-d16/crtbegin.o

.rodata         0x08013e94     0x3c58
                0x08013e94                . = ALIGN (0x4)
 *(.rodata)
 .rodata        0x08013e94        0x4 Middlewares\ST\STM32_USB_Host_Library\Class\MSC\Src\usbh_msc.o
 .rodata        0x08013e98       0x11 Src\BSP\can.o
 *fill*         0x08013ea9        0x3 
 .rodata        0x08013eac       0x15 Src\BSP\dsihost.o
 *fill*         0x08013ec1        0x3 
 .rodata        0x08013ec4       0x11 Src\BSP\i2c.o
 *fill*         0x08013ed5        0x3 
 .rodata        0x08013ed8       0x11 Src\BSP\spi.o
 *fill*         0x08013ee9        0x3 
 .rodata        0x08013eec       0x11 Src\BSP\tim.o
 *fill*         0x08013efd        0x3 
 .rodata        0x08013f00       0x17 Src\BSP\usbh_conf.o
 *fill*         0x08013f17        0x1 
 .rodata        0x08013f18        0xb Src\Drivers\LCD.o
 *fill*         0x08013f23        0x1 
 .rodata        0x08013f24       0xce Src\Drivers\S28GL01GS.o
 *fill*         0x08013ff2        0x2 
 .rodata        0x08013ff4       0x18 Src\F769\F769_Init.o
 .rodata        0x0801400c        0x6 Src\main.o
 *(.rodata*)
 *fill*         0x08014012        0x2 
 .rodata.flagBitshiftOffset.11716
                0x08014014        0x8 Drivers\STM32F7xx_HAL_Driver\Src\stm32f7xx_hal_dma.o
 .rodata.Font12_Table
                0x0801401c      0x474 Fonts\font12.o
                0x0801401c                Font12_Table
 .rodata.Font16_Table
                0x08014490      0xbe0 Fonts\font16.o
                0x08014490                Font16_Table
 .rodata.Font20_Table
                0x08015070      0xed8 Fonts\font20.o
                0x08015070                Font20_Table
 .rodata.Font24_Table
                0x08015f48     0x1ab8 Fonts\font24.o
                0x08015f48                Font24_Table
 .rodata.image  0x08017a00       0x20 Project_Source\Interface\MaxusX_Images.o
                0x08017a00                image
 .rodata.USBH_Driver
                0x08017a20       0x14 Src\BSP\usbh_diskio.o
                0x08017a20                USBH_Driver
 .rodata.Outputs_PIN
                0x08017a34       0x3e Src\F769\F769_IO.o
                0x08017a34                Outputs_PIN
 *fill*         0x08017a72        0x2 
 .rodata.AHBPrescTable
                0x08017a74       0x10 Src\system_stm32f7xx.o
                0x08017a74                AHBPrescTable
 .rodata.APBPrescTable
                0x08017a84        0x8 Src\system_stm32f7xx.o
                0x08017a84                APBPrescTable
 .rodata.__sf_fake_stderr
                0x08017a8c       0x20 c:/program files (x86)/atollic/truestudio for stm32 9.0.0/armtools/bin/../lib/gcc/arm-atollic-eabi/6.3.1/../../../../arm-atollic-eabi/lib/armv7e-m/fpu/fpv5-sp-d16\libc.a(lib_a-findfp.o)
                0x08017a8c                __sf_fake_stderr
 .rodata.__sf_fake_stdin
                0x08017aac       0x20 c:/program files (x86)/atollic/truestudio for stm32 9.0.0/armtools/bin/../lib/gcc/arm-atollic-eabi/6.3.1/../../../../arm-atollic-eabi/lib/armv7e-m/fpu/fpv5-sp-d16\libc.a(lib_a-findfp.o)
                0x08017aac                __sf_fake_stdin
 .rodata.__sf_fake_stdout
                0x08017acc       0x20 c:/program files (x86)/atollic/truestudio for stm32 9.0.0/armtools/bin/../lib/gcc/arm-atollic-eabi/6.3.1/../../../../arm-atollic-eabi/lib/armv7e-m/fpu/fpv5-sp-d16\libc.a(lib_a-findfp.o)
                0x08017acc                __sf_fake_stdout
                0x08017aec                . = ALIGN (0x4)

.ARM.extab
 *(.ARM.extab* .gnu.linkonce.armextab.*)

.ARM            0x08017aec        0x8
                0x08017aec                __exidx_start = .
 *(.ARM.exidx*)
 .ARM.exidx     0x08017aec        0x8 c:/program files (x86)/atollic/truestudio for stm32 9.0.0/armtools/bin/../lib/gcc/arm-atollic-eabi/6.3.1/armv7e-m/fpu/fpv5-sp-d16\libgcc.a(_udivmoddi4.o)
                0x08017af4                __exidx_end = .

.rel.dyn        0x08017af4        0x0
 .rel.iplt      0x08017af4        0x0 c:/program files (x86)/atollic/truestudio for stm32 9.0.0/armtools/bin/../lib/gcc/arm-atollic-eabi/6.3.1/armv7e-m/fpu/fpv5-sp-d16/crtbegin.o

.preinit_array  0x08017af4        0x0
                0x08017af4                PROVIDE (__preinit_array_start, .)
 *(.preinit_array*)
                0x08017af4                PROVIDE (__preinit_array_end, .)

.init_array     0x08017af4        0x4
                0x08017af4                PROVIDE (__init_array_start, .)
 *(SORT(.init_array.*))
 *(.init_array*)
 .init_array    0x08017af4        0x4 c:/program files (x86)/atollic/truestudio for stm32 9.0.0/armtools/bin/../lib/gcc/arm-atollic-eabi/6.3.1/armv7e-m/fpu/fpv5-sp-d16/crtbegin.o
                0x08017af8                PROVIDE (__init_array_end, .)

.fini_array     0x08017af8        0x4
                [!provide]                PROVIDE (__fini_array_start, .)
 *(SORT(.fini_array.*))
 *(.fini_array*)
 .fini_array    0x08017af8        0x4 c:/program files (x86)/atollic/truestudio for stm32 9.0.0/armtools/bin/../lib/gcc/arm-atollic-eabi/6.3.1/armv7e-m/fpu/fpv5-sp-d16/crtbegin.o