Archive member included to satisfy reference by file (symbol)

c:/program files (x86)/atollic/truestudio for stm32 9.0.0/armtools/bin/../lib/gcc/arm-atollic-eabi/6.3.1/../../../../arm-atollic-eabi/lib/armv7e-m/fpu/fpv5-sp-d16\libc.a(lib_a-init.o)
                              startup\startup_stm32f769xx.o (__libc_init_array)
c:/program files (x86)/atollic/truestudio for stm32 9.0.0/armtools/bin/../lib/gcc/arm-atollic-eabi/6.3.1/../../../../arm-atollic-eabi/lib/armv7e-m/fpu/fpv5-sp-d16\libc.a(lib_a-malloc.o)
                              Middlewares\ST\STM32_USB_Host_Library\Class\MSC\Src\usbh_msc.o (malloc)
c:/program files (x86)/atollic/truestudio for stm32 9.0.0/armtools/bin/../lib/gcc/arm-atollic-eabi/6.3.1/../../../../arm-atollic-eabi/lib/armv7e-m/fpu/fpv5-sp-d16\libc.a(lib_a-mallocr.o)
                              c:/program files (x86)/atollic/truestudio for stm32 9.0.0/armtools/bin/../lib/gcc/arm-atollic-eabi/6.3.1/../../../../arm-atollic-eabi/lib/armv7e-m/fpu/fpv5-sp-d16\libc.a(lib_a-malloc.o) (_malloc_r)
c:/program files (x86)/atollic/truestudio for stm32 9.0.0/armtools/bin/../lib/gcc/arm-atollic-eabi/6.3.1/../../../../arm-atollic-eabi/lib/armv7e-m/fpu/fpv5-sp-d16\libc.a(lib_a-memcmp.o)
                              Middlewares\Third_Party\LwIP\src\netif\ethernet.o (memcmp)
c:/program files (x86)/atollic/truestudio for stm32 9.0.0/armtools/bin/../lib/gcc/arm-atollic-eabi/6.3.1/../../../../arm-atollic-eabi/lib/armv7e-m/fpu/fpv5-sp-d16\libc.a(lib_a-memcpy-stub.o)
                              LWIP\ethernetif.o (memcpy)
c:/program files (x86)/atollic/truestudio for stm32 9.0.0/armtools/bin/../lib/gcc/arm-atollic-eabi/6.3.1/../../../../arm-atollic-eabi/lib/armv7e-m/fpu/fpv5-sp-d16\libc.a(lib_a-memset.o)
                              Middlewares\ST\STM32_USB_Host_Library\Class\MSC\Src\usbh_msc.o (memset)
c:/program files (x86)/atollic/truestudio for stm32 9.0.0/armtools/bin/../lib/gcc/arm-atollic-eabi/6.3.1/../../../../arm-atollic-eabi/lib/armv7e-m/fpu/fpv5-sp-d16\libc.a(lib_a-mlock.o)
                              c:/program files (x86)/atollic/truestudio for stm32 9.0.0/armtools/bin/../lib/gcc/arm-atollic-eabi/6.3.1/../../../../arm-atollic-eabi/lib/armv7e-m/fpu/fpv5-sp-d16\libc.a(lib_a-mallocr.o) (__malloc_lock)
c:/program files (x86)/atollic/truestudio for stm32 9.0.0/armtools/bin/../lib/gcc/arm-atollic-eabi/6.3.1/../../../../arm-atollic-eabi/lib/armv7e-m/fpu/fpv5-sp-d16\libc.a(lib_a-printf.o)
                              LWIP\ethernetif.o (printf)
c:/program files (x86)/atollic/truestudio for stm32 9.0.0/armtools/bin/../lib/gcc/arm-atollic-eabi/6.3.1/../../../../arm-atollic-eabi/lib/armv7e-m/fpu/fpv5-sp-d16\libc.a(lib_a-sbrkr.o)
                              c:/program files (x86)/atollic/truestudio for stm32 9.0.0/armtools/bin/../lib/gcc/arm-atollic-eabi/6.3.1/../../../../arm-atollic-eabi/lib/armv7e-m/fpu/fpv5-sp-d16\libc.a(lib_a-mallocr.o) (_sbrk_r)
c:/program files (x86)/atollic/truestudio for stm32 9.0.0/armtools/bin/../lib/gcc/arm-atollic-eabi/6.3.1/../../../../arm-atollic-eabi/lib/armv7e-m/fpu/fpv5-sp-d16\libc.a(lib_a-sprintf.o)
                              LWIP\tcp_echoclient.o (sprintf)
c:/program files (x86)/atollic/truestudio for stm32 9.0.0/armtools/bin/../lib/gcc/arm-atollic-eabi/6.3.1/../../../../arm-atollic-eabi/lib/armv7e-m/fpu/fpv5-sp-d16\libc.a(lib_a-strcat.o)
                              Project_Source\USB\USB_Image.o (strcat)
c:/program files (x86)/atollic/truestudio for stm32 9.0.0/armtools/bin/../lib/gcc/arm-atollic-eabi/6.3.1/../../../../arm-atollic-eabi/lib/armv7e-m/fpu/fpv5-sp-d16\libc.a(lib_a-strchr.o)
                              Project_Source\Event_Management\App_EventManager.o (strchr)
c:/program files (x86)/atollic/truestudio for stm32 9.0.0/armtools/bin/../lib/gcc/arm-atollic-eabi/6.3.1/../../../../arm-atollic-eabi/lib/armv7e-m/fpu/fpv5-sp-d16\libc.a(lib_a-strcpy.o)
                              Src\Drivers\S28GL01GS.o (strcpy)
c:/program files (x86)/atollic/truestudio for stm32 9.0.0/armtools/bin/../lib/gcc/arm-atollic-eabi/6.3.1/../../../../arm-atollic-eabi/lib/armv7e-m/fpu/fpv5-sp-d16\libc.a(lib_a-strlen.o)
                              LWIP\tcp_echoclient.o (strlen)
c:/program files (x86)/atollic/truestudio for stm32 9.0.0/armtools/bin/../lib/gcc/arm-atollic-eabi/6.3.1/../../../../arm-atollic-eabi/lib/armv7e-m/fpu/fpv5-sp-d16\libc.a(lib_a-strncmp.o)
                              Middlewares\Third_Party\LwIP\src\core\def.o (strncmp)
c:/program files (x86)/atollic/truestudio for stm32 9.0.0/armtools/bin/../lib/gcc/arm-atollic-eabi/6.3.1/../../../../arm-atollic-eabi/lib/armv7e-m/fpu/fpv5-sp-d16\libc.a(lib_a-strncpy.o)
                              VisionShared\MasterInterface\MasterTagReader.o (strncpy)
c:/program files (x86)/atollic/truestudio for stm32 9.0.0/armtools/bin/../lib/gcc/arm-atollic-eabi/6.3.1/../../../../arm-atollic-eabi/lib/armv7e-m/fpu/fpv5-sp-d16\libc.a(lib_a-svfprintf.o)
[...]
Memory Configuration

Name             Origin             Length             Attributes
FLASH            0x08000000         0x00200000         xr
DTCMRAM          0x20000000         0x00020000         xrw
SRAM1            0x20020000         0x0005c000         xrw
SRAM2            0x2007c000         0x00004000         xrw
MEMORY_B1        0x60000000         0x00000000         xr
*default*        0x00000000         0xffffffff

Linker script and memory map

LOAD c:/program files (x86)/atollic/truestudio for stm32 9.0.0/armtools/bin/../lib/gcc/arm-atollic-eabi/6.3.1/armv7e-m/fpu/fpv5-sp-d16/crti.o
LOAD c:/program files (x86)/atollic/truestudio for stm32 9.0.0/armtools/bin/../lib/gcc/arm-atollic-eabi/6.3.1/armv7e-m/fpu/fpv5-sp-d16/crtbegin.o
LOAD Drivers\STM32F7xx_HAL_Driver\Src\stm32f7xx_hal.o
LOAD Drivers\STM32F7xx_HAL_Driver\Src\stm32f7xx_hal_adc.o
LOAD Drivers\STM32F7xx_HAL_Driver\Src\stm32f7xx_hal_adc_ex.o
LOAD Drivers\STM32F7xx_HAL_Driver\Src\stm32f7xx_hal_can.o
LOAD Drivers\STM32F7xx_HAL_Driver\Src\stm32f7xx_hal_cortex.o
LOAD Drivers\STM32F7xx_HAL_Driver\Src\stm32f7xx_hal_dma.o
LOAD Drivers\STM32F7xx_HAL_Driver\Src\stm32f7xx_hal_dma2d.o
LOAD Drivers\STM32F7xx_HAL_Driver\Src\stm32f7xx_hal_dma_ex.o
LOAD Drivers\STM32F7xx_HAL_Driver\Src\stm32f7xx_hal_dsi.o
LOAD Drivers\STM32F7xx_HAL_Driver\Src\stm32f7xx_hal_eth.o
LOAD Drivers\STM32F7xx_HAL_Driver\Src\stm32f7xx_hal_flash.o
LOAD Drivers\STM32F7xx_HAL_Driver\Src\stm32f7xx_hal_flash_ex.o
LOAD Drivers\STM32F7xx_HAL_Driver\Src\stm32f7xx_hal_gpio.o
LOAD Drivers\STM32F7xx_HAL_Driver\Src\stm32f7xx_hal_hcd.o
LOAD Drivers\STM32F7xx_HAL_Driver\Src\stm32f7xx_hal_i2c.o
LOAD Drivers\STM32F7xx_HAL_Driver\Src\stm32f7xx_hal_i2c_ex.o
LOAD Drivers\STM32F7xx_HAL_Driver\Src\stm32f7xx_hal_iwdg.o
LOAD Drivers\STM32F7xx_HAL_Driver\Src\stm32f7xx_hal_jpeg.o
LOAD Drivers\STM32F7xx_HAL_Driver\Src\stm32f7xx_hal_ltdc.o
LOAD Drivers\STM32F7xx_HAL_Driver\Src\stm32f7xx_hal_ltdc_ex.o
LOAD Drivers\STM32F7xx_HAL_Driver\Src\stm32f7xx_hal_nor.o
LOAD Drivers\STM32F7xx_HAL_Driver\Src\stm32f7xx_hal_pwr.o
LOAD Drivers\STM32F7xx_HAL_Driver\Src\stm32f7xx_hal_pwr_ex.o
LOAD Drivers\STM32F7xx_HAL_Driver\Src\stm32f7xx_hal_qspi.o
LOAD Drivers\STM32F7xx_HAL_Driver\Src\stm32f7xx_hal_rcc.o
LOAD Drivers\STM32F7xx_HAL_Driver\Src\stm32f7xx_hal_rcc_ex.o
LOAD Drivers\STM32F7xx_HAL_Driver\Src\stm32f7xx_hal_spi.o
LOAD Drivers\STM32F7xx_HAL_Driver\Src\stm32f7xx_hal_sram.o
LOAD Drivers\STM32F7xx_HAL_Driver\Src\stm32f7xx_hal_tim.o
LOAD Drivers\STM32F7xx_HAL_Driver\Src\stm32f7xx_hal_tim_ex.o
LOAD Drivers\STM32F7xx_HAL_Driver\Src\stm32f7xx_hal_uart.o
LOAD Drivers\STM32F7xx_HAL_Driver\Src\stm32f7xx_ll_fmc.o
LOAD Drivers\STM32F7xx_HAL_Driver\Src\stm32f7xx_ll_usb.o
LOAD Fonts\font12.o
LOAD Fonts\font16.o
LOAD Fonts\font20.o
LOAD Fonts\font24.o
LOAD Fonts\font8.o
LOAD LWIP\TCP.o
LOAD LWIP\app_ethernet.o
LOAD LWIP\ethernetif.o
LOAD LWIP\lwip.o
LOAD LWIP\tcp_echoclient.o
LOAD Middlewares\ST\STM32_USB_Host_Library\Class\MSC\Src\usbh_msc.o
LOAD Middlewares\ST\STM32_USB_Host_Library\Class\MSC\Src\usbh_msc_bot.o
LOAD Middlewares\ST\STM32_USB_Host_Library\Class\MSC\Src\usbh_msc_scsi.o
LOAD Middlewares\ST\STM32_USB_Host_Library\Core\Src\usbh_core.o
LOAD Middlewares\ST\STM32_USB_Host_Library\Core\Src\usbh_ctlreq.o
LOAD Middlewares\ST\STM32_USB_Host_Library\Core\Src\usbh_ioreq.o
LOAD Middlewares\ST\STM32_USB_Host_Library\Core\Src\usbh_pipes.o
LOAD Middlewares\Third_Party\FatFs\src\diskio.o
LOAD Middlewares\Third_Party\FatFs\src\ff.o
LOAD Middlewares\Third_Party\FatFs\src\ff_gen_drv.o
LOAD Middlewares\Third_Party\FatFs\src\option\ccsbcs.o
LOAD Middlewares\Third_Party\FatFs\src\option\syscall.o
LOAD Middlewares\Third_Party\LwIP\src\api\api_lib.o
LOAD Middlewares\Third_Party\LwIP\src\api\api_msg.o
LOAD Middlewares\Third_Party\LwIP\src\api\err.o
LOAD Middlewares\Third_Party\LwIP\src\api\netbuf.o
LOAD Middlewares\Third_Party\LwIP\src\api\netdb.o
LOAD Middlewares\Third_Party\LwIP\src\api\netifapi.o
LOAD Middlewares\Third_Party\LwIP\src\api\sockets.o
LOAD Middlewares\Third_Party\LwIP\src\api\tcpip.o
LOAD Middlewares\Third_Party\LwIP\src\apps\mqtt\mqtt.o
LOAD Middlewares\Third_Party\LwIP\src\core\def.o
LOAD Middlewares\Third_Party\LwIP\src\core\dns.o
LOAD Middlewares\Third_Party\LwIP\src\core\inet_chksum.o
LOAD Middlewares\Third_Party\LwIP\src\core\init.o
LOAD Middlewares\Third_Party\LwIP\src\core\ip.o
LOAD Middlewares\Third_Party\LwIP\src\core\ipv4\autoip.o
LOAD Middlewares\Third_Party\LwIP\src\core\ipv4\dhcp.o
LOAD Middlewares\Third_Party\LwIP\src\core\ipv4\etharp.o
LOAD Middlewares\Third_Party\LwIP\src\core\ipv4\icmp.o
LOAD Middlewares\Third_Party\LwIP\src\core\ipv4\igmp.o
LOAD Middlewares\Third_Party\LwIP\src\core\ipv4\ip4.o
LOAD Middlewares\Third_Party\LwIP\src\core\ipv4\ip4_addr.o
LOAD Middlewares\Third_Party\LwIP\src\core\ipv4\ip4_frag.o
LOAD Middlewares\Third_Party\LwIP\src\core\ipv6\dhcp6.o
LOAD Middlewares\Third_Party\LwIP\src\core\ipv6\ethip6.o
LOAD Middlewares\Third_Party\LwIP\src\core\ipv6\icmp6.o
LOAD Middlewares\Third_Party\LwIP\src\core\ipv6\inet6.o
LOAD Middlewares\Third_Party\LwIP\src\core\ipv6\ip6.o
LOAD Middlewares\Third_Party\LwIP\src\core\ipv6\ip6_addr.o
LOAD Middlewares\Third_Party\LwIP\src\core\ipv6\ip6_frag.o
LOAD Middlewares\Third_Party\LwIP\src\core\ipv6\mld6.o
LOAD Middlewares\Third_Party\LwIP\src\core\ipv6\nd6.o
LOAD Middlewares\Third_Party\LwIP\src\core\mem.o
LOAD Middlewares\Third_Party\LwIP\src\core\memp.o
LOAD Middlewares\Third_Party\LwIP\src\core\netif.o
LOAD Middlewares\Third_Party\LwIP\src\core\pbuf.o
LOAD Middlewares\Third_Party\LwIP\src\core\raw.o
LOAD Middlewares\Third_Party\LwIP\src\core\stats.o
LOAD Middlewares\Third_Party\LwIP\src\core\sys.o
LOAD Middlewares\Third_Party\LwIP\src\core\tcp.o
LOAD Middlewares\Third_Party\LwIP\src\core\tcp_in.o
LOAD Middlewares\Third_Party\LwIP\src\core\tcp_out.o
LOAD Middlewares\Third_Party\LwIP\src\core\timeouts.o
LOAD Middlewares\Third_Party\LwIP\src\core\udp.o
LOAD Middlewares\Third_Party\LwIP\src\netif\ethernet.o
LOAD Middlewares\Third_Party\LwIP\src\netif\lowpan6.o
LOAD Middlewares\Third_Party\LwIP\src\netif\ppp\auth.o
LOAD Middlewares\Third_Party\LwIP\src\netif\ppp\ccp.o
LOAD Middlewares\Third_Party\LwIP\src\netif\ppp\chap-md5.o
LOAD Middlewares\Third_Party\LwIP\src\netif\ppp\chap-new.o
LOAD Middlewares\Third_Party\LwIP\src\netif\ppp\chap_ms.o
LOAD Middlewares\Third_Party\LwIP\src\netif\ppp\demand.o
LOAD Middlewares\Third_Party\LwIP\src\netif\ppp\eap.o
LOAD Middlewares\Third_Party\LwIP\src\netif\ppp\ecp.o
LOAD Middlewares\Third_Party\LwIP\src\netif\ppp\eui64.o
LOAD Middlewares\Third_Party\LwIP\src\netif\ppp\fsm.o
LOAD Middlewares\Third_Party\LwIP\src\netif\ppp\ipcp.o
LOAD Middlewares\Third_Party\LwIP\src\netif\ppp\ipv6cp.o
LOAD Middlewares\Third_Party\LwIP\src\netif\ppp\lcp.o
LOAD Middlewares\Third_Party\LwIP\src\netif\ppp\magic.o
LOAD Middlewares\Third_Party\LwIP\src\netif\ppp\mppe.o
LOAD Middlewares\Third_Party\LwIP\src\netif\ppp\multilink.o
LOAD Middlewares\Third_Party\LwIP\src\netif\ppp\ppp.o
LOAD Middlewares\Third_Party\LwIP\src\netif\ppp\pppapi.o
LOAD Middlewares\Third_Party\LwIP\src\netif\ppp\pppcrypt.o
LOAD Middlewares\Third_Party\LwIP\src\netif\ppp\pppoe.o
LOAD Middlewares\Third_Party\LwIP\src\netif\ppp\pppol2tp.o
LOAD Middlewares\Third_Party\LwIP\src\netif\ppp\pppos.o
LOAD Middlewares\Third_Party\LwIP\src\netif\ppp\upap.o
LOAD Middlewares\Third_Party\LwIP\src\netif\ppp\utils.o
LOAD Middlewares\Third_Party\LwIP\src\netif\ppp\vj.o
LOAD Middlewares\Third_Party\LwIP\src\netif\slipif.o
LOAD Project_Source\App_BacklightControl.o
LOAD Project_Source\App_Debug.o
LOAD Project_Source\App_Init.o
LOAD Project_Source\App_Pins.o
LOAD Project_Source\App_Text.o
LOAD Project_Source\App_UserAck.o
LOAD Project_Source\App_VisionModules.o
LOAD Project_Source\Event_Management\App_EventManager.o
LOAD Project_Source\Event_Management\App_Railbound_Events.o
LOAD Project_Source\HUB_2XX_CAN.o
LOAD Project_Source\ICON3_Controller.o
LOAD Project_Source\Interface\MaxusX_Images.o
LOAD Project_Source\USB\USB.o
LOAD Project_Source\USB\USB_Image.o
LOAD Src\BSP\adc.o
LOAD Src\BSP\can.o
LOAD Src\BSP\dma2d.o
LOAD Src\BSP\dsihost.o
LOAD Src\BSP\fatfs.o
LOAD Src\BSP\fmc.o
LOAD Src\BSP\gpio.o
LOAD Src\BSP\i2c.o
LOAD Src\BSP\iwdg.o
LOAD Src\BSP\ltdc.o
LOAD Src\BSP\quadspi.o
LOAD Src\BSP\spi.o
LOAD Src\BSP\tim.o
LOAD Src\BSP\usart.o
LOAD Src\BSP\usb_host.o
LOAD Src\BSP\usbh_conf.o
LOAD Src\BSP\usbh_diskio.o
LOAD Src\BSP\usbh_platform.o
LOAD Src\Drivers\ADPS9309.o
LOAD Src\Drivers\LCD.o
LOAD Src\Drivers\M41T94.o
LOAD Src\Drivers\MCP23S17.o
LOAD Src\Drivers\MR25H40.o
LOAD Src\Drivers\S28GL01GS.o
LOAD Src\Drivers\SN65DSI83.o
LOAD Src\F769\F769_DMA.o
LOAD Src\F769\F769_I2C.o
LOAD Src\F769\F769_IO.o
LOAD Src\F769\F769_Init.o
LOAD Src\F769\F769_LCD.o
LOAD Src\F769\F769_QSPI.o
LOAD Src\F769\F769_SPI.o
LOAD Src\F769\F769_SRAM.o
LOAD Src\F769\F769_Timers.o
LOAD Src\F769\F769_UART.o
LOAD Src\General_Functions.o
LOAD Src\main.o
LOAD Src\stm32f7xx_hal_msp.o
LOAD Src\stm32f7xx_it.o
LOAD Src\system_stm32f7xx.o
LOAD VisionShared\Delay.o
LOAD VisionShared\LF_TX.o
LOAD VisionShared\MasterInterface\CanInterface.o
LOAD VisionShared\MasterInterface\MasterTagReader.o
LOAD VisionShared\MasterInterface\VisionMaster.o
LOAD VisionShared\MasterInterface\VisionMasterCommands.o
LOAD VisionShared\MasterInterface\VisionMaster_test.o
LOAD VisionShared\MasterInterface\VisionZoneInterface.o
LOAD VisionShared\Transponders.o
LOAD VisionShared\framing.o
LOAD VisionShared\list.o
LOAD startup\startup_stm32f769xx.o
                0x00001000                malloc_getpagesize_P = 0x1000
START GROUP
LOAD c:/program files (x86)/atollic/truestudio for stm32 9.0.0/armtools/bin/../lib/gcc/arm-atollic-eabi/6.3.1/../../../../arm-atollic-eabi/lib/armv7e-m/fpu/fpv5-sp-d16\libc.a
LOAD c:/program files (x86)/atollic/truestudio for stm32 9.0.0/armtools/bin/../lib/gcc/arm-atollic-eabi/6.3.1/../../../../arm-atollic-eabi/lib/armv7e-m/fpu/fpv5-sp-d16\libm.a
END GROUP
START GROUP
LOAD c:/program files (x86)/atollic/truestudio for stm32 9.0.0/armtools/bin/../lib/gcc/arm-atollic-eabi/6.3.1/armv7e-m/fpu/fpv5-sp-d16\libgcc.a
LOAD c:/program files (x86)/atollic/truestudio for stm32 9.0.0/armtools/bin/../lib/gcc/arm-atollic-eabi/6.3.1/../../../../arm-atollic-eabi/lib/armv7e-m/fpu/fpv5-sp-d16\libc.a
END GROUP
START GROUP
LOAD c:/program files (x86)/atollic/truestudio for stm32 9.0.0/armtools/bin/../lib/gcc/arm-atollic-eabi/6.3.1/armv7e-m/fpu/fpv5-sp-d16\libgcc.a
LOAD c:/program files (x86)/atollic/truestudio for stm32 9.0.0/armtools/bin/../lib/gcc/arm-atollic-eabi/6.3.1/../../../../arm-atollic-eabi/lib/armv7e-m/fpu/fpv5-sp-d16\libc.a
LOAD c:/program files (x86)/atollic/truestudio for stm32 9.0.0/armtools/bin/../lib/gcc/arm-atollic-eabi/6.3.1/../../../../arm-atollic-eabi/lib/armv7e-m/fpu/fpv5-sp-d16\libnosys.a
END GROUP
LOAD c:/program files (x86)/atollic/truestudio for stm32 9.0.0/armtools/bin/../lib/gcc/arm-atollic-eabi/6.3.1/armv7e-m/fpu/fpv5-sp-d16/crtend.o
LOAD c:/program files (x86)/atollic/truestudio for stm32 9.0.0/armtools/bin/../lib/gcc/arm-atollic-eabi/6.3.1/armv7e-m/fpu/fpv5-sp-d16/crtn.o
                0x20080000                _estack = 0x20080000
                0x00000000                _Min_Heap_Size = 0x0
                0x00000400                _Min_Stack_Size = 0x400

.isr_vector     0x08000000      0x1f8
                0x08000000                . = ALIGN (0x4)
 *(.isr_vector)
 .isr_vector    0x08000000      0x1f8 startup\startup_stm32f769xx.o
                0x08000000                g_pfnVectors
                0x080001f8                . = ALIGN (0x4)

.text           0x08000200    0x20a78
                0x08000200                . = ALIGN (0x4)
 *(.text)
 .text          0x08000200       0x40 c:/program files (x86)/atollic/truestudio for stm32 9.0.0/armtools/bin/../lib/gcc/arm-atollic-eabi/6.3.1/armv7e-m/fpu/fpv5-sp-d16/crtbegin.o
 .text          0x08000240       0x10 c:/program files (x86)/atollic/truestudio for stm32 9.0.0/armtools/bin/../lib/gcc/arm-atollic-eabi/6.3.1/../../../../arm-atollic-eabi/lib/armv7e-m/fpu/fpv5-sp-d16\libc.a(lib_a-strlen.o)
                0x08000240                strlen
 .text          0x08000250       0xa0 c:/program files (x86)/atollic/truestudio for stm32 9.0.0/armtools/bin/../lib/gcc/arm-atollic-eabi/6.3.1/../../../../arm-atollic-eabi/lib/armv7e-m/fpu/fpv5-sp-d16\libc.a(lib_a-memchr.o)
                0x08000250                memchr
 .text          0x080002f0      0x370 c:/program files (x86)/atollic/truestudio for stm32 9.0.0/armtools/bin/../lib/gcc/arm-atollic-eabi/6.3.1/armv7e-m/fpu/fpv5-sp-d16\libgcc.a(_arm_addsubdf3.o)
                0x080002f0                __aeabi_drsub
                0x080002f8                __aeabi_dsub
                0x080002f8                __subdf3
                0x080002fc                __aeabi_dadd
                0x080002fc                __adddf3
                0x08000574                __floatunsidf
                0x08000574                __aeabi_ui2d
                0x08000594                __floatsidf
                0x08000594                __aeabi_i2d
                0x080005b8                __aeabi_f2d
                0x080005b8                __extendsfdf2
                0x080005f4                __floatundidf
                0x080005f4                __aeabi_ul2d
                0x08000604                __floatdidf
                0x08000604                __aeabi_l2d
 .text          0x08000660      0x424 c:/program files (x86)/atollic/truestudio for stm32 9.0.0/armtools/bin/../lib/gcc/arm-atollic-eabi/6.3.1/armv7e-m/fpu/fpv5-sp-d16\libgcc.a(_arm_muldivdf3.o)
                0x08000660                __aeabi_dmul
                0x08000660                __muldf3
                0x080008b4                __divdf3
                0x080008b4                __aeabi_ddiv
 .text          0x08000a84      0x110 c:/program files (x86)/atollic/truestudio for stm32 9.0.0/armtools/bin/../lib/gcc/arm-atollic-eabi/6.3.1/armv7e-m/fpu/fpv5-sp-d16\libgcc.a(_arm_cmpdf2.o)
                0x08000a84                __gtdf2
                0x08000a84                __gedf2
                0x08000a8c                __ltdf2
                0x08000a8c                __ledf2
                0x08000a94                __nedf2
                0x08000a94                __eqdf2
                0x08000a94                __cmpdf2
                0x08000b10                __aeabi_cdrcmple
                0x08000b20                __aeabi_cdcmpeq
                0x08000b20                __aeabi_cdcmple
                0x08000b30                __aeabi_dcmpeq
                0x08000b44                __aeabi_dcmplt
                0x08000b58                __aeabi_dcmple
                0x08000b6c                __aeabi_dcmpge
                0x08000b80                __aeabi_dcmpgt
 .text          0x08000b94       0x2c c:/program files (x86)/atollic/truestudio for stm32 9.0.0/armtools/bin/../lib/gcc/arm-atollic-eabi/6.3.1/armv7e-m/fpu/fpv5-sp-d16\libgcc.a(_arm_unorddf2.o)
                0x08000b94                __unorddf2
                0x08000b94                __aeabi_dcmpun
 .text          0x08000bc0       0x50 c:/program files (x86)/atollic/truestudio for stm32 9.0.0/armtools/bin/../lib/gcc/arm-atollic-eabi/6.3.1/armv7e-m/fpu/fpv5-sp-d16\libgcc.a(_arm_fixdfsi.o)
                0x08000bc0                __aeabi_d2iz
                0x08000bc0                __fixdfsi
 .text          0x08000c10       0x30 c:/program files (x86)/atollic/truestudio for stm32 9.0.0/armtools/bin/../lib/gcc/arm-atollic-eabi/6.3.1/armv7e-m/fpu/fpv5-sp-d16\libgcc.a(_aeabi_uldivmod.o)
                0x08000c10                __aeabi_uldivmod
 .text          0x08000c40      0x2dc c:/program files (x86)/atollic/truestudio for stm32 9.0.0/armtools/bin/../lib/gcc/arm-atollic-eabi/6.3.1/armv7e-m/fpu/fpv5-sp-d16\libgcc.a(_udivmoddi4.o)
                0x08000c40                __udivmoddi4
 .text          0x08000f1c        0x4 c:/program files (x86)/atollic/truestudio for stm32 9.0.0/armtools/bin/../lib/gcc/arm-atollic-eabi/6.3.1/armv7e-m/fpu/fpv5-sp-d16\libgcc.a(_dvmd_tls.o)
                0x08000f1c                __aeabi_idiv0
                0x08000f1c                __aeabi_ldiv0
 *(.text*)
 .text.HAL_Init
                0x08000f20       0x1a Drivers\STM32F7xx_HAL_Driver\Src\stm32f7xx_hal.o
                0x08000f20                HAL_Init
 *fill*         0x08000f3a        0x2 
 .text.HAL_InitTick
                0x08000f3c       0x60 Drivers\STM32F7xx_HAL_Driver\Src\stm32f7xx_hal.o
                0x08000f3c                HAL_InitTick
 .text.HAL_IncTick
                0x08000f9c       0x28 Drivers\STM32F7xx_HAL_Driver\Src\stm32f7xx_hal.o
                0x08000f9c                HAL_IncTick
 .text.HAL_GetTick
                0x08000fc4       0x18 Drivers\STM32F7xx_HAL_Driver\Src\stm32f7xx_hal.o
                0x08000fc4                HAL_GetTick
 .text.HAL_Delay
                0x08000fdc       0x44 Drivers\STM32F7xx_HAL_Driver\Src\stm32f7xx_hal.o
                0x08000fdc                HAL_Delay
 .text.HAL_CAN_Init
                0x08001020      0x1f8 Drivers\STM32F7xx_HAL_Driver\Src\stm32f7xx_hal_can.o
                0x08001020                HAL_CAN_Init
 .text.HAL_CAN_DeInit
                0x08001218       0x46 Drivers\STM32F7xx_HAL_Driver\Src\stm32f7xx_hal_can.o
                0x08001218                HAL_CAN_DeInit
 *fill*         0x0800125e        0x2 
 .text.HAL_CAN_ConfigFilter
                0x08001260      0x1dc Drivers\STM32F7xx_HAL_Driver\Src\stm32f7xx_hal_can.o
                0x08001260                HAL_CAN_ConfigFilter
 .text.HAL_CAN_Start
                0x0800143c       0x8c Drivers\STM32F7xx_HAL_Driver\Src\stm32f7xx_hal_can.o
                0x0800143c                HAL_CAN_Start
 .text.HAL_CAN_Stop
                0x080014c8       0x96 Drivers\STM32F7xx_HAL_Driver\Src\stm32f7xx_hal_can.o
                0x080014c8                HAL_CAN_Stop
 .text.HAL_CAN_ActivateNotification
                0x0800155e       0x50 Drivers\STM32F7xx_HAL_Driver\Src\stm32f7xx_hal_can.o
                0x0800155e                HAL_CAN_ActivateNotification
 .text.HAL_CAN_IRQHandler
                0x080015ae      0x362 Drivers\STM32F7xx_HAL_Driver\Src\stm32f7xx_hal_can.o
                0x080015ae                HAL_CAN_IRQHandler
 .text.HAL_CAN_TxMailbox0CompleteCallback
                0x08001910       0x14 Drivers\STM32F7xx_HAL_Driver\Src\stm32f7xx_hal_can.o
                0x08001910                HAL_CAN_TxMailbox0CompleteCallback
 .text.HAL_CAN_TxMailbox1CompleteCallback
                0x08001924       0x14 Drivers\STM32F7xx_HAL_Driver\Src\stm32f7xx_hal_can.o
                0x08001924                HAL_CAN_TxMailbox1CompleteCallback
 .text.HAL_CAN_TxMailbox2CompleteCallback
                0x08001938       0x14 Drivers\STM32F7xx_HAL_Driver\Src\stm32f7xx_hal_can.o
                0x08001938                HAL_CAN_TxMailbox2CompleteCallback
 .text.HAL_CAN_TxMailbox0AbortCallback
                0x0800194c       0x14 Drivers\STM32F7xx_HAL_Driver\Src\stm32f7xx_hal_can.o
                0x0800194c                HAL_CAN_TxMailbox0AbortCallback
 .text.HAL_CAN_TxMailbox1AbortCallback
                0x08001960       0x14 Drivers\STM32F7xx_HAL_Driver\Src\stm32f7xx_hal_can.o
                0x08001960                HAL_CAN_TxMailbox1AbortCallback
 .text.HAL_CAN_TxMailbox2AbortCallback
                0x08001974       0x14 Drivers\STM32F7xx_HAL_Driver\Src\stm32f7xx_hal_can.o
                0x08001974                HAL_CAN_TxMailbox2AbortCallback
 .text.HAL_CAN_RxFifo0MsgPendingCallback
                0x08001988       0x14 Drivers\STM32F7xx_HAL_Driver\Src\stm32f7xx_hal_can.o
                0x08001988                HAL_CAN_RxFifo0MsgPendingCallback
 .text.HAL_CAN_RxFifo0FullCallback
                0x0800199c       0x14 Drivers\STM32F7xx_HAL_Driver\Src\stm32f7xx_hal_can.o
                0x0800199c                HAL_CAN_RxFifo0FullCallback
 .text.HAL_CAN_RxFifo1MsgPendingCallback
                0x080019b0       0x14 Drivers\STM32F7xx_HAL_Driver\Src\stm32f7xx_hal_can.o
                0x080019b0                HAL_CAN_RxFifo1MsgPendingCallback
 .text.HAL_CAN_RxFifo1FullCallback
                0x080019c4       0x14 Drivers\STM32F7xx_HAL_Driver\Src\stm32f7xx_hal_can.o
                0x080019c4                HAL_CAN_RxFifo1FullCallback
 .text.HAL_CAN_SleepCallback
                0x080019d8       0x14 Drivers\STM32F7xx_HAL_Driver\Src\stm32f7xx_hal_can.o
                0x080019d8                HAL_CAN_SleepCallback
 .text.HAL_CAN_WakeUpFromRxMsgCallback
                0x080019ec       0x14 Drivers\STM32F7xx_HAL_Driver\Src\stm32f7xx_hal_can.o
                0x080019ec                HAL_CAN_WakeUpFromRxMsgCallback
 .text.HAL_CAN_ErrorCallback
                0x08001a00       0x14 Drivers\STM32F7xx_HAL_Driver\Src\stm32f7xx_hal_can.o
                0x08001a00                HAL_CAN_ErrorCallback
 .text.NVIC_SetPriorityGrouping
                0x08001a14       0x48 Drivers\STM32F7xx_HAL_Driver\Src\stm32f7xx_hal_cortex.o
 .text.NVIC_GetPriorityGrouping
                0x08001a5c       0x1c Drivers\STM32F7xx_HAL_Driver\Src\stm32f7xx_hal_cortex.o
 .text.NVIC_EnableIRQ
                0x08001a78       0x34 Drivers\STM32F7xx_HAL_Driver\Src\stm32f7xx_hal_cortex.o
 .text.NVIC_DisableIRQ
                0x08001aac       0x34 Drivers\STM32F7xx_HAL_Driver\Src\stm32f7xx_hal_cortex.o
 .text.NVIC_ClearPendingIRQ
                0x08001ae0       0x34 Drivers\STM32F7xx_HAL_Driver\Src\stm32f7xx_hal_cortex.o
 .text.NVIC_SetPriority
                0x08001b14       0x54 Drivers\STM32F7xx_HAL_Driver\Src\stm32f7xx_hal_cortex.o
 .text.NVIC_EncodePriority
                0x08001b68       0x62 Drivers\STM32F7xx_HAL_Driver\Src\stm32f7xx_hal_cortex.o
 *fill*         0x08001bca        0x2 
 .text.SysTick_Config
                0x08001bcc       0x44 Drivers\STM32F7xx_HAL_Driver\Src\stm32f7xx_hal_cortex.o
 .text.HAL_NVIC_SetPriorityGrouping
                0x08001c10       0x16 Drivers\STM32F7xx_HAL_Driver\Src\stm32f7xx_hal_cortex.o
                0x08001c10                HAL_NVIC_SetPriorityGrouping
 .text.HAL_NVIC_SetPriority
                0x08001c26       0x38 Drivers\STM32F7xx_HAL_Driver\Src\stm32f7xx_hal_cortex.o
                0x08001c26                HAL_NVIC_SetPriority
 .text.HAL_NVIC_EnableIRQ
                0x08001c5e       0x1c Drivers\STM32F7xx_HAL_Driver\Src\stm32f7xx_hal_cortex.o
                0x08001c5e                HAL_NVIC_EnableIRQ
 .text.HAL_NVIC_DisableIRQ
                0x08001c7a       0x1c Drivers\STM32F7xx_HAL_Driver\Src\stm32f7xx_hal_cortex.o
                0x08001c7a                HAL_NVIC_DisableIRQ
 .text.HAL_SYSTICK_Config
                0x08001c96       0x18 Drivers\STM32F7xx_HAL_Driver\Src\stm32f7xx_hal_cortex.o
                0x08001c96                HAL_SYSTICK_Config
 .text.HAL_NVIC_ClearPendingIRQ
                0x08001cae       0x1c Drivers\STM32F7xx_HAL_Driver\Src\stm32f7xx_hal_cortex.o
                0x08001cae                HAL_NVIC_ClearPendingIRQ
 *fill*         0x08001cca        0x2 
 .text.HAL_SYSTICK_CLKSourceConfig
                0x08001ccc       0x38 Drivers\STM32F7xx_HAL_Driver\Src\stm32f7xx_hal_cortex.o
                0x08001ccc                HAL_SYSTICK_CLKSourceConfig
 .text.HAL_SYSTICK_IRQHandler
                0x08001d04        0xc Drivers\STM32F7xx_HAL_Driver\Src\stm32f7xx_hal_cortex.o
                0x08001d04                HAL_SYSTICK_IRQHandler
 .text.HAL_SYSTICK_Callback
                0x08001d10        0xe Drivers\STM32F7xx_HAL_Driver\Src\stm32f7xx_hal_cortex.o
                0x08001d10                HAL_SYSTICK_Callback
 *fill*         0x08001d1e        0x2 
 .text.HAL_DMA_Init
                0x08001d20      0x15c Drivers\STM32F7xx_HAL_Driver\Src\stm32f7xx_hal_dma.o
                0x08001d20                HAL_DMA_Init
 .text.HAL_DMA_DeInit
                0x08001e7c       0xbc Drivers\STM32F7xx_HAL_Driver\Src\stm32f7xx_hal_dma.o
                0x08001e7c                HAL_DMA_DeInit
 .text.HAL_DMA_Start_IT
                0x08001f38       0xc0 Drivers\STM32F7xx_HAL_Driver\Src\stm32f7xx_hal_dma.o
                0x08001f38                HAL_DMA_Start_IT
 .text.HAL_DMA_Abort
                0x08001ff8       0xe0 Drivers\STM32F7xx_HAL_Driver\Src\stm32f7xx_hal_dma.o
                0x08001ff8                HAL_DMA_Abort
 .text.HAL_DMA_Abort_IT
                0x080020d8       0x44 Drivers\STM32F7xx_HAL_Driver\Src\stm32f7xx_hal_dma.o
                0x080020d8                HAL_DMA_Abort_IT
 .text.HAL_DMA_IRQHandler
                0x0800211c      0x314 Drivers\STM32F7xx_HAL_Driver\Src\stm32f7xx_hal_dma.o
                0x0800211c                HAL_DMA_IRQHandler
 .text.DMA_SetConfig
                0x08002430       0x5c Drivers\STM32F7xx_HAL_Driver\Src\stm32f7xx_hal_dma.o
 .text.DMA_CalcBaseAndBitshift
                0x0800248c       0x6c Drivers\STM32F7xx_HAL_Driver\Src\stm32f7xx_hal_dma.o
 .text.DMA_CheckFifoParam
                0x080024f8       0xf4 Drivers\STM32F7xx_HAL_Driver\Src\stm32f7xx_hal_dma.o
 .text.HAL_DMA2D_Init
                0x080025ec       0xc4 Drivers\STM32F7xx_HAL_Driver\Src\stm32f7xx_hal_dma2d.o
                0x080025ec                HAL_DMA2D_Init
 .text.HAL_DMA2D_Start
                0x080026b0       0x56 Drivers\STM32F7xx_HAL_Driver\Src\stm32f7xx_hal_dma2d.o
                0x080026b0                HAL_DMA2D_Start
 .text.HAL_DMA2D_PollForTransfer
                0x08002706      0x1d0 Drivers\STM32F7xx_HAL_Driver\Src\stm32f7xx_hal_dma2d.o
                0x08002706                HAL_DMA2D_PollForTransfer
 *fill*         0x080028d6        0x2 
 .text.HAL_DMA2D_ConfigLayer
                0x080028d8      0x158 Drivers\STM32F7xx_HAL_Driver\Src\stm32f7xx_hal_dma2d.o
                0x080028d8                HAL_DMA2D_ConfigLayer
 .text.DMA2D_SetConfig
                0x08002a30      0x14c Drivers\STM32F7xx_HAL_Driver\Src\stm32f7xx_hal_dma2d.o
 .text.HAL_DSI_Init
                0x08002b7c      0x214 Drivers\STM32F7xx_HAL_Driver\Src\stm32f7xx_hal_dsi.o
                0x08002b7c                HAL_DSI_Init
 .text.HAL_DSI_ConfigVideoMode
                0x08002d90      0x400 Drivers\STM32F7xx_HAL_Driver\Src\stm32f7xx_hal_dsi.o
                0x08002d90                HAL_DSI_ConfigVideoMode
 .text.HAL_DSI_ConfigPhyTimer
                0x08003190       0xd4 Drivers\STM32F7xx_HAL_Driver\Src\stm32f7xx_hal_dsi.o
                0x08003190                HAL_DSI_ConfigPhyTimer
 .text.HAL_DSI_Start
                0x08003264       0x52 Drivers\STM32F7xx_HAL_Driver\Src\stm32f7xx_hal_dsi.o
                0x08003264                HAL_DSI_Start
 *fill*         0x080032b6        0x2 
 .text.HAL_GPIO_Init
                0x080032b8      0x354 Drivers\STM32F7xx_HAL_Driver\Src\stm32f7xx_hal_gpio.o
                0x080032b8                HAL_GPIO_Init
 .text.HAL_GPIO_DeInit
                0x0800360c      0x218 Drivers\STM32F7xx_HAL_Driver\Src\stm32f7xx_hal_gpio.o
                0x0800360c                HAL_GPIO_DeInit
 .text.HAL_GPIO_ReadPin
                0x08003824       0x30 Drivers\STM32F7xx_HAL_Driver\Src\stm32f7xx_hal_gpio.o
                0x08003824                HAL_GPIO_ReadPin
 .text.HAL_GPIO_WritePin
                0x08003854       0x32 Drivers\STM32F7xx_HAL_Driver\Src\stm32f7xx_hal_gpio.o
                0x08003854                HAL_GPIO_WritePin
 .text.HAL_HCD_Init
                0x08003886       0xac Drivers\STM32F7xx_HAL_Driver\Src\stm32f7xx_hal_hcd.o
                0x08003886                HAL_HCD_Init
 .text.HAL_HCD_HC_Init
                0x08003932      0x130 Drivers\STM32F7xx_HAL_Driver\Src\stm32f7xx_hal_hcd.o
                0x08003932                HAL_HCD_HC_Init
 .text.HAL_HCD_HC_Halt
                0x08003a62       0x46 Drivers\STM32F7xx_HAL_Driver\Src\stm32f7xx_hal_hcd.o
                0x08003a62                HAL_HCD_HC_Halt
 .text.HAL_HCD_HC_SubmitRequest
                0x08003aa8      0x2d0 Drivers\STM32F7xx_HAL_Driver\Src\stm32f7xx_hal_hcd.o
                0x08003aa8                HAL_HCD_HC_SubmitRequest
 .text.HAL_HCD_IRQHandler
                0x08003d78      0x20e Drivers\STM32F7xx_HAL_Driver\Src\stm32f7xx_hal_hcd.o
                0x08003d78                HAL_HCD_IRQHandler
 .text.HAL_HCD_Start
                0x08003f86       0x46 Drivers\STM32F7xx_HAL_Driver\Src\stm32f7xx_hal_hcd.o
                0x08003f86                HAL_HCD_Start
 .text.HAL_HCD_Stop
                0x08003fcc       0x3a Drivers\STM32F7xx_HAL_Driver\Src\stm32f7xx_hal_hcd.o
                0x08003fcc                HAL_HCD_Stop
 .text.HAL_HCD_ResetPort
                0x08004006       0x1c Drivers\STM32F7xx_HAL_Driver\Src\stm32f7xx_hal_hcd.o
                0x08004006                HAL_HCD_ResetPort
 .text.HAL_HCD_HC_GetURBState
                0x08004022       0x2a Drivers\STM32F7xx_HAL_Driver\Src\stm32f7xx_hal_hcd.o
                0x08004022                HAL_HCD_HC_GetURBState
 .text.HAL_HCD_HC_GetXferCount
                0x0800404c       0x2a Drivers\STM32F7xx_HAL_Driver\Src\stm32f7xx_hal_hcd.o
                0x0800404c                HAL_HCD_HC_GetXferCount
 .text.HAL_HCD_GetCurrentFrame
                0x08004076       0x1c Drivers\STM32F7xx_HAL_Driver\Src\stm32f7xx_hal_hcd.o
                0x08004076                HAL_HCD_GetCurrentFrame
 .text.HAL_HCD_GetCurrentSpeed
                0x08004092       0x1c Drivers\STM32F7xx_HAL_Driver\Src\stm32f7xx_hal_hcd.o
                0x08004092                HAL_HCD_GetCurrentSpeed
 .text.HCD_HC_IN_IRQHandler
                0x080040ae      0x742 Drivers\STM32F7xx_HAL_Driver\Src\stm32f7xx_hal_hcd.o
 .text.HCD_HC_OUT_IRQHandler
                0x080047f0      0x6e8 Drivers\STM32F7xx_HAL_Driver\Src\stm32f7xx_hal_hcd.o
 .text.HCD_RXQLVL_IRQHandler
                0x08004ed8      0x158 Drivers\STM32F7xx_HAL_Driver\Src\stm32f7xx_hal_hcd.o
 .text.HCD_Port_IRQHandler
                0x08005030      0x122 Drivers\STM32F7xx_HAL_Driver\Src\stm32f7xx_hal_hcd.o
 *fill*         0x08005152        0x2 
 .text.HAL_I2C_Init
                0x08005154      0x11c Drivers\STM32F7xx_HAL_Driver\Src\stm32f7xx_hal_i2c.o
                0x08005154                HAL_I2C_Init
 .text.HAL_I2C_Mem_Write
                0x08005270      0x24c Drivers\STM32F7xx_HAL_Driver\Src\stm32f7xx_hal_i2c.o
                0x08005270                HAL_I2C_Mem_Write
 .text.HAL_I2C_Mem_Read
                0x080054bc      0x24c Drivers\STM32F7xx_HAL_Driver\Src\stm32f7xx_hal_i2c.o
                0x080054bc                HAL_I2C_Mem_Read
 .text.HAL_I2C_IsDeviceReady
                0x08005708      0x1bc Drivers\STM32F7xx_HAL_Driver\Src\stm32f7xx_hal_i2c.o
                0x08005708                HAL_I2C_IsDeviceReady
 .text.I2C_RequestMemoryWrite
                0x080058c4       0xc0 Drivers\STM32F7xx_HAL_Driver\Src\stm32f7xx_hal_i2c.o
 .text.I2C_RequestMemoryRead
                0x08005984       0xc0 Drivers\STM32F7xx_HAL_Driver\Src\stm32f7xx_hal_i2c.o
 .text.I2C_Flush_TXDR
                0x08005a44       0x48 Drivers\STM32F7xx_HAL_Driver\Src\stm32f7xx_hal_i2c.o
 .text.I2C_WaitOnFlagUntilTimeout
                0x08005a8c       0x74 Drivers\STM32F7xx_HAL_Driver\Src\stm32f7xx_hal_i2c.o
 .text.I2C_WaitOnTXISFlagUntilTimeout
                0x08005b00       0x80 Drivers\STM32F7xx_HAL_Driver\Src\stm32f7xx_hal_i2c.o
 .text.I2C_WaitOnSTOPFlagUntilTimeout
                0x08005b80       0x78 Drivers\STM32F7xx_HAL_Driver\Src\stm32f7xx_hal_i2c.o
 .text.I2C_IsAcknowledgeFailed
                0x08005bf8       0xbc Drivers\STM32F7xx_HAL_Driver\Src\stm32f7xx_hal_i2c.o
 .text.I2C_TransferConfig
                0x08005cb4       0x58 Drivers\STM32F7xx_HAL_Driver\Src\stm32f7xx_hal_i2c.o
 .text.HAL_I2CEx_ConfigAnalogFilter
                0x08005d0c       0x96 Drivers\STM32F7xx_HAL_Driver\Src\stm32f7xx_hal_i2c_ex.o
                0x08005d0c                HAL_I2CEx_ConfigAnalogFilter
 .text.HAL_I2CEx_ConfigDigitalFilter
                0x08005da2       0x9c Drivers\STM32F7xx_HAL_Driver\Src\stm32f7xx_hal_i2c_ex.o
                0x08005da2                HAL_I2CEx_ConfigDigitalFilter
 *fill*         0x08005e3e        0x2 
 .text.HAL_LTDC_Init
                0x08005e40      0x1b8 Drivers\STM32F7xx_HAL_Driver\Src\stm32f7xx_hal_ltdc.o
                0x08005e40                HAL_LTDC_Init
 .text.HAL_LTDC_IRQHandler
                0x08005ff8      0x158 Drivers\STM32F7xx_HAL_Driver\Src\stm32f7xx_hal_ltdc.o
                0x08005ff8                HAL_LTDC_IRQHandler
 .text.HAL_LTDC_ErrorCallback
                0x08006150       0x14 Drivers\STM32F7xx_HAL_Driver\Src\stm32f7xx_hal_ltdc.o
                0x08006150                HAL_LTDC_ErrorCallback
 .text.HAL_LTDC_LineEventCallback
                0x08006164       0x14 Drivers\STM32F7xx_HAL_Driver\Src\stm32f7xx_hal_ltdc.o
                0x08006164                HAL_LTDC_LineEventCallback
 .text.HAL_LTDC_ReloadEventCallback
                0x08006178       0x14 Drivers\STM32F7xx_HAL_Driver\Src\stm32f7xx_hal_ltdc.o
                0x08006178                HAL_LTDC_ReloadEventCallback
 .text.HAL_LTDC_ConfigLayer
                0x0800618c       0x7c Drivers\STM32F7xx_HAL_Driver\Src\stm32f7xx_hal_ltdc.o
                0x0800618c                HAL_LTDC_ConfigLayer
 .text.LTDC_SetConfig
                0x08006208      0x350 Drivers\STM32F7xx_HAL_Driver\Src\stm32f7xx_hal_ltdc.o
 .text.HAL_LTDCEx_StructInitFromVideoConfig
                0x08006558       0xa0 Drivers\STM32F7xx_HAL_Driver\Src\stm32f7xx_hal_ltdc_ex.o
                0x08006558                HAL_LTDCEx_StructInitFromVideoConfig
 .text.HAL_NOR_Init
                0x080065f8       0xac Drivers\STM32F7xx_HAL_Driver\Src\stm32f7xx_hal_nor.o
                0x080065f8                HAL_NOR_Init
 .text.HAL_NOR_DeInit
                0x080066a4       0x3a Drivers\STM32F7xx_HAL_Driver\Src\stm32f7xx_hal_nor.o
                0x080066a4                HAL_NOR_DeInit
 *fill*         0x080066de        0x2 
 .text.HAL_NOR_Read_ID
                0x080066e0      0x148 Drivers\STM32F7xx_HAL_Driver\Src\stm32f7xx_hal_nor.o
                0x080066e0                HAL_NOR_Read_ID
 .text.HAL_NOR_ReturnToReadMode
                0x08006828       0x90 Drivers\STM32F7xx_HAL_Driver\Src\stm32f7xx_hal_nor.o
                0x08006828                HAL_NOR_ReturnToReadMode
 .text.HAL_NOR_Erase_Block
                0x080068b8      0x13c Drivers\STM32F7xx_HAL_Driver\Src\stm32f7xx_hal_nor.o
                0x080068b8                HAL_NOR_Erase_Block
 .text.HAL_NOR_GetStatus
                0x080069f4       0xc0 Drivers\STM32F7xx_HAL_Driver\Src\stm32f7xx_hal_nor.o
                0x080069f4                HAL_NOR_GetStatus
 .text.HAL_QSPI_Init
                0x08006ab4      0x114 Drivers\STM32F7xx_HAL_Driver\Src\stm32f7xx_hal_qspi.o
                0x08006ab4                HAL_QSPI_Init
 .text.HAL_QSPI_DeInit
                0x08006bc8       0x60 Drivers\STM32F7xx_HAL_Driver\Src\stm32f7xx_hal_qspi.o
                0x08006bc8                HAL_QSPI_DeInit
 .text.HAL_QSPI_Command
                0x08006c28       0xc0 Drivers\STM32F7xx_HAL_Driver\Src\stm32f7xx_hal_qspi.o
                0x08006c28                HAL_QSPI_Command
 .text.HAL_QSPI_Transmit
                0x08006ce8      0x120 Drivers\STM32F7xx_HAL_Driver\Src\stm32f7xx_hal_qspi.o
                0x08006ce8                HAL_QSPI_Transmit
 .text.HAL_QSPI_Receive
                0x08006e08      0x136 Drivers\STM32F7xx_HAL_Driver\Src\stm32f7xx_hal_qspi.o
                0x08006e08                HAL_QSPI_Receive
 .text.HAL_QSPI_AutoPolling
                0x08006f3e       0xf2 Drivers\STM32F7xx_HAL_Driver\Src\stm32f7xx_hal_qspi.o
                0x08006f3e                HAL_QSPI_AutoPolling
 .text.HAL_QSPI_SetTimeout
                0x08007030       0x1c Drivers\STM32F7xx_HAL_Driver\Src\stm32f7xx_hal_qspi.o
                0x08007030                HAL_QSPI_SetTimeout
 .text.QSPI_WaitFlagStateUntilTimeout
                0x0800704c       0x6e Drivers\STM32F7xx_HAL_Driver\Src\stm32f7xx_hal_qspi.o
 .text.QSPI_Config
                0x080070ba      0x2fc Drivers\STM32F7xx_HAL_Driver\Src\stm32f7xx_hal_qspi.o
 *fill*         0x080073b6        0x2 
 .text.HAL_RCC_OscConfig
                0x080073b8      0x4e4 Drivers\STM32F7xx_HAL_Driver\Src\stm32f7xx_hal_rcc.o
                0x080073b8                HAL_RCC_OscConfig
 .text.HAL_RCC_ClockConfig
                0x0800789c      0x1d0 Drivers\STM32F7xx_HAL_Driver\Src\stm32f7xx_hal_rcc.o
                0x0800789c                HAL_RCC_ClockConfig
 .text.HAL_RCC_GetSysClockFreq
                0x08007a6c      0x16c Drivers\STM32F7xx_HAL_Driver\Src\stm32f7xx_hal_rcc.o
                0x08007a6c                HAL_RCC_GetSysClockFreq
 .text.HAL_RCC_GetHCLKFreq
                0x08007bd8       0x18 Drivers\STM32F7xx_HAL_Driver\Src\stm32f7xx_hal_rcc.o
                0x08007bd8                HAL_RCC_GetHCLKFreq
 .text.HAL_RCC_GetPCLK1Freq
                0x08007bf0       0x28 Drivers\STM32F7xx_HAL_Driver\Src\stm32f7xx_hal_rcc.o
                0x08007bf0                HAL_RCC_GetPCLK1Freq
 .text.HAL_RCC_GetPCLK2Freq
                0x08007c18       0x28 Drivers\STM32F7xx_HAL_Driver\Src\stm32f7xx_hal_rcc.o
                0x08007c18                HAL_RCC_GetPCLK2Freq
 .text.HAL_RCCEx_PeriphCLKConfig
                0x08007c40      0x84c Drivers\STM32F7xx_HAL_Driver\Src\stm32f7xx_hal_rcc_ex.o
                0x08007c40                HAL_RCCEx_PeriphCLKConfig
 .text.HAL_SPI_Init
                0x0800848c      0x120 Drivers\STM32F7xx_HAL_Driver\Src\stm32f7xx_hal_spi.o
                0x0800848c                HAL_SPI_Init
 .text.HAL_SPI_Transmit
                0x080085ac      0x21e Drivers\STM32F7xx_HAL_Driver\Src\stm32f7xx_hal_spi.o
                0x080085ac                HAL_SPI_Transmit
 .text.HAL_SPI_Receive
                0x080087ca      0x242 Drivers\STM32F7xx_HAL_Driver\Src\stm32f7xx_hal_spi.o
                0x080087ca                HAL_SPI_Receive
 .text.HAL_SPI_TransmitReceive
                0x08008a0c      0x3d4 Drivers\STM32F7xx_HAL_Driver\Src\stm32f7xx_hal_spi.o
                0x08008a0c                HAL_SPI_TransmitReceive
 .text.SPI_WaitFlagStateUntilTimeout
                0x08008de0       0xc6 Drivers\STM32F7xx_HAL_Driver\Src\stm32f7xx_hal_spi.o
 .text.SPI_WaitFifoStateUntilTimeout
                0x08008ea6       0xe2 Drivers\STM32F7xx_HAL_Driver\Src\stm32f7xx_hal_spi.o
 .text.SPI_EndRxTransaction
                0x08008f88       0xb0 Drivers\STM32F7xx_HAL_Driver\Src\stm32f7xx_hal_spi.o
 .text.SPI_EndRxTxTransaction
                0x08009038       0x8c Drivers\STM32F7xx_HAL_Driver\Src\stm32f7xx_hal_spi.o
 .text.HAL_SRAM_Init
                0x080090c4       0x88 Drivers\STM32F7xx_HAL_Driver\Src\stm32f7xx_hal_sram.o
                0x080090c4                HAL_SRAM_Init
 .text.HAL_SRAM_DeInit
                0x0800914c       0x3a Drivers\STM32F7xx_HAL_Driver\Src\stm32f7xx_hal_sram.o
                0x0800914c                HAL_SRAM_DeInit
 .text.HAL_TIM_Base_Init
                0x08009186       0x56 Drivers\STM32F7xx_HAL_Driver\Src\stm32f7xx_hal_tim.o
                0x08009186                HAL_TIM_Base_Init
 .text.HAL_TIM_Base_Start_IT
                0x080091dc       0x36 Drivers\STM32F7xx_HAL_Driver\Src\stm32f7xx_hal_tim.o
                0x080091dc                HAL_TIM_Base_Start_IT
 .text.HAL_TIM_Base_Stop_IT
                0x08009212       0x56 Drivers\STM32F7xx_HAL_Driver\Src\stm32f7xx_hal_tim.o
                0x08009212                HAL_TIM_Base_Stop_IT
 .text.HAL_TIM_PWM_Init
                0x08009268       0x56 Drivers\STM32F7xx_HAL_Driver\Src\stm32f7xx_hal_tim.o
                0x08009268                HAL_TIM_PWM_Init
 *fill*         0x080092be        0x2 
 .text.HAL_TIM_PWM_Start
                0x080092c0       0x68 Drivers\STM32F7xx_HAL_Driver\Src\stm32f7xx_hal_tim.o
                0x080092c0                HAL_TIM_PWM_Start
 .text.HAL_TIM_IRQHandler
                0x08009328      0x23e Drivers\STM32F7xx_HAL_Driver\Src\stm32f7xx_hal_tim.o
                0x08009328                HAL_TIM_IRQHandler
 *fill*         0x08009566        0x2 
 .text.HAL_TIM_ConfigClockSource
                0x08009568      0x1c0 Drivers\STM32F7xx_HAL_Driver\Src\stm32f7xx_hal_tim.o
                0x08009568                HAL_TIM_ConfigClockSource
 .text.HAL_TIM_PeriodElapsedCallback
                0x08009728       0x14 Drivers\STM32F7xx_HAL_Driver\Src\stm32f7xx_hal_tim.o
                0x08009728                HAL_TIM_PeriodElapsedCallback
 .text.HAL_TIM_OC_DelayElapsedCallback
                0x0800973c       0x14 Drivers\STM32F7xx_HAL_Driver\Src\stm32f7xx_hal_tim.o
                0x0800973c                HAL_TIM_OC_DelayElapsedCallback
 .text.HAL_TIM_IC_CaptureCallback
                0x08009750       0x14 Drivers\STM32F7xx_HAL_Driver\Src\stm32f7xx_hal_tim.o
                0x08009750                HAL_TIM_IC_CaptureCallback
 .text.HAL_TIM_PWM_PulseFinishedCallback
                0x08009764       0x14 Drivers\STM32F7xx_HAL_Driver\Src\stm32f7xx_hal_tim.o
                0x08009764                HAL_TIM_PWM_PulseFinishedCallback
 .text.HAL_TIM_TriggerCallback
                0x08009778       0x14 Drivers\STM32F7xx_HAL_Driver\Src\stm32f7xx_hal_tim.o
                0x08009778                HAL_TIM_TriggerCallback
 .text.TIM_Base_SetConfig
                0x0800978c      0x160 Drivers\STM32F7xx_HAL_Driver\Src\stm32f7xx_hal_tim.o
                0x0800978c                TIM_Base_SetConfig
 .text.TIM_OC1_SetConfig
                0x080098ec       0xec Drivers\STM32F7xx_HAL_Driver\Src\stm32f7xx_hal_tim.o
                0x080098ec                TIM_OC1_SetConfig
 .text.TIM_OC2_SetConfig
                0x080099d8       0xf4 Drivers\STM32F7xx_HAL_Driver\Src\stm32f7xx_hal_tim.o
                0x080099d8                TIM_OC2_SetConfig
 .text.TIM_OC3_SetConfig
                0x08009acc       0xf4 Drivers\STM32F7xx_HAL_Driver\Src\stm32f7xx_hal_tim.o
                0x08009acc                TIM_OC3_SetConfig
 .text.TIM_OC4_SetConfig
                0x08009bc0       0xc4 Drivers\STM32F7xx_HAL_Driver\Src\stm32f7xx_hal_tim.o
                0x08009bc0                TIM_OC4_SetConfig
 .text.TIM_TI1_ConfigInputStage
                0x08009c84       0x66 Drivers\STM32F7xx_HAL_Driver\Src\stm32f7xx_hal_tim.o
 .text.TIM_TI2_ConfigInputStage
                0x08009cea       0x68 Drivers\STM32F7xx_HAL_Driver\Src\stm32f7xx_hal_tim.o
 .text.TIM_ITRx_SetConfig
                0x08009d52       0x40 Drivers\STM32F7xx_HAL_Driver\Src\stm32f7xx_hal_tim.o
 .text.TIM_ETR_SetConfig
                0x08009d92       0x44 Drivers\STM32F7xx_HAL_Driver\Src\stm32f7xx_hal_tim.o
                0x08009d92                TIM_ETR_SetConfig
 .text.TIM_CCxChannelCmd
                0x08009dd6       0x46 Drivers\STM32F7xx_HAL_Driver\Src\stm32f7xx_hal_tim.o
                0x08009dd6                TIM_CCxChannelCmd
 .text.HAL_TIMEx_MasterConfigSynchronization
                0x08009e1c       0xa8 Drivers\STM32F7xx_HAL_Driver\Src\stm32f7xx_hal_tim_ex.o
                0x08009e1c                HAL_TIMEx_MasterConfigSynchronization
 .text.HAL_TIMEx_CommutationCallback
                0x08009ec4       0x14 Drivers\STM32F7xx_HAL_Driver\Src\stm32f7xx_hal_tim_ex.o
                0x08009ec4                HAL_TIMEx_CommutationCallback
 .text.HAL_TIMEx_BreakCallback
                0x08009ed8       0x14 Drivers\STM32F7xx_HAL_Driver\Src\stm32f7xx_hal_tim_ex.o
                0x08009ed8                HAL_TIMEx_BreakCallback
 .text.HAL_TIM_PWM_ConfigChannel
                0x08009eec      0x230 Drivers\STM32F7xx_HAL_Driver\Src\stm32f7xx_hal_tim_ex.o
                0x08009eec                HAL_TIM_PWM_ConfigChannel
 .text.TIM_OC5_SetConfig
                0x0800a11c       0xb0 Drivers\STM32F7xx_HAL_Driver\Src\stm32f7xx_hal_tim_ex.o
 .text.TIM_OC6_SetConfig
                0x0800a1cc       0xb4 Drivers\STM32F7xx_HAL_Driver\Src\stm32f7xx_hal_tim_ex.o
 .text.HAL_UART_Init
                0x0800a280       0xa2 Drivers\STM32F7xx_HAL_Driver\Src\stm32f7xx_hal_uart.o
                0x0800a280                HAL_UART_Init
 .text.HAL_UART_DeInit
                0x0800a322       0x70 Drivers\STM32F7xx_HAL_Driver\Src\stm32f7xx_hal_uart.o
                0x0800a322                HAL_UART_DeInit
 *fill*         0x0800a392        0x2 
 .text.HAL_UART_Transmit_DMA
                0x0800a394       0xdc Drivers\STM32F7xx_HAL_Driver\Src\stm32f7xx_hal_uart.o
                0x0800a394                HAL_UART_Transmit_DMA
 .text.HAL_UART_Receive_DMA
                0x0800a470       0xec Drivers\STM32F7xx_HAL_Driver\Src\stm32f7xx_hal_uart.o
                0x0800a470                HAL_UART_Receive_DMA
 .text.HAL_UART_DMAStop
                0x0800a55c       0x96 Drivers\STM32F7xx_HAL_Driver\Src\stm32f7xx_hal_uart.o
                0x0800a55c                HAL_UART_DMAStop
 *fill*         0x0800a5f2        0x2 
 .text.HAL_UART_IRQHandler
                0x0800a5f4      0x20c Drivers\STM32F7xx_HAL_Driver\Src\stm32f7xx_hal_uart.o
                0x0800a5f4                HAL_UART_IRQHandler
 .text.UART_WaitOnFlagUntilTimeout
                0x0800a800       0x94 Drivers\STM32F7xx_HAL_Driver\Src\stm32f7xx_hal_uart.o
                0x0800a800                UART_WaitOnFlagUntilTimeout
 .text.UART_DMATransmitCplt
                0x0800a894       0x54 Drivers\STM32F7xx_HAL_Driver\Src\stm32f7xx_hal_uart.o
 .text.UART_DMATxHalfCplt
                0x0800a8e8       0x1c Drivers\STM32F7xx_HAL_Driver\Src\stm32f7xx_hal_uart.o
 .text.UART_DMAReceiveCplt
                0x0800a904       0x6a Drivers\STM32F7xx_HAL_Driver\Src\stm32f7xx_hal_uart.o
 .text.UART_DMARxHalfCplt
                0x0800a96e       0x1c Drivers\STM32F7xx_HAL_Driver\Src\stm32f7xx_hal_uart.o
 .text.UART_DMAError
                0x0800a98a       0x78 Drivers\STM32F7xx_HAL_Driver\Src\stm32f7xx_hal_uart.o
 .text.UART_DMAAbortOnError
                0x0800aa02       0x2c Drivers\STM32F7xx_HAL_Driver\Src\stm32f7xx_hal_uart.o
 .text.HAL_UART_TxCpltCallback
                0x0800aa2e       0x14 Drivers\STM32F7xx_HAL_Driver\Src\stm32f7xx_hal_uart.o
                0x0800aa2e                HAL_UART_TxCpltCallback
 .text.HAL_UART_TxHalfCpltCallback
                0x0800aa42       0x14 Drivers\STM32F7xx_HAL_Driver\Src\stm32f7xx_hal_uart.o
                0x0800aa42                HAL_UART_TxHalfCpltCallback
 .text.HAL_UART_RxHalfCpltCallback
                0x0800aa56       0x14 Drivers\STM32F7xx_HAL_Driver\Src\stm32f7xx_hal_uart.o
                0x0800aa56                HAL_UART_RxHalfCpltCallback
 .text.HAL_UART_ErrorCallback
                0x0800aa6a       0x14 Drivers\STM32F7xx_HAL_Driver\Src\stm32f7xx_hal_uart.o
                0x0800aa6a                HAL_UART_ErrorCallback
 .text.UART_Transmit_IT
                0x0800aa7e       0xac Drivers\STM32F7xx_HAL_Driver\Src\stm32f7xx_hal_uart.o
 .text.UART_EndTransmit_IT
                0x0800ab2a       0x30 Drivers\STM32F7xx_HAL_Driver\Src\stm32f7xx_hal_uart.o
 .text.UART_Receive_IT
                0x0800ab5a       0xd6 Drivers\STM32F7xx_HAL_Driver\Src\stm32f7xx_hal_uart.o
 .text.UART_EndTxTransfer
                0x0800ac30       0x2c Drivers\STM32F7xx_HAL_Driver\Src\stm32f7xx_hal_uart.o
 .text.UART_EndRxTransfer
                0x0800ac5c       0x3c Drivers\STM32F7xx_HAL_Driver\Src\stm32f7xx_hal_uart.o
 .text.UART_SetConfig
                0x0800ac98      0x4dc Drivers\STM32F7xx_HAL_Driver\Src\stm32f7xx_hal_uart.o
                0x0800ac98                UART_SetConfig
 .text.UART_AdvFeatureConfig
                0x0800b174      0x144 Drivers\STM32F7xx_HAL_Driver\Src\stm32f7xx_hal_uart.o
                0x0800b174                UART_AdvFeatureConfig
 .text.UART_CheckIdleState
                0x0800b2b8       0x66 Drivers\STM32F7xx_HAL_Driver\Src\stm32f7xx_hal_uart.o
                0x0800b2b8                UART_CheckIdleState
 *fill*         0x0800b31e        0x2 
 .text.FMC_NORSRAM_Init
                0x0800b320       0xe0 Drivers\STM32F7xx_HAL_Driver\Src\stm32f7xx_ll_fmc.o
                0x0800b320                FMC_NORSRAM_Init
 .text.FMC_NORSRAM_DeInit
                0x0800b400       0x68 Drivers\STM32F7xx_HAL_Driver\Src\stm32f7xx_ll_fmc.o
                0x0800b400                FMC_NORSRAM_DeInit
 .text.FMC_NORSRAM_Timing_Init
                0x0800b468       0xa4 Drivers\STM32F7xx_HAL_Driver\Src\stm32f7xx_ll_fmc.o
                0x0800b468                FMC_NORSRAM_Timing_Init
 .text.FMC_NORSRAM_Extended_Timing_Init
                0x0800b50c       0x80 Drivers\STM32F7xx_HAL_Driver\Src\stm32f7xx_ll_fmc.o
                0x0800b50c                FMC_NORSRAM_Extended_Timing_Init
 .text.USB_CoreInit
                0x0800b58c       0xa4 Drivers\STM32F7xx_HAL_Driver\Src\stm32f7xx_ll_usb.o
                0x0800b58c                USB_CoreInit
 .text.USB_EnableGlobalInt
                0x0800b630       0x22 Drivers\STM32F7xx_HAL_Driver\Src\stm32f7xx_ll_usb.o
                0x0800b630                USB_EnableGlobalInt
 .text.USB_DisableGlobalInt
                0x0800b652       0x22 Drivers\STM32F7xx_HAL_Driver\Src\stm32f7xx_ll_usb.o
                0x0800b652                USB_DisableGlobalInt
 .text.USB_SetCurrentMode
                0x0800b674       0x54 Drivers\STM32F7xx_HAL_Driver\Src\stm32f7xx_ll_usb.o
                0x0800b674                USB_SetCurrentMode
 .text.USB_FlushTxFifo
                0x0800b6c8       0x4c Drivers\STM32F7xx_HAL_Driver\Src\stm32f7xx_ll_usb.o
                0x0800b6c8                USB_FlushTxFifo
 .text.USB_FlushRxFifo
                0x0800b714       0x44 Drivers\STM32F7xx_HAL_Driver\Src\stm32f7xx_ll_usb.o
                0x0800b714                USB_FlushRxFifo
 .text.USB_WritePacket
                0x0800b758       0x6a Drivers\STM32F7xx_HAL_Driver\Src\stm32f7xx_ll_usb.o
                0x0800b758                USB_WritePacket
 .text.USB_ReadPacket
                0x0800b7c2       0x52 Drivers\STM32F7xx_HAL_Driver\Src\stm32f7xx_ll_usb.o
                0x0800b7c2                USB_ReadPacket
 .text.USB_ReadInterrupts
                0x0800b814       0x26 Drivers\STM32F7xx_HAL_Driver\Src\stm32f7xx_ll_usb.o
                0x0800b814                USB_ReadInterrupts
 .text.USB_GetMode
                0x0800b83a       0x1c Drivers\STM32F7xx_HAL_Driver\Src\stm32f7xx_ll_usb.o
                0x0800b83a                USB_GetMode
 *fill*         0x0800b856        0x2 
 .text.USB_CoreReset
                0x0800b858       0x68 Drivers\STM32F7xx_HAL_Driver\Src\stm32f7xx_ll_usb.o
 .text.USB_HostInit
                0x0800b8c0      0x144 Drivers\STM32F7xx_HAL_Driver\Src\stm32f7xx_ll_usb.o
                0x0800b8c0                USB_HostInit
 .text.USB_InitFSLSPClkSel
                0x0800ba04       0x78 Drivers\STM32F7xx_HAL_Driver\Src\stm32f7xx_ll_usb.o
                0x0800ba04                USB_InitFSLSPClkSel
 .text.USB_ResetPort
                0x0800ba7c       0x58 Drivers\STM32F7xx_HAL_Driver\Src\stm32f7xx_ll_usb.o
                0x0800ba7c                USB_ResetPort
 .text.USB_DriveVbus
                0x0800bad4       0x76 Drivers\STM32F7xx_HAL_Driver\Src\stm32f7xx_ll_usb.o
                0x0800bad4                USB_DriveVbus
 .text.USB_GetHostSpeed
                0x0800bb4a       0x2e Drivers\STM32F7xx_HAL_Driver\Src\stm32f7xx_ll_usb.o
                0x0800bb4a                USB_GetHostSpeed
 .text.USB_GetCurrentFrame
                0x0800bb78       0x22 Drivers\STM32F7xx_HAL_Driver\Src\stm32f7xx_ll_usb.o
                0x0800bb78                USB_GetCurrentFrame
 *fill*         0x0800bb9a        0x2 
 .text.USB_HC_Init
                0x0800bb9c      0x220 Drivers\STM32F7xx_HAL_Driver\Src\stm32f7xx_ll_usb.o
                0x0800bb9c                USB_HC_Init
 .text.USB_HC_StartXfer
                0x0800bdbc      0x28c Drivers\STM32F7xx_HAL_Driver\Src\stm32f7xx_ll_usb.o
                0x0800bdbc                USB_HC_StartXfer
 .text.USB_HC_ReadInterrupt
                0x0800c048       0x22 Drivers\STM32F7xx_HAL_Driver\Src\stm32f7xx_ll_usb.o
                0x0800c048                USB_HC_ReadInterrupt
 .text.USB_HC_Halt
                0x0800c06a      0x212 Drivers\STM32F7xx_HAL_Driver\Src\stm32f7xx_ll_usb.o
                0x0800c06a                USB_HC_Halt
 .text.USB_DoPing
                0x0800c27c       0x78 Drivers\STM32F7xx_HAL_Driver\Src\stm32f7xx_ll_usb.o
                0x0800c27c                USB_DoPing
 .text.USB_StopHost
                0x0800c2f4      0x10c Drivers\STM32F7xx_HAL_Driver\Src\stm32f7xx_ll_usb.o
                0x0800c2f4                USB_StopHost
 .text.USBH_MSC_InterfaceInit
                0x0800c400      0x254 Middlewares\ST\STM32_USB_Host_Library\Class\MSC\Src\usbh_msc.o
 .text.USBH_MSC_InterfaceDeInit
                0x0800c654       0x8c Middlewares\ST\STM32_USB_Host_Library\Class\MSC\Src\usbh_msc.o
 .text.USBH_MSC_ClassRequest
                0x0800c6e0       0xc8 Middlewares\ST\STM32_USB_Host_Library\Class\MSC\Src\usbh_msc.o
 .text.USBH_MSC_Process
                0x0800c7a8      0x520 Middlewares\ST\STM32_USB_Host_Library\Class\MSC\Src\usbh_msc.o
 .text.USBH_MSC_SOFProcess
                0x0800ccc8       0x16 Middlewares\ST\STM32_USB_Host_Library\Class\MSC\Src\usbh_msc.o
 .text.USBH_MSC_RdWrProcess
                0x0800ccde      0x194 Middlewares\ST\STM32_USB_Host_Library\Class\MSC\Src\usbh_msc.o
 .text.USBH_MSC_UnitIsReady
                0x0800ce72       0x4c Middlewares\ST\STM32_USB_Host_Library\Class\MSC\Src\usbh_msc.o
                0x0800ce72                USBH_MSC_UnitIsReady
 .text.USBH_MSC_GetLUNInfo
                0x0800cebe       0x48 Middlewares\ST\STM32_USB_Host_Library\Class\MSC\Src\usbh_msc.o
                0x0800cebe                USBH_MSC_GetLUNInfo
 .text.USBH_MSC_Read
                0x0800cf06       0xd2 Middlewares\ST\STM32_USB_Host_Library\Class\MSC\Src\usbh_msc.o
                0x0800cf06                USBH_MSC_Read
 .text.USBH_MSC_Write
                0x0800cfd8       0xd2 Middlewares\ST\STM32_USB_Host_Library\Class\MSC\Src\usbh_msc.o
                0x0800cfd8                USBH_MSC_Write
 .text.USBH_MSC_BOT_REQ_Reset
                0x0800d0aa       0x3a Middlewares\ST\STM32_USB_Host_Library\Class\MSC\Src\usbh_msc_bot.o
                0x0800d0aa                USBH_MSC_BOT_REQ_Reset
 .text.USBH_MSC_BOT_REQ_GetMaxLUN
                0x0800d0e4       0x3c Middlewares\ST\STM32_USB_Host_Library\Class\MSC\Src\usbh_msc_bot.o
                0x0800d0e4                USBH_MSC_BOT_REQ_GetMaxLUN
 .text.USBH_MSC_BOT_Init
                0x0800d120       0x44 Middlewares\ST\STM32_USB_Host_Library\Class\MSC\Src\usbh_msc_bot.o
                0x0800d120                USBH_MSC_BOT_Init
 .text.USBH_MSC_BOT_Process
                0x0800d164      0x3a4 Middlewares\ST\STM32_USB_Host_Library\Class\MSC\Src\usbh_msc_bot.o
                0x0800d164                USBH_MSC_BOT_Process
 .text.USBH_MSC_BOT_Abort
                0x0800d508       0x58 Middlewares\ST\STM32_USB_Host_Library\Class\MSC\Src\usbh_msc_bot.o
 .text.USBH_MSC_DecodeCSW
                0x0800d560       0x88 Middlewares\ST\STM32_USB_Host_Library\Class\MSC\Src\usbh_msc_bot.o
 .text.USBH_MSC_SCSI_TestUnitReady
                0x0800d5e8       0x86 Middlewares\ST\STM32_USB_Host_Library\Class\MSC\Src\usbh_msc_scsi.o
                0x0800d5e8                USBH_MSC_SCSI_TestUnitReady
 .text.USBH_MSC_SCSI_ReadCapacity
                0x0800d66e       0xf6 Middlewares\ST\STM32_USB_Host_Library\Class\MSC\Src\usbh_msc_scsi.o
                0x0800d66e                USBH_MSC_SCSI_ReadCapacity
 .text.USBH_MSC_SCSI_Inquiry
                0x0800d764      0x14a Middlewares\ST\STM32_USB_Host_Library\Class\MSC\Src\usbh_msc_scsi.o
                0x0800d764                USBH_MSC_SCSI_Inquiry
 .text.USBH_MSC_SCSI_RequestSense
                0x0800d8ae       0xf2 Middlewares\ST\STM32_USB_Host_Library\Class\MSC\Src\usbh_msc_scsi.o
                0x0800d8ae                USBH_MSC_SCSI_RequestSense
 .text.USBH_MSC_SCSI_Write
                0x0800d9a0       0xd6 Middlewares\ST\STM32_USB_Host_Library\Class\MSC\Src\usbh_msc_scsi.o
                0x0800d9a0                USBH_MSC_SCSI_Write
 .text.USBH_MSC_SCSI_Read
                0x0800da76       0xd6 Middlewares\ST\STM32_USB_Host_Library\Class\MSC\Src\usbh_msc_scsi.o
                0x0800da76                USBH_MSC_SCSI_Read
 .text.USBH_Init
                0x0800db4c       0x54 Middlewares\ST\STM32_USB_Host_Library\Core\Src\usbh_core.o
                0x0800db4c                USBH_Init
 .text.DeInitStateMachine
                0x0800dba0       0x92 Middlewares\ST\STM32_USB_Host_Library\Core\Src\usbh_core.o
 .text.USBH_RegisterClass
                0x0800dc32       0x56 Middlewares\ST\STM32_USB_Host_Library\Core\Src\usbh_core.o
                0x0800dc32                USBH_RegisterClass
 .text.USBH_SelectInterface
                0x0800dc88       0x38 Middlewares\ST\STM32_USB_Host_Library\Core\Src\usbh_core.o
                0x0800dc88                USBH_SelectInterface
 .text.USBH_FindInterface
                0x0800dcc0       0x8c Middlewares\ST\STM32_USB_Host_Library\Core\Src\usbh_core.o
                0x0800dcc0                USBH_FindInterface
 .text.USBH_Start
                0x0800dd4c       0x20 Middlewares\ST\STM32_USB_Host_Library\Core\Src\usbh_core.o
                0x0800dd4c                USBH_Start
 .text.USBH_Process
                0x0800dd6c      0x310 Middlewares\ST\STM32_USB_Host_Library\Core\Src\usbh_core.o
                0x0800dd6c                USBH_Process
 .text.USBH_HandleEnum
                0x0800e07c      0x234 Middlewares\ST\STM32_USB_Host_Library\Core\Src\usbh_core.o
 .text.USBH_LL_SetTimer
                0x0800e2b0       0x1e Middlewares\ST\STM32_USB_Host_Library\Core\Src\usbh_core.o
                0x0800e2b0                USBH_LL_SetTimer
 .text.USBH_LL_IncTimer
                0x0800e2ce       0x24 Middlewares\ST\STM32_USB_Host_Library\Core\Src\usbh_core.o
                0x0800e2ce                USBH_LL_IncTimer
 .text.USBH_HandleSof
                0x0800e2f2       0x30 Middlewares\ST\STM32_USB_Host_Library\Core\Src\usbh_core.o
 .text.USBH_LL_PortEnabled
                0x0800e322       0x1c Middlewares\ST\STM32_USB_Host_Library\Core\Src\usbh_core.o
                0x0800e322                USBH_LL_PortEnabled
 .text.USBH_LL_PortDisabled
                0x0800e33e       0x1c Middlewares\ST\STM32_USB_Host_Library\Core\Src\usbh_core.o
                0x0800e33e                USBH_LL_PortDisabled
 .text.USBH_IsPortEnabled
                0x0800e35a       0x1a Middlewares\ST\STM32_USB_Host_Library\Core\Src\usbh_core.o
                0x0800e35a                USBH_IsPortEnabled
 .text.USBH_LL_Connect
                0x0800e374       0x4c Middlewares\ST\STM32_USB_Host_Library\Core\Src\usbh_core.o
                0x0800e374                USBH_LL_Connect
 .text.USBH_LL_Disconnect
                0x0800e3c0       0x5a Middlewares\ST\STM32_USB_Host_Library\Core\Src\usbh_core.o
                0x0800e3c0                USBH_LL_Disconnect
 .text.USBH_Get_DevDesc
                0x0800e41a       0x50 Middlewares\ST\STM32_USB_Host_Library\Core\Src\usbh_ctlreq.o
                0x0800e41a                USBH_Get_DevDesc
 .text.USBH_Get_CfgDesc
                0x0800e46a       0x48 Middlewares\ST\STM32_USB_Host_Library\Core\Src\usbh_ctlreq.o
                0x0800e46a                USBH_Get_CfgDesc
 .text.USBH_Get_StringDesc
                0x0800e4b2       0x56 Middlewares\ST\STM32_USB_Host_Library\Core\Src\usbh_ctlreq.o
                0x0800e4b2                USBH_Get_StringDesc
 .text.USBH_GetDescriptor
                0x0800e508       0x6a Middlewares\ST\STM32_USB_Host_Library\Core\Src\usbh_ctlreq.o
                0x0800e508                USBH_GetDescriptor
 .text.USBH_SetAddress
                0x0800e572       0x48 Middlewares\ST\STM32_USB_Host_Library\Core\Src\usbh_ctlreq.o
                0x0800e572                USBH_SetAddress
 .text.USBH_SetCfg
                0x0800e5ba       0x46 Middlewares\ST\STM32_USB_Host_Library\Core\Src\usbh_ctlreq.o
                0x0800e5ba                USBH_SetCfg
 .text.USBH_SetFeature
                0x0800e600       0x48 Middlewares\ST\STM32_USB_Host_Library\Core\Src\usbh_ctlreq.o
                0x0800e600                USBH_SetFeature
 .text.USBH_ClrFeature
                0x0800e648       0x48 Middlewares\ST\STM32_USB_Host_Library\Core\Src\usbh_ctlreq.o
                0x0800e648                USBH_ClrFeature
 .text.USBH_ParseDevDesc
                0x0800e690       0xe0 Middlewares\ST\STM32_USB_Host_Library\Core\Src\usbh_ctlreq.o
 .text.USBH_ParseCfgDesc
                0x0800e770      0x144 Middlewares\ST\STM32_USB_Host_Library\Core\Src\usbh_ctlreq.o
 .text.USBH_ParseInterfaceDesc
                0x0800e8b4       0x5e Middlewares\ST\STM32_USB_Host_Library\Core\Src\usbh_ctlreq.o
 .text.USBH_ParseEPDesc
                0x0800e912       0x5a Middlewares\ST\STM32_USB_Host_Library\Core\Src\usbh_ctlreq.o
 .text.USBH_ParseStringDesc
                0x0800e96c       0x66 Middlewares\ST\STM32_USB_Host_Library\Core\Src\usbh_ctlreq.o
 .text.USBH_GetNextDesc
                0x0800e9d2       0x36 Middlewares\ST\STM32_USB_Host_Library\Core\Src\usbh_ctlreq.o
                0x0800e9d2                USBH_GetNextDesc
 .text.USBH_CtlReq
                0x0800ea08       0x94 Middlewares\ST\STM32_USB_Host_Library\Core\Src\usbh_ctlreq.o
                0x0800ea08                USBH_CtlReq
 .text.USBH_HandleControl
                0x0800ea9c      0x2d4 Middlewares\ST\STM32_USB_Host_Library\Core\Src\usbh_ctlreq.o
 .text.USBH_CtlSendSetup
                0x0800ed70       0x34 Middlewares\ST\STM32_USB_Host_Library\Core\Src\usbh_ioreq.o
                0x0800ed70                USBH_CtlSendSetup
 .text.USBH_CtlSendData
                0x0800eda4       0x4a Middlewares\ST\STM32_USB_Host_Library\Core\Src\usbh_ioreq.o
                0x0800eda4                USBH_CtlSendData
 .text.USBH_CtlReceiveData
                0x0800edee       0x3c Middlewares\ST\STM32_USB_Host_Library\Core\Src\usbh_ioreq.o
                0x0800edee                USBH_CtlReceiveData
 .text.USBH_BulkSendData
                0x0800ee2a       0x4a Middlewares\ST\STM32_USB_Host_Library\Core\Src\usbh_ioreq.o
                0x0800ee2a                USBH_BulkSendData
 .text.USBH_BulkReceiveData
                0x0800ee74       0x3c Middlewares\ST\STM32_USB_Host_Library\Core\Src\usbh_ioreq.o
                0x0800ee74                USBH_BulkReceiveData
 .text.USBH_OpenPipe
                0x0800eeb0       0x3e Middlewares\ST\STM32_USB_Host_Library\Core\Src\usbh_pipes.o
                0x0800eeb0                USBH_OpenPipe
 .text.USBH_ClosePipe
                0x0800eeee       0x20 Middlewares\ST\STM32_USB_Host_Library\Core\Src\usbh_pipes.o
                0x0800eeee                USBH_ClosePipe
 .text.USBH_AllocPipe
                0x0800ef0e       0x3c Middlewares\ST\STM32_USB_Host_Library\Core\Src\usbh_pipes.o
                0x0800ef0e                USBH_AllocPipe
 .text.USBH_FreePipe
                0x0800ef4a       0x38 Middlewares\ST\STM32_USB_Host_Library\Core\Src\usbh_pipes.o
                0x0800ef4a                USBH_FreePipe
 .text.USBH_GetFreePipe
                0x0800ef82       0x46 Middlewares\ST\STM32_USB_Host_Library\Core\Src\usbh_pipes.o
 .text.disk_status
                0x0800efc8       0x34 Middlewares\Third_Party\FatFs\src\diskio.o
                0x0800efc8                disk_status
 .text.disk_initialize
                0x0800effc       0x4c Middlewares\Third_Party\FatFs\src\diskio.o
                0x0800effc                disk_initialize
 .text.disk_read
                0x0800f048       0x40 Middlewares\Third_Party\FatFs\src\diskio.o
                0x0800f048                disk_read
 .text.disk_write
                0x0800f088       0x40 Middlewares\Third_Party\FatFs\src\diskio.o
                0x0800f088                disk_write
 .text.disk_ioctl
                0x0800f0c8       0x3c Middlewares\Third_Party\FatFs\src\diskio.o
                0x0800f0c8                disk_ioctl
 .text.ld_word  0x0800f104       0x30 Middlewares\Third_Party\FatFs\src\ff.o
 .text.ld_dword
                0x0800f134       0x46 Middlewares\Third_Party\FatFs\src\ff.o
 .text.st_word  0x0800f17a       0x36 Middlewares\Third_Party\FatFs\src\ff.o
 .text.st_dword
                0x0800f1b0       0x58 Middlewares\Third_Party\FatFs\src\ff.o
 .text.mem_cpy  0x0800f208       0x42 Middlewares\Third_Party\FatFs\src\ff.o
 .text.mem_set  0x0800f24a       0x34 Middlewares\Third_Party\FatFs\src\ff.o
 .text.mem_cmp  0x0800f27e       0x4e Middlewares\Third_Party\FatFs\src\ff.o
 .text.chk_chr  0x0800f2cc       0x36 Middlewares\Third_Party\FatFs\src\ff.o
 *fill*         0x0800f302        0x2 
 .text.chk_lock
                0x0800f304       0xb8 Middlewares\Third_Party\FatFs\src\ff.o
 .text.enq_lock
                0x0800f3bc       0x44 Middlewares\Third_Party\FatFs\src\ff.o
 .text.inc_lock
                0x0800f400      0x11c Middlewares\Third_Party\FatFs\src\ff.o
 .text.dec_lock
                0x0800f51c       0x78 Middlewares\Third_Party\FatFs\src\ff.o
 .text.clear_lock
                0x0800f594       0x48 Middlewares\Third_Party\FatFs\src\ff.o
 .text.sync_window
                0x0800f5dc       0x88 Middlewares\Third_Party\FatFs\src\ff.o
 .text.move_window
                0x0800f664       0x5a Middlewares\Third_Party\FatFs\src\ff.o
 *fill*         0x0800f6be        0x2 
 .text.sync_fs  0x0800f6c0       0xdc Middlewares\Third_Party\FatFs\src\ff.o
 .text.clust2sect
                0x0800f79c       0x3e Middlewares\Third_Party\FatFs\src\ff.o
 .text.get_fat  0x0800f7da      0x14a Middlewares\Third_Party\FatFs\src\ff.o
 .text.put_fat  0x0800f924      0x1ce Middlewares\Third_Party\FatFs\src\ff.o
 .text.remove_chain
                0x0800faf2       0xca Middlewares\Third_Party\FatFs\src\ff.o
 .text.create_chain
                0x0800fbbc      0x130 Middlewares\Third_Party\FatFs\src\ff.o
 .text.clmt_clust
                0x0800fcec       0x68 Middlewares\Third_Party\FatFs\src\ff.o
 .text.dir_sdi  0x0800fd54       0xf6 Middlewares\Third_Party\FatFs\src\ff.o
 .text.dir_next
                0x0800fe4a      0x18a Middlewares\Third_Party\FatFs\src\ff.o
 .text.dir_alloc
                0x0800ffd4       0x8e Middlewares\Third_Party\FatFs\src\ff.o
 .text.ld_clust
                0x08010062       0x3e Middlewares\Third_Party\FatFs\src\ff.o
 .text.st_clust
                0x080100a0       0x40 Middlewares\Third_Party\FatFs\src\ff.o
 .text.cmp_lfn  0x080100e0       0xe0 Middlewares\Third_Party\FatFs\src\ff.o
 .text.pick_lfn
                0x080101c0       0xc8 Middlewares\Third_Party\FatFs\src\ff.o
 .text.put_lfn  0x08010288       0xd0 Middlewares\Third_Party\FatFs\src\ff.o
 .text.gen_numname
                0x08010358      0x11c Middlewares\Third_Party\FatFs\src\ff.o
 .text.sum_sfn  0x08010474       0x42 Middlewares\Third_Party\FatFs\src\ff.o
 .text.dir_read
                0x080104b6      0x14e Middlewares\Third_Party\FatFs\src\ff.o
 .text.dir_find
                0x08010604      0x180 Middlewares\Third_Party\FatFs\src\ff.o
 .text.dir_register
                0x08010784      0x1f0 Middlewares\Third_Party\FatFs\src\ff.o
 .text.get_fileinfo
                0x08010974      0x1ba Middlewares\Third_Party\FatFs\src\ff.o
 *fill*         0x08010b2e        0x2 
 .text.create_name
                0x08010b30      0x370 Middlewares\Third_Party\FatFs\src\ff.o
 .text.follow_path
                0x08010ea0       0xe2 Middlewares\Third_Party\FatFs\src\ff.o
 .text.get_ldnumber
                0x08010f82       0x88 Middlewares\Third_Party\FatFs\src\ff.o
 *fill*         0x0801100a        0x2 
 .text.check_fs
                0x0801100c       0xac Middlewares\Third_Party\FatFs\src\ff.o
 .text.find_volume
                0x080110b8      0x4a4 Middlewares\Third_Party\FatFs\src\ff.o
 .text.validate
                0x0801155c       0x68 Middlewares\Third_Party\FatFs\src\ff.o
 .text.f_mount  0x080115c4       0x8c Middlewares\Third_Party\FatFs\src\ff.o
                0x080115c4                f_mount
 .text.f_open   0x08011650      0x37c Middlewares\Third_Party\FatFs\src\ff.o
                0x08011650                f_open
 .text.f_read   0x080119cc      0x27e Middlewares\Third_Party\FatFs\src\ff.o
                0x080119cc                f_read
 .text.f_sync   0x08011c4a       0xfc Middlewares\Third_Party\FatFs\src\ff.o
                0x08011c4a                f_sync
 .text.f_close  0x08011d46       0x54 Middlewares\Third_Party\FatFs\src\ff.o
                0x08011d46                f_close
 .text.f_lseek  0x08011d9a      0x412 Middlewares\Third_Party\FatFs\src\ff.o
                0x08011d9a                f_lseek
 .text.f_opendir
                0x080121ac       0xe6 Middlewares\Third_Party\FatFs\src\ff.o
                0x080121ac                f_opendir
 .text.f_closedir
                0x08012292       0x4c Middlewares\Third_Party\FatFs\src\ff.o
                0x08012292                f_closedir
 .text.f_readdir
                0x080122de       0x7a Middlewares\Third_Party\FatFs\src\ff.o
                0x080122de                f_readdir
 .text.FATFS_LinkDriverEx
                0x08012358       0x98 Middlewares\Third_Party\FatFs\src\ff_gen_drv.o
                0x08012358                FATFS_LinkDriverEx
 .text.FATFS_LinkDriver
                0x080123f0       0x1e Middlewares\Third_Party\FatFs\src\ff_gen_drv.o
                0x080123f0                FATFS_LinkDriver
 *fill*         0x0801240e        0x2 
 .text.FATFS_UnLinkDriverEx
                0x08012410       0x70 Middlewares\Third_Party\FatFs\src\ff_gen_drv.o
                0x08012410                FATFS_UnLinkDriverEx
 .text.FATFS_UnLinkDriver
                0x08012480       0x1a Middlewares\Third_Party\FatFs\src\ff_gen_drv.o
                0x08012480                FATFS_UnLinkDriver
 *fill*         0x0801249a        0x2 
 .text.ff_convert
                0x0801249c       0x78 Middlewares\Third_Party\FatFs\src\option\ccsbcs.o
                0x0801249c                ff_convert
 .text.ff_wtoupper
                0x08012514      0x114 Middlewares\Third_Party\FatFs\src\option\ccsbcs.o
                0x08012514                ff_wtoupper
 .text.Adjust_Brightness
                0x08012628       0x34 Project_Source\App_BacklightControl.o
                0x08012628                Adjust_Brightness
 .text.LCD_Brightness_Control
                0x0801265c       0x1c Project_Source\App_BacklightControl.o
                0x0801265c                LCD_Brightness_Control
 .text.Application_Init
                0x08012678       0xa8 Project_Source\App_Init.o
                0x08012678                Application_Init
 .text.IO_App_Read_Inputs
                0x08012720      0x30c Project_Source\App_Pins.o
                0x08012720                IO_App_Read_Inputs
 .text.TextToScreen
                0x08012a2c       0x84 Project_Source\App_Text.o
                0x08012a2c                TextToScreen
 .text.TextToScreen_SML
                0x08012ab0       0x3c Project_Source\App_Text.o
                0x08012ab0                TextToScreen_SML
 .text.App_ACK_Init
                0x08012aec       0x3c Project_Source\App_UserAck.o
                0x08012aec                App_ACK_Init
 .text.App_ACK_CheckFlag
                0x08012b28       0x38 Project_Source\App_UserAck.o
                0x08012b28                App_ACK_CheckFlag
 .text.App_ACK_Handler
                0x08012b60      0x14c Project_Source\App_UserAck.o
                0x08012b60                App_ACK_Handler
 .text.App_ACK_TimeSince_Pressed
                0x08012cac       0x50 Project_Source\App_UserAck.o
                0x08012cac                App_ACK_TimeSince_Pressed
 .text.App_VisionModules_Process
                0x08012cfc       0x14 Project_Source\App_VisionModules.o
                0x08012cfc                App_VisionModules_Process
 .text.Vision_GetWRptr
                0x08012d10       0x1a Project_Source\App_VisionModules.o
                0x08012d10                Vision_GetWRptr
 .text.System_Filter_Control
                0x08012d2a        0xe Project_Source\App_VisionModules.o
                0x08012d2a                System_Filter_Control
 .text.DMA_UART_Vision_Get_WRPtr
                0x08012d38       0x40 Project_Source\App_VisionModules.o
                0x08012d38                DMA_UART_Vision_Get_WRPtr
 .text.App_EventControl
                0x08012d78       0x14 Project_Source\Event_Management\App_EventManager.o
                0x08012d78                App_EventControl
 .text.App_EventHandleActives
                0x08012d8c      0x134 Project_Source\Event_Management\App_EventManager.o
                0x08012d8c                App_EventHandleActives
 .text.App_EventDetermineMostImportantEventGroup
                0x08012ec0       0x68 Project_Source\Event_Management\App_EventManager.o
                0x08012ec0                App_EventDetermineMostImportantEventGroup
 .text.App_EventDetermineApplyID
                0x08012f28       0x78 Project_Source\Event_Management\App_EventManager.o
                0x08012f28                App_EventDetermineApplyID
 .text.App_EventDetermineSplashID
                0x08012fa0       0xa0 Project_Source\Event_Management\App_EventManager.o
                0x08012fa0                App_EventDetermineSplashID
 .text.App_EventDetermineMostImportantAction
                0x08013040      0x118 Project_Source\Event_Management\App_EventManager.o
                0x08013040                App_EventDetermineMostImportantAction
 .text.App_EventReferenceDetermineMostImportantAction
                0x08013158       0x94 Project_Source\Event_Management\App_EventManager.o
                0x08013158                App_EventReferenceDetermineMostImportantAction
 .text.App_EventProcess
                0x080131ec       0x34 Project_Source\Event_Management\App_EventManager.o
                0x080131ec                App_EventProcess
 .text.App_EventDisplay
                0x08013220       0xd4 Project_Source\Event_Management\App_EventManager.o
                0x08013220                App_EventDisplay
 .text.App_EventApply
                0x080132f4       0x6c Project_Source\Event_Management\App_EventManager.o
                0x080132f4                App_EventApply
 .text.App_EventACK
                0x08013360       0x16 Project_Source\Event_Management\App_EventManager.o
                0x08013360                App_EventACK
 *fill*         0x08013376        0x2 
 .text.App_EventSet
                0x08013378       0xa8 Project_Source\Event_Management\App_EventManager.o
                0x08013378                App_EventSet
 .text.App_EventClear
                0x08013420       0x8c Project_Source\Event_Management\App_EventManager.o
                0x08013420                App_EventClear
 .text.App_EventManageUpdates
                0x080134ac      0x1c4 Project_Source\Event_Management\App_EventManager.o
                0x080134ac                App_EventManageUpdates
 .text.App_EventListSort
                0x08013670      0x144 Project_Source\Event_Management\App_EventManager.o
                0x08013670                App_EventListSort
 .text.App_EventUpdate
                0x080137b4      0x108 Project_Source\Event_Management\App_EventManager.o
                0x080137b4                App_EventUpdate
 .text.App_EventFindInList
                0x080138bc       0x4c Project_Source\Event_Management\App_EventManager.o
                0x080138bc                App_EventFindInList
 .text.App_EventHandler
                0x08013908        0xe Project_Source\Event_Management\App_EventManager.o
                0x08013908                App_EventHandler
 *fill*         0x08013916        0x2 
 .text.App_Railbound_Events_Handler
                0x08013918       0x60 Project_Source\Event_Management\App_Railbound_Events.o
                0x08013918                App_Railbound_Events_Handler
 .text.HUB_2XX_Default
                0x08013978       0x34 Project_Source\HUB_2XX_CAN.o
                0x08013978                HUB_2XX_Default
 .text.HUB_2XX_Handler
                0x080139ac       0x74 Project_Source\HUB_2XX_CAN.o
                0x080139ac                HUB_2XX_Handler
 .text.CommsLost_to_default
                0x08013a20       0x50 Project_Source\ICON3_Controller.o
                0x08013a20                CommsLost_to_default
 .text.Update_all_Controller_Data
                0x08013a70       0xd0 Project_Source\ICON3_Controller.o
                0x08013a70                Update_all_Controller_Data
 .text.Process_ICON3_messages
                0x08013b40       0x90 Project_Source\ICON3_Controller.o
                0x08013b40                Process_ICON3_messages
 .text.NVIC_SystemReset
                0x08013bd0       0x28 Project_Source\USB\USB.o
 .text.USB_User_File_Explorer
                0x08013bf8       0xcc Project_Source\USB\USB.o
                0x08013bf8                USB_User_File_Explorer
 .text.App_USB_SM
                0x08013cc4       0x2c Project_Source\USB\USB.o
                0x08013cc4                App_USB_SM
 .text.NVIC_SystemReset
                0x08013cf0       0x28 Project_Source\USB\USB_Image.o
 .text.Wait_Response_than_Restart
                0x08013d18       0x50 Project_Source\USB\USB_Image.o
                0x08013d18                Wait_Response_than_Restart
 .text.Flash_Erase_Blocks
                0x08013d68       0x78 Project_Source\USB\USB_Image.o
                0x08013d68                Flash_Erase_Blocks
 .text.Update_Images_SM
                0x08013de0      0x3dc Project_Source\USB\USB_Image.o
                0x08013de0                Update_Images_SM
 .text.Explore_Disk_Images
                0x080141bc      0x1bc Project_Source\USB\USB_Image.o
                0x080141bc                Explore_Disk_Images
 .text.Image_Browser
                0x08014378      0x25c Project_Source\USB\USB_Image.o
                0x08014378                Image_Browser
 .text.Store_Image
                0x080145d4       0x8c Project_Source\USB\USB_Image.o
                0x080145d4                Store_Image
 .text.Image_to_Flash
                0x08014660      0x224 Project_Source\USB\USB_Image.o
                0x08014660                Image_to_Flash
 .text.MX_CAN1_Init
                0x08014884       0xdc Src\BSP\can.o
                0x08014884                MX_CAN1_Init
 .text.MX_CAN2_Init
                0x08014960       0xdc Src\BSP\can.o
                0x08014960                MX_CAN2_Init
 .text.HAL_CAN_MspInit
                0x08014a3c      0x11c Src\BSP\can.o
                0x08014a3c                HAL_CAN_MspInit
 .text.HAL_CAN_MspDeInit
                0x08014b58       0x98 Src\BSP\can.o
                0x08014b58                HAL_CAN_MspDeInit
 .text.HAL_DMA2D_MspInit
                0x08014bf0       0x40 Src\BSP\dma2d.o
                0x08014bf0                HAL_DMA2D_MspInit
 .text.MX_DSIHOST_DSI_Init
                0x08014c30       0x98 Src\BSP\dsihost.o
                0x08014c30                MX_DSIHOST_DSI_Init
 .text.HAL_DSI_MspInit
                0x08014cc8       0x40 Src\BSP\dsihost.o
                0x08014cc8                HAL_DSI_MspInit
 .text.MX_FATFS_Init
                0x08014d08       0x24 Src\BSP\fatfs.o
                0x08014d08                MX_FATFS_Init
 .text.get_fattime
                0x08014d2c       0x10 Src\BSP\fatfs.o
                0x08014d2c                get_fattime
 .text.MX_FMC_Init
                0x08014d3c        0xe Src\BSP\fmc.o
                0x08014d3c                MX_FMC_Init
 *fill*         0x08014d4a        0x2 
 .text.HAL_FMC_MspInit
                0x08014d4c      0x148 Src\BSP\fmc.o
 .text.HAL_NOR_MspInit
                0x08014e94       0x14 Src\BSP\fmc.o
                0x08014e94                HAL_NOR_MspInit
 .text.HAL_SRAM_MspInit
                0x08014ea8       0x14 Src\BSP\fmc.o
                0x08014ea8                HAL_SRAM_MspInit
 .text.HAL_FMC_MspDeInit
                0x08014ebc       0x74 Src\BSP\fmc.o
 .text.HAL_NOR_MspDeInit
                0x08014f30       0x14 Src\BSP\fmc.o
                0x08014f30                HAL_NOR_MspDeInit
 .text.HAL_SRAM_MspDeInit
                0x08014f44       0x14 Src\BSP\fmc.o
                0x08014f44                HAL_SRAM_MspDeInit
 .text.MX_GPIO_Init
                0x08014f58      0x2ec Src\BSP\gpio.o
                0x08014f58                MX_GPIO_Init
 .text.MX_I2C2_Init
                0x08015244       0x90 Src\BSP\i2c.o
                0x08015244                MX_I2C2_Init
 .text.HAL_I2C_MspInit
                0x080152d4       0x60 Src\BSP\i2c.o
                0x080152d4                HAL_I2C_MspInit
 .text.HAL_LTDC_MspInit
                0x08015334       0x40 Src\BSP\ltdc.o
                0x08015334                HAL_LTDC_MspInit
 .text.HAL_QSPI_MspInit
                0x08015374       0xa8 Src\BSP\quadspi.o
                0x08015374                HAL_QSPI_MspInit
 .text.HAL_QSPI_MspDeInit
                0x0801541c       0x4c Src\BSP\quadspi.o
                0x0801541c                HAL_QSPI_MspDeInit
 .text.MX_SPI2_Init
                0x08015468       0x84 Src\BSP\spi.o
                0x08015468                MX_SPI2_Init
 .text.MX_SPI5_Init
                0x080154ec       0x84 Src\BSP\spi.o
                0x080154ec                MX_SPI5_Init
 .text.HAL_SPI_MspInit
                0x08015570       0xd0 Src\BSP\spi.o
                0x08015570                HAL_SPI_MspInit
 .text.MX_TIM3_Init
                0x08015640       0x8c Src\BSP\tim.o
                0x08015640                MX_TIM3_Init
 .text.MX_TIM5_Init
                0x080156cc       0xcc Src\BSP\tim.o
                0x080156cc                MX_TIM5_Init
 .text.HAL_TIM_PWM_MspInit
                0x08015798       0x60 Src\BSP\tim.o
                0x08015798                HAL_TIM_PWM_MspInit
 .text.HAL_TIM_MspPostInit
                0x080157f8       0x98 Src\BSP\tim.o
                0x080157f8                HAL_TIM_MspPostInit
 .text.HAL_TIM_Base_MspInit
                0x08015890       0x80 Src\BSP\tim.o
                0x08015890                HAL_TIM_Base_MspInit
 .text.MX_USB_HOST_Init
                0x08015910       0x2c Src\BSP\usb_host.o
                0x08015910                MX_USB_HOST_Init
 .text.MX_USB_HOST_Process
                0x0801593c       0x14 Src\BSP\usb_host.o
                0x0801593c                MX_USB_HOST_Process
 .text.USBH_UserProcess
                0x08015950       0x5c Src\BSP\usb_host.o
 .text.HAL_HCD_MspInit
                0x080159ac       0xa0 Src\BSP\usbh_conf.o
                0x080159ac                HAL_HCD_MspInit
 .text.HAL_HCD_SOF_Callback
                0x08015a4c       0x1c Src\BSP\usbh_conf.o
                0x08015a4c                HAL_HCD_SOF_Callback
 .text.HAL_HCD_Connect_Callback
                0x08015a68       0x1c Src\BSP\usbh_conf.o
                0x08015a68                HAL_HCD_Connect_Callback
 .text.HAL_HCD_Disconnect_Callback
                0x08015a84       0x1c Src\BSP\usbh_conf.o
                0x08015a84                HAL_HCD_Disconnect_Callback
 .text.HAL_HCD_HC_NotifyURBChange_Callback
                0x08015aa0       0x1c Src\BSP\usbh_conf.o
                0x08015aa0                HAL_HCD_HC_NotifyURBChange_Callback
 .text.HAL_HCD_PortEnabled_Callback
                0x08015abc       0x1c Src\BSP\usbh_conf.o
                0x08015abc                HAL_HCD_PortEnabled_Callback
 .text.HAL_HCD_PortDisabled_Callback
                0x08015ad8       0x1c Src\BSP\usbh_conf.o
                0x08015ad8                HAL_HCD_PortDisabled_Callback
 .text.USBH_LL_Init
                0x08015af4       0x80 Src\BSP\usbh_conf.o
                0x08015af4                USBH_LL_Init
 .text.USBH_LL_Start
                0x08015b74       0x64 Src\BSP\usbh_conf.o
                0x08015b74                USBH_LL_Start
 .text.USBH_LL_Stop
                0x08015bd8       0x64 Src\BSP\usbh_conf.o
                0x08015bd8                USBH_LL_Stop
 .text.USBH_LL_GetSpeed
                0x08015c3c       0x4a Src\BSP\usbh_conf.o
                0x08015c3c                USBH_LL_GetSpeed
 *fill*         0x08015c86        0x2 
 .text.USBH_LL_ResetPort
                0x08015c88       0x64 Src\BSP\usbh_conf.o
                0x08015c88                USBH_LL_ResetPort
 .text.USBH_LL_GetLastXferSize
                0x08015cec       0x26 Src\BSP\usbh_conf.o
                0x08015cec                USBH_LL_GetLastXferSize
 *fill*         0x08015d12        0x2 
 .text.USBH_LL_OpenPipe
                0x08015d14       0x8c Src\BSP\usbh_conf.o
                0x08015d14                USBH_LL_OpenPipe
 .text.USBH_LL_ClosePipe
                0x08015da0       0x6c Src\BSP\usbh_conf.o
                0x08015da0                USBH_LL_ClosePipe
 .text.USBH_LL_SubmitURB
                0x08015e0c       0x90 Src\BSP\usbh_conf.o
                0x08015e0c                USBH_LL_SubmitURB
 .text.USBH_LL_GetURBState
                0x08015e9c       0x26 Src\BSP\usbh_conf.o
                0x08015e9c                USBH_LL_GetURBState
 .text.USBH_LL_DriverVBUS
                0x08015ec2       0x2e Src\BSP\usbh_conf.o
                0x08015ec2                USBH_LL_DriverVBUS
 .text.USBH_LL_SetToggle
                0x08015ef0       0x66 Src\BSP\usbh_conf.o
                0x08015ef0                USBH_LL_SetToggle
 .text.USBH_LL_GetToggle
                0x08015f56       0x66 Src\BSP\usbh_conf.o
                0x08015f56                USBH_LL_GetToggle
 .text.USBH_Delay
                0x08015fbc       0x16 Src\BSP\usbh_conf.o
                0x08015fbc                USBH_Delay
 .text.USBH_initialize
                0x08015fd2       0x18 Src\BSP\usbh_diskio.o
                0x08015fd2                USBH_initialize
 *fill*         0x08015fea        0x2 
 .text.USBH_status
                0x08015fec       0x38 Src\BSP\usbh_diskio.o
                0x08015fec                USBH_status
 .text.USBH_read
                0x08016024       0x70 Src\BSP\usbh_diskio.o
                0x08016024                USBH_read
 .text.USBH_write
                0x08016094       0x84 Src\BSP\usbh_diskio.o
                0x08016094                USBH_write
 .text.USBH_ioctl
                0x08016118       0xd8 Src\BSP\usbh_diskio.o
                0x08016118                USBH_ioctl
 .text.MX_DriverVbusFS
                0x080161f0       0x38 Src\BSP\usbh_platform.o
                0x080161f0                MX_DriverVbusFS
 .text.ADPS9309_ReadRegs
                0x08016228       0x40 Src\Drivers\ADPS9309.o
                0x08016228                ADPS9309_ReadRegs
 .text.ADPS9309_WriteReg
                0x08016268       0x36 Src\Drivers\ADPS9309.o
                0x08016268                ADPS9309_WriteReg
 *fill*         0x0801629e        0x2 
 .text.ADPS9309_Init
                0x080162a0       0x68 Src\Drivers\ADPS9309.o
                0x080162a0                ADPS9309_Init
 .text.ADPS9309_GetValues
                0x08016308       0x60 Src\Drivers\ADPS9309.o
                0x08016308                ADPS9309_GetValues
 .text.BSP_LCD_GetXSize
                0x08016368       0x18 Src\Drivers\LCD.o
                0x08016368                BSP_LCD_GetXSize
 .text.BSP_LCD_GetYSize
                0x08016380       0x18 Src\Drivers\LCD.o
                0x08016380                BSP_LCD_GetYSize
 .text.BSP_LCD_LayerDefaultInit
                0x08016398       0xc0 Src\Drivers\LCD.o
                0x08016398                BSP_LCD_LayerDefaultInit
 .text.BSP_LCD_SelectLayer
                0x08016458       0x20 Src\Drivers\LCD.o
                0x08016458                BSP_LCD_SelectLayer
 .text.BSP_LCD_SetLayerVisible
                0x08016478       0x80 Src\Drivers\LCD.o
                0x08016478                BSP_LCD_SetLayerVisible
 .text.BSP_LCD_SetTextColor
                0x080164f8       0x34 Src\Drivers\LCD.o
                0x080164f8                BSP_LCD_SetTextColor
 .text.BSP_LCD_SetBackColor
                0x0801652c       0x34 Src\Drivers\LCD.o
                0x0801652c                BSP_LCD_SetBackColor
 .text.BSP_LCD_SetFont
                0x08016560       0x34 Src\Drivers\LCD.o
                0x08016560                BSP_LCD_SetFont
 .text.BSP_LCD_Clear
                0x08016594       0x50 Src\Drivers\LCD.o
                0x08016594                BSP_LCD_Clear
 .text.BSP_LCD_DisplayChar
                0x080165e4       0x90 Src\Drivers\LCD.o
                0x080165e4                BSP_LCD_DisplayChar
 .text.BSP_LCD_DisplayStringAt
                0x08016674      0x194 Src\Drivers\LCD.o
                0x08016674                BSP_LCD_DisplayStringAt
 .text.BSP_LCD_DrawBitmap
                0x08016808       0xd0 Src\Drivers\LCD.o
                0x08016808                BSP_LCD_DrawBitmap
 .text.App_printImg
                0x080168d8       0x3c Src\Drivers\LCD.o
                0x080168d8                App_printImg
 .text.BSP_LCD_ValidateBitmap
                0x08016914       0x9a Src\Drivers\LCD.o
                0x08016914                BSP_LCD_ValidateBitmap
 .text.BSP_LCD_DisplayOn
                0x080169ae       0x18 Src\Drivers\LCD.o
                0x080169ae                BSP_LCD_DisplayOn
 *fill*         0x080169c6        0x2 
 .text.BSP_LCD_MspInit
                0x080169c8       0xd4 Src\Drivers\LCD.o
                0x080169c8                BSP_LCD_MspInit
 .text.BSP_LCD_DrawPixel
                0x08016a9c       0xb8 Src\Drivers\LCD.o
                0x08016a9c                BSP_LCD_DrawPixel
 .text.DrawChar
                0x08016b54      0x178 Src\Drivers\LCD.o
 .text.LL_FillBuffer
                0x08016ccc       0x70 Src\Drivers\LCD.o
 .text.LL_ConvertLineToRGB565
                0x08016d3c       0x9c Src\Drivers\LCD.o
 .text.select_RTC
                0x08016dd8       0x10 Src\Drivers\M41T94.o
                0x08016dd8                select_RTC
 .text.release_RTC
                0x08016de8       0x10 Src\Drivers\M41T94.o
                0x08016de8                release_RTC
 .text.Init_M41T94rtc
                0x08016df8       0xa4 Src\Drivers\M41T94.o
                0x08016df8                Init_M41T94rtc
 .text.ReadTime_M41T94rtc
                0x08016e9c      0x25c Src\Drivers\M41T94.o
                0x08016e9c                ReadTime_M41T94rtc
 .text.Display_Time
                0x080170f8      0x160 Src\Drivers\M41T94.o
                0x080170f8                Display_Time
 .text.ReadByte_M41T94rtc
                0x08017258       0x10 Src\Drivers\M41T94.o
                0x08017258                ReadByte_M41T94rtc
 .text.WriteByte_M41T94rtc
                0x08017268       0x30 Src\Drivers\M41T94.o
                0x08017268                WriteByte_M41T94rtc
 .text.Time_Checker_M41T94rtc
                0x08017298       0x88 Src\Drivers\M41T94.o
                0x08017298                Time_Checker_M41T94rtc
 .text.Time_Checker_0_99
                0x08017320      0x294 Src\Drivers\M41T94.o
                0x08017320                Time_Checker_0_99
 .text.Time_Checker_0_59
                0x080175b4      0x194 Src\Drivers\M41T94.o
                0x080175b4                Time_Checker_0_59
 .text.Time_Checker_1_31
                0x08017748       0xf0 Src\Drivers\M41T94.o
                0x08017748                Time_Checker_1_31
 .text.Time_Checker_0_23
                0x08017838       0xbc Src\Drivers\M41T94.o
                0x08017838                Time_Checker_0_23
 .text.Time_Checker_1_12
                0x080178f4       0x74 Src\Drivers\M41T94.o
                0x080178f4                Time_Checker_1_12
 .text.MCP23S17_CS_LOW
                0x08017968       0x50 Src\Drivers\MCP23S17.o
                0x08017968                MCP23S17_CS_LOW
 .text.MCP23S17_CS_HIGH
                0x080179b8       0x50 Src\Drivers\MCP23S17.o
                0x080179b8                MCP23S17_CS_HIGH
 .text.MCP23S17_SendByte
                0x08017a08       0x28 Src\Drivers\MCP23S17.o
                0x08017a08                MCP23S17_SendByte
 .text.MCP23S17_CS_Init
                0x08017a30      0x154 Src\Drivers\MCP23S17.o
                0x08017a30                MCP23S17_CS_Init
 .text.MCP23S17_ReadByte
                0x08017b84       0x30 Src\Drivers\MCP23S17.o
                0x08017b84                MCP23S17_ReadByte
 .text.Get_ExpanderIO_Input_Bytes
                0x08017bb4       0xb4 Src\Drivers\MCP23S17.o
                0x08017bb4                Get_ExpanderIO_Input_Bytes
 .text.Set_ExpanderIO_In_Flags
                0x08017c68      0x420 Src\Drivers\MCP23S17.o
                0x08017c68                Set_ExpanderIO_In_Flags
 .text.Set_ExpanderIO_Output_Bytes
                0x08018088      0x1f4 Src\Drivers\MCP23S17.o
                0x08018088                Set_ExpanderIO_Output_Bytes
 .text.Latch_IOExpander_Outputs
                0x0801827c       0xec Src\Drivers\MCP23S17.o
                0x0801827c                Latch_IOExpander_Outputs
 .text.MR25H40_CS_LOW
                0x08018368       0x10 Src\Drivers\MR25H40.o
                0x08018368                MR25H40_CS_LOW
 .text.MR25H40_CS_HIGH
                0x08018378       0x10 Src\Drivers\MR25H40.o
                0x08018378                MR25H40_CS_HIGH
 .text.MR25H40_Write_StatusByte
                0x08018388       0x34 Src\Drivers\MR25H40.o
                0x08018388                MR25H40_Write_StatusByte
 .text.MR25H40_WritePage
                0x080183bc       0x7c Src\Drivers\MR25H40.o
                0x080183bc                MR25H40_WritePage
 .text.MR25H40_WriteBuffer
                0x08018438      0x1e0 Src\Drivers\MR25H40.o
                0x08018438                MR25H40_WriteBuffer
 .text.MR25H40_ReadBuffer
                0x08018618       0x58 Src\Drivers\MR25H40.o
                0x08018618                MR25H40_ReadBuffer
 .text.MR25H40_SendByte
                0x08018670       0x30 Src\Drivers\MR25H40.o
                0x08018670                MR25H40_SendByte
 .text.MR25H40_WriteEnable
                0x080186a0       0x16 Src\Drivers\MR25H40.o
                0x080186a0                MR25H40_WriteEnable
 .text.MR25H40_WaitForWriteEnd
                0x080186b6       0x4c Src\Drivers\MR25H40.o
                0x080186b6                MR25H40_WaitForWriteEnd
 .text.NV_RAM_SPI_Test
                0x08018702      0x15c Src\Drivers\MR25H40.o
                0x08018702                NV_RAM_SPI_Test
 *fill*         0x0801885e        0x2 
 .text.S29GL01GS_Init