LCD.c:59:6:LTDC_switch_framebuffer	4	static
LCD.c:76:10:LTDC_get_backbuffer_address	4	static
LCD.c:89:10:BSP_LCD_GetXSize	4	static
LCD.c:98:10:BSP_LCD_GetYSize	4	static
LCD.c:108:6:BSP_LCD_SetXSize	16	static
LCD.c:117:6:BSP_LCD_SetYSize	16	static
LCD.c:129:6:BSP_LCD_LayerDefaultInit	72	static
LCD.c:164:6:BSP_LCD_SelectLayer	16	static
LCD.c:170:9:BSP_LCD_ActiveLayer	4	static
LCD.c:183:6:BSP_LCD_SetLayerVisible	16	static
LCD.c:203:6:BSP_LCD_SetTransparency	16	static
LCD.c:215:6:BSP_LCD_SetLayerAddress	16	static
LCD.c:230:6:BSP_LCD_SetLayerWindow	24	static
LCD.c:245:6:BSP_LCD_SetColorKeying	16	static
LCD.c:256:6:BSP_LCD_ResetColorKeying	16	static
LCD.c:266:6:BSP_LCD_SetTextColor	16	static
LCD.c:275:10:BSP_LCD_GetTextColor	4	static
LCD.c:284:6:BSP_LCD_SetBackColor	16	static
LCD.c:293:10:BSP_LCD_GetBackColor	4	static
LCD.c:302:6:BSP_LCD_SetFont	16	static
LCD.c:311:8:BSP_LCD_GetFont	4	static
LCD.c:322:10:BSP_LCD_ReadPixel	32	static
LCD.c:357:6:BSP_LCD_Clear	32	static
LCD.c:368:6:BSP_LCD_ClearStringLine	32	static
LCD.c:380:6:LTDC_Switch_Active_Layer	4	static
LCD.c:409:6:BSP_LCD_DisplayChar	24	static
LCD.c:426:6:BSP_LCD_DisplayStringAt	48	static
LCD.c:489:6:BSP_LCD_DisplayStringAtLine	16	static
LCD.c:500:6:BSP_LCD_DrawHLine	40	static
LCD.c:517:6:BSP_LCD_DrawVLine	48	static
LCD.c:535:6:BSP_LCD_DrawLine	56	static
LCD.c:609:6:BSP_LCD_DrawRect	24	static
LCD.c:626:6:BSP_LCD_DrawCircle	40	static
LCD.c:672:6:BSP_LCD_DrawPolygon	32	static
LCD.c:699:6:BSP_LCD_DrawEllipse	72	static
LCD.c:725:6:BSP_LCD_DrawBitmap_NoHeader	56	static
LCD.c:771:6:BSP_LCD_DrawBitmap	72	static
LCD.c:827:6:App_printImg	32	static
LCD.c:844:6:BSP_LCD_ValidateBitmap	40	static
LCD.c:883:6:BSP_LCD_FillRect	48	static
LCD.c:907:6:BSP_LCD_FillCircle	32	static
LCD.c:954:6:BSP_LCD_FillPolygon	64	static
LCD.c:1021:6:BSP_LCD_FillEllipse	64	static
LCD.c:1051:6:BSP_LCD_DisplayOn	8	static
LCD.c:1064:6:BSP_LCD_DisplayOff	8	static
LCD.c:1075:6:BSP_LCD_SetBrightness	16	static
LCD.c:1100:6:DSI_IO_WriteCmd	24	static
LCD.c:1121:13:BSP_LCD_MspDeInit	8	static
LCD.c:1147:13:BSP_LCD_MspInit	24	static
LCD.c:1189:6:BSP_LCD_DrawPixel	32	static
LCD.c:1210:13:DrawChar	40	static
LCD.c:1271:13:FillTriangle	56	static
LCD.c:1348:13:LL_FillBuffer	32	static
LCD.c:1392:13:LL_ConvertLineToARGB8888	32	static
LCD.c:1431:13:LL_ConvertLineToRGB565	32	static
