LCD.c:64:6:LTDC_switch_framebuffer	4	static
LCD.c:81:10:LTDC_get_backbuffer_address	4	static
LCD.c:94:10:BSP_LCD_GetXSize	4	static
LCD.c:103:10:BSP_LCD_GetYSize	4	static
LCD.c:113:6:BSP_LCD_SetXSize	16	static
LCD.c:122:6:BSP_LCD_SetYSize	16	static
LCD.c:134:6:BSP_LCD_LayerDefaultInit	72	static
LCD.c:169:6:BSP_LCD_SelectLayer	16	static
LCD.c:175:9:BSP_LCD_ActiveLayer	4	static
LCD.c:188:6:BSP_LCD_SetLayerVisible	16	static
LCD.c:208:6:BSP_LCD_SetTransparency	16	static
LCD.c:220:6:BSP_LCD_SetLayerAddress	16	static
LCD.c:235:6:BSP_LCD_SetLayerWindow	24	static
LCD.c:250:6:BSP_LCD_SetColorKeying	16	static
LCD.c:261:6:BSP_LCD_ResetColorKeying	16	static
LCD.c:271:6:BSP_LCD_SetTextColor	16	static
LCD.c:280:10:BSP_LCD_GetTextColor	4	static
LCD.c:289:6:BSP_LCD_SetBackColor	16	static
LCD.c:298:10:BSP_LCD_GetBackColor	4	static
LCD.c:307:6:BSP_LCD_SetFont	16	static
LCD.c:316:8:BSP_LCD_GetFont	4	static
LCD.c:327:10:BSP_LCD_ReadPixel	32	static
LCD.c:362:6:BSP_LCD_Clear	32	static
LCD.c:373:6:BSP_LCD_ClearStringLine	32	static
LCD.c:385:6:LTDC_Switch_Active_Layer	16	static
LCD.c:414:6:BSP_LCD_DisplayChar	24	static
LCD.c:431:6:BSP_LCD_DisplayStringAt	48	static
LCD.c:494:6:BSP_LCD_DisplayStringAtLine	16	static
LCD.c:505:6:BSP_LCD_DrawHLine	40	static
LCD.c:522:6:BSP_LCD_DrawVLine	48	static
LCD.c:540:6:BSP_LCD_DrawLine	56	static
LCD.c:614:6:BSP_LCD_DrawRect	24	static
LCD.c:631:6:BSP_LCD_DrawCircle	40	static
LCD.c:677:6:BSP_LCD_DrawPolygon	32	static
LCD.c:704:6:BSP_LCD_DrawEllipse	72	static
LCD.c:730:6:BSP_LCD_DrawBitmap_NoHeader	56	static
LCD.c:776:6:BSP_LCD_DrawBitmap	64	static
LCD.c:834:6:App_printImg	32	static
LCD.c:851:6:BSP_LCD_ValidateBitmap	40	static
LCD.c:890:6:BSP_LCD_FillRect	48	static
LCD.c:914:6:BSP_LCD_FillCircle	32	static
LCD.c:961:6:BSP_LCD_FillPolygon	64	static
LCD.c:1028:6:BSP_LCD_FillEllipse	64	static
LCD.c:1058:6:BSP_LCD_DisplayOn	8	static
LCD.c:1071:6:BSP_LCD_DisplayOff	8	static
LCD.c:1082:6:BSP_LCD_SetBrightness	16	static
LCD.c:1107:6:DSI_IO_WriteCmd	24	static
LCD.c:1128:13:BSP_LCD_MspDeInit	8	static
LCD.c:1154:13:BSP_LCD_MspInit	24	static
LCD.c:1196:6:BSP_LCD_DrawPixel	32	static
LCD.c:1217:13:DrawChar	40	static
LCD.c:1278:13:FillTriangle	56	static
LCD.c:1355:13:LL_FillBuffer	32	static
LCD.c:1400:13:LL_ConvertLineToARGB8888	32	static
LCD.c:1439:13:LL_ConvertLineToRGB565	32	static
