M41T94.c:55:6:select_RTC	8	static
M41T94.c:65:6:release_RTC	8	static
M41T94.c:73:6:release_RTC_all	16	static
M41T94.c:100:6:Init_M41T94rtc	8	static
M41T94.c:142:6:update_time_test	16	static
M41T94.c:169:6:update_time_Compilation	16	static
M41T94.c:198:6:Extract_Time	16	static
M41T94.c:325:6:update_time	24	static
M41T94.c:352:6:ReadTime_M41T94rtc	16	static
M41T94.c:427:6:Display_Time	56	static
M41T94.c:479:6:Display_Time_New_Font	4	static
M41T94.c:545:6:PrintTime_M41T94rtc	8	static
M41T94.c:585:9:ReadByte_M41T94rtc	8	static
M41T94.c:598:9:WriteByte_M41T94rtc	32	static
M41T94.c:609:6:Time_Checker_M41T94rtc	8	static
M41T94.c:624:6:Time_Checker_0_99	16	static
M41T94.c:647:6:Time_Checker_0_59	16	static
M41T94.c:665:6:Time_Checker_1_31	16	static
M41T94.c:681:6:Time_Checker_0_23	16	static
M41T94.c:696:6:Time_Checker_1_12	16	static
M41T94.c:719:6:WriteTime_M41T94rtc	8	static
M41T94.c:751:9:BCD_to_BIN	16	static
M41T94.c:761:9:BIN_to_BCD	24	static
M41T94.c:775:6:ReadBinary_M41T94rtc	8	static
M41T94.c:792:6:SaveTime_M41T94rtc	8	static
