VisionMasterCommands.c:19:5:VCSendMessage	32	static
VisionMasterCommands.c:47:6:VCSaveSetting	56	static
VisionMasterCommands.c:69:6:VCSetPulseMantagActivities	24	static
VisionMasterCommands.c:77:6:VCSetPulse300Activities	24	static
VisionMasterCommands.c:85:6:VCSetPulse400Activities	24	static
VisionMasterCommands.c:93:6:VCSetPulse500Activities	24	static
VisionMasterCommands.c:101:6:VCSetRangerActivities	24	static
VisionMasterCommands.c:109:6:VCSetGPS100Activities	24	static
VisionMasterCommands.c:126:6:VCSendData	88	static
VisionMasterCommands.c:147:6:VCGetStatus	16	static
VisionMasterCommands.c:168:6:VCGetGNSSCoordinates	16	static
VisionMasterCommands.c:183:6:VCGetTransponderLogCount	24	static
VisionMasterCommands.c:203:6:VCGetODO	16	static
VisionMasterCommands.c:218:6:VCGetTransponderLog	24	static
VisionMasterCommands.c:242:6:VCGetGNSSAntennaStatus	16	static
VisionMasterCommands.c:254:6:VCResetModule	16	static
VisionMasterCommands.c:266:6:VCDrivingInfo	24	static
VisionMasterCommands.c:284:6:VCGetSetting	24	static
VisionMasterCommands.c:302:6:VCGetUID	16	static
VisionMasterCommands.c:314:6:VCGetFWRev	16	static
VisionMasterCommands.c:326:6:VCGetWhoAmI	16	static
VisionMasterCommands.c:338:6:VCResetTransponderLog	16	static
VisionMasterCommands.c:350:6:VCResetODO	16	static
