stm32f7xx_it.c:78:6:LTDC_IRQHandler	8	static
stm32f7xx_it.c:86:6:NMI_Handler	4	static
stm32f7xx_it.c:99:6:HardFault_Handler	4	static
stm32f7xx_it.c:117:6:MemManage_Handler	4	static
stm32f7xx_it.c:135:6:BusFault_Handler	4	static
stm32f7xx_it.c:153:6:UsageFault_Handler	4	static
stm32f7xx_it.c:171:6:SVC_Handler	4	static
stm32f7xx_it.c:184:6:DebugMon_Handler	4	static
stm32f7xx_it.c:197:6:PendSV_Handler	4	static
stm32f7xx_it.c:210:6:SysTick_Handler	8	static
stm32f7xx_it.c:232:6:OTG_FS_IRQHandler	8	static
stm32f7xx_it.c:243:6:USART1_IRQHandler	16	static
stm32f7xx_it.c:264:6:USART3_IRQHandler	8	static
stm32f7xx_it.c:275:6:UART5_IRQHandler	16	static
stm32f7xx_it.c:292:6:DMA1_Stream0_IRQHandler	8	static
stm32f7xx_it.c:306:6:CAN1_RX0_IRQHandler	8	static
stm32f7xx_it.c:315:6:CAN2_RX0_IRQHandler	8	static
stm32f7xx_it.c:320:6:USART6_IRQHandler	16	static
stm32f7xx_it.c:334:6:DMA2_Stream6_IRQHandler	8	static
stm32f7xx_it.c:340:6:DMA2_Stream2_IRQHandler	8	static
stm32f7xx_it.c:348:6:TIM3_IRQHandler	8	static
stm32f7xx_it.c:365:6:TIM4_IRQHandler	8	static
stm32f7xx_it.c:378:6:HAL_UART_RxCpltCallback	16	static
