stm32f7xx_it.c:77:6:LTDC_IRQHandler	8	static
stm32f7xx_it.c:85:6:NMI_Handler	4	static
stm32f7xx_it.c:98:6:HardFault_Handler	4	static
stm32f7xx_it.c:116:6:MemManage_Handler	4	static
stm32f7xx_it.c:134:6:BusFault_Handler	4	static
stm32f7xx_it.c:152:6:UsageFault_Handler	4	static
stm32f7xx_it.c:170:6:SVC_Handler	4	static
stm32f7xx_it.c:183:6:DebugMon_Handler	4	static
stm32f7xx_it.c:196:6:PendSV_Handler	4	static
stm32f7xx_it.c:209:6:SysTick_Handler	8	static
stm32f7xx_it.c:231:6:OTG_FS_IRQHandler	8	static
stm32f7xx_it.c:242:6:USART1_IRQHandler	16	static
stm32f7xx_it.c:263:6:USART3_IRQHandler	8	static
stm32f7xx_it.c:274:6:UART5_IRQHandler	16	static
stm32f7xx_it.c:291:6:DMA1_Stream0_IRQHandler	8	static
stm32f7xx_it.c:305:6:CAN1_RX0_IRQHandler	8	static
stm32f7xx_it.c:314:6:CAN2_RX0_IRQHandler	8	static
stm32f7xx_it.c:319:6:USART6_IRQHandler	16	static
stm32f7xx_it.c:333:6:DMA2_Stream6_IRQHandler	8	static
stm32f7xx_it.c:339:6:DMA2_Stream2_IRQHandler	8	static
stm32f7xx_it.c:347:6:TIM3_IRQHandler	8	static
stm32f7xx_it.c:364:6:TIM4_IRQHandler	8	static
stm32f7xx_it.c:377:6:HAL_UART_RxCpltCallback	16	static
