App_EventManager.c:24:6:App_EventManager_Init	16	static
App_EventManager.c:51:6:App_EventControl	8	static
App_EventManager.c:75:6:App_EventHandleActives	16	static
App_EventManager.c:145:9:App_EventDetermineMostImportantEventGroup	16	static
App_EventManager.c:165:10:App_EventDetermineApplyID	16	static
App_EventManager.c:190:10:App_EventDetermineSplashID	16	static
App_EventManager.c:218:9:App_EventDetermineMostImportantAction	24	static
App_EventManager.c:254:9:App_EventReferenceDetermineMostImportantAction	24	static
App_EventManager.c:302:6:App_EventProcess	16	static
App_EventManager.c:314:6:App_EventDisplay	16	static
App_EventManager.c:358:10:App_EventScreenGetContentGroup	4	static
App_EventManager.c:364:9:App_EventScreenGetDsipType	4	static
App_EventManager.c:382:6:App_EventBuzzer	16	static
App_EventManager.c:420:6:App_EventApply	16	static
App_EventManager.c:478:6:App_EventACK	16	static
App_EventManager.c:545:6:App_EventSet	24	static
App_EventManager.c:573:6:App_EventSetACK	16	static
App_EventManager.c:582:6:App_EventSetTimeStamp	16	static
App_EventManager.c:608:6:App_EventClear	16	static
App_EventManager.c:631:6:App_EventClearProcessed	16	static
App_EventManager.c:649:6:App_EventClearLogged	16	static
App_EventManager.c:666:6:App_EventClearACK	16	static
App_EventManager.c:683:6:App_EventMove	96	static
App_EventManager.c:704:6:App_EventResetCAS	4	static
App_EventManager.c:726:6:App_EventManageUpdates	336	static
App_EventManager.c:772:6:App_EventListSort	32	static
App_EventManager.c:819:8:App_EventRemove	24	static
App_EventManager.c:882:8:App_EventUpdate	160	static
App_EventManager.c:929:6:App_EventFindInList	16	static
App_EventManager.c:954:8:App_EventFlagRst	24	static
App_EventManager.c:978:6:App_EventExtractName	64	dynamic
App_EventManager.c:1012:6:App_EventUpdateThreatImage	16	static
App_EventManager.c:1030:6:App_EventUpdateAddtionalInfo	16	static
App_EventManager.c:1048:6:App_EventUpdateActions	16	static
App_EventManager.c:1068:6:App_EventUpdateData	16	static
App_EventManager.c:1089:6:App_EventSplashHandler	4	static
App_EventManager.c:1116:6:App_EventHandler	8	static
