ethernetif.c:111:6:HAL_ETH_MspInit	48	static
ethernetif.c:167:6:HAL_ETH_MspDeInit	16	static
ethernetif.c:216:13:low_level_init	32	static
ethernetif.c:324:14:low_level_output	48	static
ethernetif.c:408:22:low_level_input	56	static
ethernetif.c:493:6:ethernetif_set_link	24	static
ethernetif.c:527:6:ethernetif_input	32	static
ethernetif.c:585:7:ethernetif_init	16	static
ethernetif.c:632:7:sys_jiffies	8	static
ethernetif.c:643:7:sys_now	8	static
ethernetif.c:661:6:ethernetif_update_config	24	static
ethernetif.c:749:13:ethernetif_notify_conn_changed	16	static
