F769_LCD.c:70:18:DSI_Init	24	static
F769_LCD.c:144:6:LTDC_Init	8	static
F769_LCD.c:184:9:BSP_LCD_Init	16	static
F769_LCD.c:214:6:LTDC_switch_framebuffer	4	static
F769_LCD.c:231:10:LTDC_get_backbuffer_address	4	static
F769_LCD.c:243:6:BSP_LCD_Reset	32	static
F769_LCD.c:273:10:BSP_LCD_GetXSize	4	static
F769_LCD.c:282:10:BSP_LCD_GetYSize	4	static
F769_LCD.c:292:6:BSP_LCD_SetXSize	16	static
F769_LCD.c:301:6:BSP_LCD_SetYSize	16	static
F769_LCD.c:313:6:BSP_LCD_LayerDefaultInit	72	static
F769_LCD.c:348:6:BSP_LCD_SelectLayer	16	static
F769_LCD.c:354:9:BSP_LCD_ActiveLayer	4	static
F769_LCD.c:367:6:BSP_LCD_SetLayerVisible	16	static
F769_LCD.c:387:6:BSP_LCD_SetTransparency	16	static
F769_LCD.c:399:6:BSP_LCD_SetLayerAddress	16	static
F769_LCD.c:414:6:BSP_LCD_SetLayerWindow	24	static
F769_LCD.c:429:6:BSP_LCD_SetColorKeying	16	static
F769_LCD.c:440:6:BSP_LCD_ResetColorKeying	16	static
F769_LCD.c:450:6:BSP_LCD_SetTextColor	16	static
F769_LCD.c:459:10:BSP_LCD_GetTextColor	4	static
F769_LCD.c:468:6:BSP_LCD_SetBackColor	16	static
F769_LCD.c:477:10:BSP_LCD_GetBackColor	4	static
F769_LCD.c:486:6:BSP_LCD_SetFont	16	static
F769_LCD.c:495:8:BSP_LCD_GetFont	4	static
F769_LCD.c:506:10:BSP_LCD_ReadPixel	32	static
F769_LCD.c:541:6:BSP_LCD_Clear	32	static
F769_LCD.c:552:6:BSP_LCD_ClearStringLine	32	static
F769_LCD.c:564:6:LTDC_Switch_Active_Layer	4	static
F769_LCD.c:593:6:BSP_LCD_DisplayChar	24	static
F769_LCD.c:610:6:BSP_LCD_DisplayStringAt	48	static
F769_LCD.c:673:6:BSP_LCD_DisplayStringAtLine	16	static
F769_LCD.c:684:6:BSP_LCD_DrawHLine	40	static
F769_LCD.c:701:6:BSP_LCD_DrawVLine	48	static
F769_LCD.c:719:6:BSP_LCD_DrawLine	56	static
F769_LCD.c:793:6:BSP_LCD_DrawRect	24	static
F769_LCD.c:810:6:BSP_LCD_DrawCircle	40	static
F769_LCD.c:856:6:BSP_LCD_DrawPolygon	32	static
F769_LCD.c:883:6:BSP_LCD_DrawEllipse	72	static
F769_LCD.c:909:6:BSP_LCD_DrawBitmap_NoHeader	56	static
F769_LCD.c:955:6:BSP_LCD_DrawBitmap	72	static
F769_LCD.c:1011:6:App_printImg	32	static
F769_LCD.c:1028:6:BSP_LCD_ValidateBitmap	40	static
F769_LCD.c:1067:6:BSP_LCD_FillRect	48	static
F769_LCD.c:1091:6:BSP_LCD_FillCircle	32	static
F769_LCD.c:1138:6:BSP_LCD_FillPolygon	64	static
F769_LCD.c:1205:6:BSP_LCD_FillEllipse	64	static
F769_LCD.c:1235:6:BSP_LCD_DisplayOn	8	static
F769_LCD.c:1248:6:BSP_LCD_DisplayOff	8	static
F769_LCD.c:1259:6:BSP_LCD_SetBrightness	16	static
F769_LCD.c:1284:6:DSI_IO_WriteCmd	24	static
F769_LCD.c:1305:13:BSP_LCD_MspDeInit	8	static
F769_LCD.c:1331:13:BSP_LCD_MspInit	24	static
F769_LCD.c:1373:6:BSP_LCD_DrawPixel	32	static
F769_LCD.c:1393:13:DrawChar	40	static
F769_LCD.c:1454:13:FillTriangle	56	static
F769_LCD.c:1531:13:LL_FillBuffer	32	static
F769_LCD.c:1575:13:LL_ConvertLineToARGB8888	32	static
F769_LCD.c:1614:13:LL_ConvertLineToRGB565	32	static
