F769_QSPI.c:119:9:BSP_StatusReadRequest	8	static
F769_QSPI.c:128:9:BSP_QSPI_Init	16	static
F769_QSPI.c:194:9:BSP_QSPI_DeInit	8	static
F769_QSPI.c:223:9:BSP_QSPI_Read	80	static
F769_QSPI.c:269:9:BSP_QSPI_Write	96	static
F769_QSPI.c:343:9:BSP_QSPI_Erase_Block	72	static
F769_QSPI.c:385:9:BSP_QSPI_Erase_Chip	64	static
F769_QSPI.c:425:9:BSP_QSPI_GetStatus	72	static
F769_QSPI.c:470:9:BSP_QSPI_GetInfo	16	static
F769_QSPI.c:486:9:BSP_QSPI_EnableMemoryMappedMode	72	static
F769_QSPI.c:531:13:BSP_QSPI_MspInit	64	static
F769_QSPI.c:592:13:BSP_QSPI_MspDeInit	16	static
F769_QSPI.c:620:16:QSPI_ResetMemory	104	static
F769_QSPI.c:781:16:QSPI_EnterFourBytesAddress	72	static
F769_QSPI.c:822:16:QSPI_DummyCyclesCfg	88	static
F769_QSPI.c:919:16:QSPI_EnterMemory_QPI	96	static
F769_QSPI.c:967:16:QSPI_ExitMemory_QPI	72	static
F769_QSPI.c:997:16:QSPI_OutDrvStrengthCfg	88	static
F769_QSPI.c:1093:16:QSPI_WriteEnable	96	static
F769_QSPI.c:1138:9:QSPI_StatusReadRequest	80	static
F769_QSPI.c:1176:16:QSPI_AutoPollingMemReady	96	static
