15:38:31 **** Incremental Build of configuration Debug for project M-PFW-043-00 ****
Info: Internal Builder is used for build
arm-atollic-eabi-gcc -c -mthumb -mcpu=cortex-m7 -mfloat-abi=hard -mfpu=fpv5-sp-d16 -std=gnu11 -D__weak=__attribute__((weak)) -D__packed=__attribute__((__packed__)) -DUSE_HAL_DRIVER -DSTM32F769xx -I../Drivers/STM32F7xx_HAL_Driver/Inc -I../Drivers/STM32F7xx_HAL_Driver/Inc/Legacy -I../Middlewares/ST/STM32_USB_Host_Library/Core/Inc -I../Middlewares/ST/STM32_USB_Host_Library/Class/MSC/Inc -I../Drivers/CMSIS/Device/ST/STM32F7xx/Include -I../Middlewares/Third_Party/FatFs/src -I../Drivers/CMSIS/Include -I../Project_Headers -I../Project_Source -I../Project_Source/Event_Management -I../Project_Source/Threat_Management -I../VisionShared -I../VisionShared/MasterInterface -I../VisionShared/TagTypes -I../Fonts -I../Header -I../Header/F769 -I../Header/BSP -I../Header/ICs -I../Project_Source/USB -I../Project_Source/System_Control -I../Project_Source/Interface -I../Middlewares/Third_Party/LwIP/system -I../LWIP -I../Middlewares/Third_Party/LwIP/src/include/lwip/prot -I../Middlewares/Third_Party/LwIP/src/include -I../Middlewares/Third_Party/LwIP/src/include/netif/ppp -I../Middlewares/Third_Party/LwIP/src/include/lwip/apps -I../Middlewares/Third_Party/LwIP/src/include/lwip/priv -I../Middlewares/Third_Party/LwIP/src/include/netif -I../Middlewares/Third_Party/LwIP/src/include/posix -I../Middlewares/Third_Party/LwIP/src/include/posix/sys -I../Middlewares/Third_Party/LwIP/system/arch -I../Middlewares/Third_Party/LwIP/src/include/lwip -O0 -ffunction-sections -fdata-sections -g -fstack-usage -Wall -o Src\F769\F769_LCD.o ..\Src\F769\F769_LCD.c 
In file included from ../Header/Global_Variables.h:117:0,
                 from ../Header/F769/F769_LCD.h:68,
                 from ..\Src\F769\F769_LCD.c:36:
../Project_Headers/App_Debug.h:14:1: warning: "/*" within comment [-Wcomment]
 /*--------------------------------
  
..\Src\F769\F769_LCD.c: In function 'BSP_LCD_DrawBitmap_NoHeader':
..\Src\F769\F769_LCD.c:911:11: warning: unused variable 'index' [-Wunused-variable]
  uint32_t index = 0;
           ^~~~~
..\Src\F769\F769_LCD.c: In function 'BSP_LCD_DrawBitmap':
..\Src\F769\F769_LCD.c:1001:10: warning: 'return' with a value, in function returning void
   return true;
          ^~~~
..\Src\F769\F769_LCD.c:955:6: note: declared here
 void BSP_LCD_DrawBitmap(uint32_t Xpos, uint32_t Ypos, uint8_t* pbmp)
      ^~~~~~~~~~~~~~~~~~
..\Src\F769\F769_LCD.c:1006:10: warning: 'return' with a value, in function returning void
   return false;
          ^~~~~
..\Src\F769\F769_LCD.c:955:6: note: declared here
 void BSP_LCD_DrawBitmap(uint32_t Xpos, uint32_t Ypos, uint8_t* pbmp)
      ^~~~~~~~~~~~~~~~~~
..\Src\F769\F769_LCD.c: In function 'BSP_LCD_FillRect':
..\Src\F769\F769_LCD.c:1078:4: warning: this 'while' clause does not guard... [-Wmisleading-indentation]
    while ((LTDC->CDSR & LTDC_CDSR_VSYNCS) == 0);
    ^~~~~
..\Src\F769\F769_LCD.c:1079:5: note: ...this statement, but the latter is misleadingly indented as if it is guarded by the 'while'
     LL_FillBuffer(ActiveLayer, (uint32_t *)Xaddress, Width, Height,(BSP_LCD_GetXSize()-Width)*1.5, DrawProp[ActiveLayer].TextColor);
     ^~~~~~~~~~~~~
..\Src\F769\F769_LCD.c: In function 'BSP_LCD_DrawPixel':
..\Src\F769\F769_LCD.c:1378:10: warning: unused variable 'R' [-Wunused-variable]
  uint8_t R = (uint8_t)(RGB_Code >> 16);
          ^
..\Src\F769\F769_LCD.c:1377:10: warning: unused variable 'G' [-Wunused-variable]
  uint8_t G = (uint8_t)(RGB_Code >> 8);
          ^
..\Src\F769\F769_LCD.c:1376:10: warning: unused variable 'B' [-Wunused-variable]
  uint8_t B = (uint8_t)RGB_Code;
          ^
At top level:
..\Src\F769\F769_LCD.c:1062:23: warning: 'Address_Buffers' defined but not used [-Wunused-const-variable=]
 static const uint32_t Address_Buffers[] =
                       ^~~~~~~~~~~~~~~
arm-atollic-eabi-gcc -o M-PFW-043-00.elf Drivers\STM32F7xx_HAL_Driver\Src\stm32f7xx_hal.o Drivers\STM32F7xx_HAL_Driver\Src\stm32f7xx_hal_adc.o Drivers\STM32F7xx_HAL_Driver\Src\stm32f7xx_hal_adc_ex.o Drivers\STM32F7xx_HAL_Driver\Src\stm32f7xx_hal_can.o Drivers\STM32F7xx_HAL_Driver\Src\stm32f7xx_hal_cortex.o Drivers\STM32F7xx_HAL_Driver\Src\stm32f7xx_hal_dma.o Drivers\STM32F7xx_HAL_Driver\Src\stm32f7xx_hal_dma2d.o Drivers\STM32F7xx_HAL_Driver\Src\stm32f7xx_hal_dma_ex.o Drivers\STM32F7xx_HAL_Driver\Src\stm32f7xx_hal_dsi.o Drivers\STM32F7xx_HAL_Driver\Src\stm32f7xx_hal_eth.o Drivers\STM32F7xx_HAL_Driver\Src\stm32f7xx_hal_flash.o Drivers\STM32F7xx_HAL_Driver\Src\stm32f7xx_hal_flash_ex.o Drivers\STM32F7xx_HAL_Driver\Src\stm32f7xx_hal_gpio.o Drivers\STM32F7xx_HAL_Driver\Src\stm32f7xx_hal_hcd.o Drivers\STM32F7xx_HAL_Driver\Src\stm32f7xx_hal_i2c.o Drivers\STM32F7xx_HAL_Driver\Src\stm32f7xx_hal_i2c_ex.o Drivers\STM32F7xx_HAL_Driver\Src\stm32f7xx_hal_iwdg.o Drivers\STM32F7xx_HAL_Driver\Src\stm32f7xx_hal_jpeg.o Drivers\STM32F7xx_HAL_Driver\Src\stm32f7xx_hal_ltdc.o Drivers\STM32F7xx_HAL_Driver\Src\stm32f7xx_hal_ltdc_ex.o Drivers\STM32F7xx_HAL_Driver\Src\stm32f7xx_hal_nor.o Drivers\STM32F7xx_HAL_Driver\Src\stm32f7xx_hal_pwr.o Drivers\STM32F7xx_HAL_Driver\Src\stm32f7xx_hal_pwr_ex.o Drivers\STM32F7xx_HAL_Driver\Src\stm32f7xx_hal_qspi.o Drivers\STM32F7xx_HAL_Driver\Src\stm32f7xx_hal_rcc.o Drivers\STM32F7xx_HAL_Driver\Src\stm32f7xx_hal_rcc_ex.o Drivers\STM32F7xx_HAL_Driver\Src\stm32f7xx_hal_spi.o Drivers\STM32F7xx_HAL_Driver\Src\stm32f7xx_hal_sram.o Drivers\STM32F7xx_HAL_Driver\Src\stm32f7xx_hal_tim.o Drivers\STM32F7xx_HAL_Driver\Src\stm32f7xx_hal_tim_ex.o Drivers\STM32F7xx_HAL_Driver\Src\stm32f7xx_hal_uart.o Drivers\STM32F7xx_HAL_Driver\Src\stm32f7xx_ll_fmc.o Drivers\STM32F7xx_HAL_Driver\Src\stm32f7xx_ll_usb.o Fonts\font12.o Fonts\font16.o Fonts\font20.o Fonts\font24.o Fonts\font8.o LWIP\TCP.o LWIP\app_ethernet.o LWIP\ethernetif.o LWIP\lwip.o LWIP\tcp_echoclient.o Middlewares\ST\STM32_USB_Host_Library\Class\MSC\Src\usbh_msc.o Middlewares\ST\STM32_USB_Host_Library\Class\MSC\Src\usbh_msc_bot.o Middlewares\ST\STM32_USB_Host_Library\Class\MSC\Src\usbh_msc_scsi.o Middlewares\ST\STM32_USB_Host_Library\Core\Src\usbh_core.o Middlewares\ST\STM32_USB_Host_Library\Core\Src\usbh_ctlreq.o Middlewares\ST\STM32_USB_Host_Library\Core\Src\usbh_ioreq.o Middlewares\ST\STM32_USB_Host_Library\Core\Src\usbh_pipes.o Middlewares\Third_Party\FatFs\src\diskio.o Middlewares\Third_Party\FatFs\src\ff.o Middlewares\Third_Party\FatFs\src\ff_gen_drv.o Middlewares\Third_Party\FatFs\src\option\ccsbcs.o Middlewares\Third_Party\FatFs\src\option\syscall.o Middlewares\Third_Party\LwIP\src\api\api_lib.o Middlewares\Third_Party\LwIP\src\api\api_msg.o Middlewares\Third_Party\LwIP\src\api\err.o Middlewares\Third_Party\LwIP\src\api\netbuf.o Middlewares\Third_Party\LwIP\src\api\netdb.o Middlewares\Third_Party\LwIP\src\api\netifapi.o Middlewares\Third_Party\LwIP\src\api\sockets.o Middlewares\Third_Party\LwIP\src\api\tcpip.o Middlewares\Third_Party\LwIP\src\apps\mqtt\mqtt.o Middlewares\Third_Party\LwIP\src\core\def.o Middlewares\Third_Party\LwIP\src\core\dns.o Middlewares\Third_Party\LwIP\src\core\inet_chksum.o Middlewares\Third_Party\LwIP\src\core\init.o Middlewares\Third_Party\LwIP\src\core\ip.o Middlewares\Third_Party\LwIP\src\core\ipv4\autoip.o Middlewares\Third_Party\LwIP\src\core\ipv4\dhcp.o Middlewares\Third_Party\LwIP\src\core\ipv4\etharp.o Middlewares\Third_Party\LwIP\src\core\ipv4\icmp.o Middlewares\Third_Party\LwIP\src\core\ipv4\igmp.o Middlewares\Third_Party\LwIP\src\core\ipv4\ip4.o Middlewares\Third_Party\LwIP\src\core\ipv4\ip4_addr.o Middlewares\Third_Party\LwIP\src\core\ipv4\ip4_frag.o Middlewares\Third_Party\LwIP\src\core\ipv6\dhcp6.o Middlewares\Third_Party\LwIP\src\core\ipv6\ethip6.o Middlewares\Third_Party\LwIP\src\core\ipv6\icmp6.o Middlewares\Third_Party\LwIP\src\core\ipv6\inet6.o Middlewares\Third_Party\LwIP\src\core\ipv6\ip6.o Middlewares\Third_Party\LwIP\src\core\ipv6\ip6_addr.o Middlewares\Third_Party\LwIP\src\core\ipv6\ip6_frag.o Middlewares\Third_Party\LwIP\src\core\ipv6\mld6.o Middlewares\Third_Party\LwIP\src\core\ipv6\nd6.o Middlewares\Third_Party\LwIP\src\core\mem.o Middlewares\Third_Party\LwIP\src\core\memp.o Middlewares\Third_Party\LwIP\src\core\netif.o Middlewares\Third_Party\LwIP\src\core\pbuf.o Middlewares\Third_Party\LwIP\src\core\raw.o Middlewares\Third_Party\LwIP\src\core\stats.o Middlewares\Third_Party\LwIP\src\core\sys.o Middlewares\Third_Party\LwIP\src\core\tcp.o Middlewares\Third_Party\LwIP\src\core\tcp_in.o Middlewares\Third_Party\LwIP\src\core\tcp_out.o Middlewares\Third_Party\LwIP\src\core\timeouts.o Middlewares\Third_Party\LwIP\src\core\udp.o Middlewares\Third_Party\LwIP\src\netif\ethernet.o Middlewares\Third_Party\LwIP\src\netif\lowpan6.o Middlewares\Third_Party\LwIP\src\netif\ppp\auth.o Middlewares\Third_Party\LwIP\src\netif\ppp\ccp.o Middlewares\Third_Party\LwIP\src\netif\ppp\chap-md5.o Middlewares\Third_Party\LwIP\src\netif\ppp\chap-new.o Middlewares\Third_Party\LwIP\src\netif\ppp\chap_ms.o Middlewares\Third_Party\LwIP\src\netif\ppp\demand.o Middlewares\Third_Party\LwIP\src\netif\ppp\eap.o Middlewares\Third_Party\LwIP\src\netif\ppp\ecp.o Middlewares\Third_Party\LwIP\src\netif\ppp\eui64.o Middlewares\Third_Party\LwIP\src\netif\ppp\fsm.o Middlewares\Third_Party\LwIP\src\netif\ppp\ipcp.o Middlewares\Third_Party\LwIP\src\netif\ppp\ipv6cp.o Middlewares\Third_Party\LwIP\src\netif\ppp\lcp.o Middlewares\Third_Party\LwIP\src\netif\ppp\magic.o Middlewares\Third_Party\LwIP\src\netif\ppp\mppe.o Middlewares\Third_Party\LwIP\src\netif\ppp\multilink.o Middlewares\Third_Party\LwIP\src\netif\ppp\ppp.o Middlewares\Third_Party\LwIP\src\netif\ppp\pppapi.o Middlewares\Third_Party\LwIP\src\netif\ppp\pppcrypt.o Middlewares\Third_Party\LwIP\src\netif\ppp\pppoe.o Middlewares\Third_Party\LwIP\src\netif\ppp\pppol2tp.o Middlewares\Third_Party\LwIP\src\netif\ppp\pppos.o Middlewares\Third_Party\LwIP\src\netif\ppp\upap.o Middlewares\Third_Party\LwIP\src\netif\ppp\utils.o Middlewares\Third_Party\LwIP\src\netif\ppp\vj.o Middlewares\Third_Party\LwIP\src\netif\slipif.o Project_Source\App_BacklightControl.o Project_Source\App_Debug.o Project_Source\App_Init.o Project_Source\App_Pins.o Project_Source\App_Text.o Project_Source\App_UserAck.o Project_Source\App_VisionModules.o Project_Source\Event_Management\App_EventManager.o Project_Source\Event_Management\App_Railbound_Events.o Project_Source\HUB_2XX_CAN.o Project_Source\ICON3_Controller.o Project_Source\Interface\MaxusX_Images.o Project_Source\USB\USB.o Project_Source\USB\USB_Image.o Project_Source\USB_App.o Src\BSP\adc.o Src\BSP\can.o Src\BSP\dma2d.o Src\BSP\dsihost.o Src\BSP\fatfs.o Src\BSP\fmc.o Src\BSP\gpio.o Src\BSP\i2c.o Src\BSP\iwdg.o Src\BSP\ltdc.o Src\BSP\quadspi.o Src\BSP\spi.o Src\BSP\tim.o Src\BSP\usart.o Src\BSP\usb_host.o Src\BSP\usbh_conf.o Src\BSP\usbh_diskio.o Src\BSP\usbh_platform.o Src\Drivers\ADPS9309.o Src\Drivers\Driver_Display.o Src\Drivers\M41T94.o Src\Drivers\MCP23S17.o Src\Drivers\MR25H40.o Src\Drivers\S28GL01GS.o Src\Drivers\SN65DSI83.o Src\F769\F769_DMA.o Src\F769\F769_I2C.o Src\F769\F769_IO.o Src\F769\F769_Init.o Src\F769\F769_LCD.o Src\F769\F769_QSPI.o Src\F769\F769_SPI.o Src\F769\F769_SRAM.o Src\F769\F769_Timers.o Src\F769\F769_UART.o Src\General_Functions.o Src\main.o Src\stm32f7xx_hal_msp.o Src\stm32f7xx_it.o Src\system_stm32f7xx.o VisionShared\Delay.o VisionShared\LF_TX.o VisionShared\MasterInterface\CanInterface.o VisionShared\MasterInterface\MasterTagReader.o VisionShared\MasterInterface\VisionMaster.o VisionShared\MasterInterface\VisionMasterCommands.o VisionShared\MasterInterface\VisionMaster_test.o VisionShared\MasterInterface\VisionZoneInterface.o VisionShared\Transponders.o VisionShared\framing.o VisionShared\list.o startup\startup_stm32f769xx.o -mthumb -mcpu=cortex-m7 -mfloat-abi=hard -mfpu=fpv5-sp-d16 -T../Debug_STM32F769BI_FLASH.ld -specs=nosys.specs -static -Wl,-Map=M-PFW-043-00.map -Wl,--gc-sections -Wl,--defsym=malloc_getpagesize_P=0x1000 -Wl,--start-group -lc -lm -Wl,--end-group 
C:\Program Files (x86)\Atollic\TrueSTUDIO for STM32 9.0.0\ide\jre\bin\java -jar C:\Program Files (x86)\Atollic\TrueSTUDIO for STM32 9.0.0\Tools\arm-atollic-reports.jar sizeinfo list M-PFW-043-00.elf 
Generate build reports...
Print size information
   text	   data	    bss	    dec	    hex	filename
  89264	   1492	  49148	 139904	  22280	M-PFW-043-00.elf
Print size information done
Generate listing file
Output sent to: M-PFW-043-00.list
Generate listing file done
Generate build reports done
arm-atollic-eabi-objcopy.exe -O ihex M-PFW-043-00.elf M-PFW-043-00.hex 
Info: Nothing to build for M-PFW-043-00
15:39:19 **** Incremental Build of configuration Debug for project M-PFW-043-00 ****
Info: Internal Builder is used for build
arm-atollic-eabi-gcc -c -mthumb -mcpu=cortex-m7 -mfloat-abi=hard -mfpu=fpv5-sp-d16 -std=gnu11 -D__weak=__attribute__((weak)) -D__packed=__attribute__((__packed__)) -DUSE_HAL_DRIVER -DSTM32F769xx -I../Drivers/STM32F7xx_HAL_Driver/Inc -I../Drivers/STM32F7xx_HAL_Driver/Inc/Legacy -I../Middlewares/ST/STM32_USB_Host_Library/Core/Inc -I../Middlewares/ST/STM32_USB_Host_Library/Class/MSC/Inc -I../Drivers/CMSIS/Device/ST/STM32F7xx/Include -I../Middlewares/Third_Party/FatFs/src -I../Drivers/CMSIS/Include -I../Project_Headers -I../Project_Source -I../Project_Source/Event_Management -I../Project_Source/Threat_Management -I../VisionShared -I../VisionShared/MasterInterface -I../VisionShared/TagTypes -I../Fonts -I../Header -I../Header/F769 -I../Header/BSP -I../Header/ICs -I../Project_Source/USB -I../Project_Source/System_Control -I../Project_Source/Interface -I../Middlewares/Third_Party/LwIP/system -I../LWIP -I../Middlewares/Third_Party/LwIP/src/include/lwip/prot -I../Middlewares/Third_Party/LwIP/src/include -I../Middlewares/Third_Party/LwIP/src/include/netif/ppp -I../Middlewares/Third_Party/LwIP/src/include/lwip/apps -I../Middlewares/Third_Party/LwIP/src/include/lwip/priv -I../Middlewares/Third_Party/LwIP/src/include/netif -I../Middlewares/Third_Party/LwIP/src/include/posix -I../Middlewares/Third_Party/LwIP/src/include/posix/sys -I../Middlewares/Third_Party/LwIP/system/arch -I../Middlewares/Third_Party/LwIP/src/include/lwip -O0 -ffunction-sections -fdata-sections -g -fstack-usage -Wall -o Src\F769\F769_LCD.o ..\Src\F769\F769_LCD.c 
In file included from ../Header/Global_Variables.h:117:0,
                 from ../Header/F769/F769_LCD.h:68,
                 from ..\Src\F769\F769_LCD.c:36:
../Project_Headers/App_Debug.h:14:1: warning: "/*" within comment [-Wcomment]
 /*--------------------------------
  
..\Src\F769\F769_LCD.c: In function 'BSP_LCD_DrawBitmap_NoHeader':
..\Src\F769\F769_LCD.c:911:11: warning: unused variable 'index' [-Wunused-variable]
  uint32_t index = 0;
           ^~~~~
..\Src\F769\F769_LCD.c: In function 'BSP_LCD_DrawBitmap':
..\Src\F769\F769_LCD.c:1001:10: warning: 'return' with a value, in function returning void
   return true;
          ^~~~
..\Src\F769\F769_LCD.c:955:6: note: declared here
 void BSP_LCD_DrawBitmap(uint32_t Xpos, uint32_t Ypos, uint8_t* pbmp)
      ^~~~~~~~~~~~~~~~~~
..\Src\F769\F769_LCD.c:1006:10: warning: 'return' with a value, in function returning void
   return false;
          ^~~~~
..\Src\F769\F769_LCD.c:955:6: note: declared here
 void BSP_LCD_DrawBitmap(uint32_t Xpos, uint32_t Ypos, uint8_t* pbmp)
      ^~~~~~~~~~~~~~~~~~
..\Src\F769\F769_LCD.c: In function 'BSP_LCD_FillRect':
..\Src\F769\F769_LCD.c:1076:2: error: unknown type name 'unt32_t'
  unt32_t test = BSP_LCD_GetXSize()-Width)*1.5;
  ^~~~~~~
..\Src\F769\F769_LCD.c:1076:41: error: expected ',' or ';' before ')' token
  unt32_t test = BSP_LCD_GetXSize()-Width)*1.5;
                                         ^
..\Src\F769\F769_LCD.c:1078:4: warning: this 'while' clause does not guard... [-Wmisleading-indentation]
    while ((LTDC->CDSR & LTDC_CDSR_VSYNCS) == 0);
    ^~~~~
..\Src\F769\F769_LCD.c:1079:5: note: ...this statement, but the latter is misleadingly indented as if it is guarded by the 'while'
     LL_FillBuffer(ActiveLayer, (uint32_t *)Xaddress, Width, Height,(BSP_LCD_GetXSize()-Width)*1.5, DrawProp[ActiveLayer].TextColor);
     ^~~~~~~~~~~~~
..\Src\F769\F769_LCD.c:1076:10: warning: unused variable 'test' [-Wunused-variable]
  unt32_t test = BSP_LCD_GetXSize()-Width)*1.5;
          ^~~~
..\Src\F769\F769_LCD.c: In function 'BSP_LCD_DrawPixel':
..\Src\F769\F769_LCD.c:1378:10: warning: unused variable 'R' [-Wunused-variable]
  uint8_t R = (uint8_t)(RGB_Code >> 16);
          ^
..\Src\F769\F769_LCD.c:1377:10: warning: unused variable 'G' [-Wunused-variable]
  uint8_t G = (uint8_t)(RGB_Code >> 8);
          ^
..\Src\F769\F769_LCD.c:1376:10: warning: unused variable 'B' [-Wunused-variable]
  uint8_t B = (uint8_t)RGB_Code;
          ^
At top level:
..\Src\F769\F769_LCD.c:1062:23: warning: 'Address_Buffers' defined but not used [-Wunused-const-variable=]
 static const uint32_t Address_Buffers[] =
                       ^~~~~~~~~~~~~~~
15:39:32 **** Incremental Build of configuration Debug for project M-PFW-043-00 ****
Info: Internal Builder is used for build
arm-atollic-eabi-gcc -c -mthumb -mcpu=cortex-m7 -mfloat-abi=hard -mfpu=fpv5-sp-d16 -std=gnu11 -D__weak=__attribute__((weak)) -D__packed=__attribute__((__packed__)) -DUSE_HAL_DRIVER -DSTM32F769xx -I../Drivers/STM32F7xx_HAL_Driver/Inc -I../Drivers/STM32F7xx_HAL_Driver/Inc/Legacy -I../Middlewares/ST/STM32_USB_Host_Library/Core/Inc -I../Middlewares/ST/STM32_USB_Host_Library/Class/MSC/Inc -I../Drivers/CMSIS/Device/ST/STM32F7xx/Include -I../Middlewares/Third_Party/FatFs/src -I../Drivers/CMSIS/Include -I../Project_Headers -I../Project_Source -I../Project_Source/Event_Management -I../Project_Source/Threat_Management -I../VisionShared -I../VisionShared/MasterInterface -I../VisionShared/TagTypes -I../Fonts -I../Header -I../Header/F769 -I../Header/BSP -I../Header/ICs -I../Project_Source/USB -I../Project_Source/System_Control -I../Project_Source/Interface -I../Middlewares/Third_Party/LwIP/system -I../LWIP -I../Middlewares/Third_Party/LwIP/src/include/lwip/prot -I../Middlewares/Third_Party/LwIP/src/include -I../Middlewares/Third_Party/LwIP/src/include/netif/ppp -I../Middlewares/Third_Party/LwIP/src/include/lwip/apps -I../Middlewares/Third_Party/LwIP/src/include/lwip/priv -I../Middlewares/Third_Party/LwIP/src/include/netif -I../Middlewares/Third_Party/LwIP/src/include/posix -I../Middlewares/Third_Party/LwIP/src/include/posix/sys -I../Middlewares/Third_Party/LwIP/system/arch -I../Middlewares/Third_Party/LwIP/src/include/lwip -O0 -ffunction-sections -fdata-sections -g -fstack-usage -Wall -o Src\F769\F769_LCD.o ..\Src\F769\F769_LCD.c 
In file included from ../Header/Global_Variables.h:117:0,
                 from ../Header/F769/F769_LCD.h:68,
                 from ..\Src\F769\F769_LCD.c:36:
../Project_Headers/App_Debug.h:14:1: warning: "/*" within comment [-Wcomment]
 /*--------------------------------
  
..\Src\F769\F769_LCD.c: In function 'BSP_LCD_DrawBitmap_NoHeader':
..\Src\F769\F769_LCD.c:911:11: warning: unused variable 'index' [-Wunused-variable]
  uint32_t index = 0;
           ^~~~~
..\Src\F769\F769_LCD.c: In function 'BSP_LCD_DrawBitmap':
..\Src\F769\F769_LCD.c:1001:10: warning: 'return' with a value, in function returning void
   return true;
          ^~~~
..\Src\F769\F769_LCD.c:955:6: note: declared here
 void BSP_LCD_DrawBitmap(uint32_t Xpos, uint32_t Ypos, uint8_t* pbmp)
      ^~~~~~~~~~~~~~~~~~
..\Src\F769\F769_LCD.c:1006:10: warning: 'return' with a value, in function returning void
   return false;
          ^~~~~
..\Src\F769\F769_LCD.c:955:6: note: declared here
 void BSP_LCD_DrawBitmap(uint32_t Xpos, uint32_t Ypos, uint8_t* pbmp)
      ^~~~~~~~~~~~~~~~~~
..\Src\F769\F769_LCD.c: In function 'BSP_LCD_FillRect':
..\Src\F769\F769_LCD.c:1076:2: error: unknown type name 'unt32_t'
  unt32_t test = (BSP_LCD_GetXSize()-Width)*1.5;
  ^~~~~~~
..\Src\F769\F769_LCD.c:1078:4: warning: this 'while' clause does not guard... [-Wmisleading-indentation]
    while ((LTDC->CDSR & LTDC_CDSR_VSYNCS) == 0);
    ^~~~~
..\Src\F769\F769_LCD.c:1079:5: note: ...this statement, but the latter is misleadingly indented as if it is guarded by the 'while'
     LL_FillBuffer(ActiveLayer, (uint32_t *)Xaddress, Width, Height,(BSP_LCD_GetXSize()-Width)*1.5, DrawProp[ActiveLayer].TextColor);
     ^~~~~~~~~~~~~
..\Src\F769\F769_LCD.c:1076:10: warning: unused variable 'test' [-Wunused-variable]
  unt32_t test = (BSP_LCD_GetXSize()-Width)*1.5;
          ^~~~
..\Src\F769\F769_LCD.c: In function 'BSP_LCD_DrawPixel':
..\Src\F769\F769_LCD.c:1378:10: warning: unused variable 'R' [-Wunused-variable]
  uint8_t R = (uint8_t)(RGB_Code >> 16);
          ^
..\Src\F769\F769_LCD.c:1377:10: warning: unused variable 'G' [-Wunused-variable]
  uint8_t G = (uint8_t)(RGB_Code >> 8);
          ^
..\Src\F769\F769_LCD.c:1376:10: warning: unused variable 'B' [-Wunused-variable]
  uint8_t B = (uint8_t)RGB_Code;
          ^
At top level:
..\Src\F769\F769_LCD.c:1062:23: warning: 'Address_Buffers' defined but not used [-Wunused-const-variable=]
 static const uint32_t Address_Buffers[] =
                       ^~~~~~~~~~~~~~~
15:39:39 **** Incremental Build of configuration Debug for project M-PFW-043-00 ****
Info: Internal Builder is used for build
arm-atollic-eabi-gcc -c -mthumb -mcpu=cortex-m7 -mfloat-abi=hard -mfpu=fpv5-sp-d16 -std=gnu11 -D__weak=__attribute__((weak)) -D__packed=__attribute__((__packed__)) -DUSE_HAL_DRIVER -DSTM32F769xx -I../Drivers/STM32F7xx_HAL_Driver/Inc -I../Drivers/STM32F7xx_HAL_Driver/Inc/Legacy -I../Middlewares/ST/STM32_USB_Host_Library/Core/Inc -I../Middlewares/ST/STM32_USB_Host_Library/Class/MSC/Inc -I../Drivers/CMSIS/Device/ST/STM32F7xx/Include -I../Middlewares/Third_Party/FatFs/src -I../Drivers/CMSIS/Include -I../Project_Headers -I../Project_Source -I../Project_Source/Event_Management -I../Project_Source/Threat_Management -I../VisionShared -I../VisionShared/MasterInterface -I../VisionShared/TagTypes -I../Fonts -I../Header -I../Header/F769 -I../Header/BSP -I../Header/ICs -I../Project_Source/USB -I../Project_Source/System_Control -I../Project_Source/Interface -I../Middlewares/Third_Party/LwIP/system -I../LWIP -I../Middlewares/Third_Party/LwIP/src/include/lwip/prot -I../Middlewares/Third_Party/LwIP/src/include -I../Middlewares/Third_Party/LwIP/src/include/netif/ppp -I../Middlewares/Third_Party/LwIP/src/include/lwip/apps -I../Middlewares/Third_Party/LwIP/src/include/lwip/priv -I../Middlewares/Third_Party/LwIP/src/include/netif -I../Middlewares/Third_Party/LwIP/src/include/posix -I../Middlewares/Third_Party/LwIP/src/include/posix/sys -I../Middlewares/Third_Party/LwIP/system/arch -I../Middlewares/Third_Party/LwIP/src/include/lwip -O0 -ffunction-sections -fdata-sections -g -fstack-usage -Wall -o Src\F769\F769_LCD.o ..\Src\F769\F769_LCD.c 
In file included from ../Header/Global_Variables.h:117:0,
                 from ../Header/F769/F769_LCD.h:68,
                 from ..\Src\F769\F769_LCD.c:36:
../Project_Headers/App_Debug.h:14:1: warning: "/*" within comment [-Wcomment]
 /*--------------------------------
  
..\Src\F769\F769_LCD.c: In function 'BSP_LCD_DrawBitmap_NoHeader':
..\Src\F769\F769_LCD.c:911:11: warning: unused variable 'index' [-Wunused-variable]
  uint32_t index = 0;
           ^~~~~
..\Src\F769\F769_LCD.c: In function 'BSP_LCD_DrawBitmap':
..\Src\F769\F769_LCD.c:1001:10: warning: 'return' with a value, in function returning void
   return true;
          ^~~~
..\Src\F769\F769_LCD.c:955:6: note: declared here
 void BSP_LCD_DrawBitmap(uint32_t Xpos, uint32_t Ypos, uint8_t* pbmp)
      ^~~~~~~~~~~~~~~~~~
..\Src\F769\F769_LCD.c:1006:10: warning: 'return' with a value, in function returning void
   return false;
          ^~~~~
..\Src\F769\F769_LCD.c:955:6: note: declared here
 void BSP_LCD_DrawBitmap(uint32_t Xpos, uint32_t Ypos, uint8_t* pbmp)
      ^~~~~~~~~~~~~~~~~~
..\Src\F769\F769_LCD.c: In function 'BSP_LCD_FillRect':
..\Src\F769\F769_LCD.c:1078:4: warning: this 'while' clause does not guard... [-Wmisleading-indentation]
    while ((LTDC->CDSR & LTDC_CDSR_VSYNCS) == 0);
    ^~~~~
..\Src\F769\F769_LCD.c:1079:5: note: ...this statement, but the latter is misleadingly indented as if it is guarded by the 'while'
     LL_FillBuffer(ActiveLayer, (uint32_t *)Xaddress, Width, Height,(BSP_LCD_GetXSize()-Width)*1.5, DrawProp[ActiveLayer].TextColor);
     ^~~~~~~~~~~~~
..\Src\F769\F769_LCD.c:1076:11: warning: unused variable 'test' [-Wunused-variable]
  uint32_t test = (BSP_LCD_GetXSize()-Width)*1.5;
           ^~~~
..\Src\F769\F769_LCD.c: In function 'BSP_LCD_DrawPixel':
..\Src\F769\F769_LCD.c:1378:10: warning: unused variable 'R' [-Wunused-variable]
  uint8_t R = (uint8_t)(RGB_Code >> 16);
          ^
..\Src\F769\F769_LCD.c:1377:10: warning: unused variable 'G' [-Wunused-variable]
  uint8_t G = (uint8_t)(RGB_Code >> 8);
          ^
..\Src\F769\F769_LCD.c:1376:10: warning: unused variable 'B' [-Wunused-variable]
  uint8_t B = (uint8_t)RGB_Code;
          ^
At top level:
..\Src\F769\F769_LCD.c:1062:23: warning: 'Address_Buffers' defined but not used [-Wunused-const-variable=]
 static const uint32_t Address_Buffers[] =
                       ^~~~~~~~~~~~~~~
arm-atollic-eabi-gcc -o M-PFW-043-00.elf Drivers\STM32F7xx_HAL_Driver\Src\stm32f7xx_hal.o Drivers\STM32F7xx_HAL_Driver\Src\stm32f7xx_hal_adc.o Drivers\STM32F7xx_HAL_Driver\Src\stm32f7xx_hal_adc_ex.o Drivers\STM32F7xx_HAL_Driver\Src\stm32f7xx_hal_can.o Drivers\STM32F7xx_HAL_Driver\Src\stm32f7xx_hal_cortex.o Drivers\STM32F7xx_HAL_Driver\Src\stm32f7xx_hal_dma.o Drivers\STM32F7xx_HAL_Driver\Src\stm32f7xx_hal_dma2d.o Drivers\STM32F7xx_HAL_Driver\Src\stm32f7xx_hal_dma_ex.o Drivers\STM32F7xx_HAL_Driver\Src\stm32f7xx_hal_dsi.o Drivers\STM32F7xx_HAL_Driver\Src\stm32f7xx_hal_eth.o Drivers\STM32F7xx_HAL_Driver\Src\stm32f7xx_hal_flash.o Drivers\STM32F7xx_HAL_Driver\Src\stm32f7xx_hal_flash_ex.o Drivers\STM32F7xx_HAL_Driver\Src\stm32f7xx_hal_gpio.o Drivers\STM32F7xx_HAL_Driver\Src\stm32f7xx_hal_hcd.o Drivers\STM32F7xx_HAL_Driver\Src\stm32f7xx_hal_i2c.o Drivers\STM32F7xx_HAL_Driver\Src\stm32f7xx_hal_i2c_ex.o Drivers\STM32F7xx_HAL_Driver\Src\stm32f7xx_hal_iwdg.o Drivers\STM32F7xx_HAL_Driver\Src\stm32f7xx_hal_jpeg.o Drivers\STM32F7xx_HAL_Driver\Src\stm32f7xx_hal_ltdc.o Drivers\STM32F7xx_HAL_Driver\Src\stm32f7xx_hal_ltdc_ex.o Drivers\STM32F7xx_HAL_Driver\Src\stm32f7xx_hal_nor.o Drivers\STM32F7xx_HAL_Driver\Src\stm32f7xx_hal_pwr.o Drivers\STM32F7xx_HAL_Driver\Src\stm32f7xx_hal_pwr_ex.o Drivers\STM32F7xx_HAL_Driver\Src\stm32f7xx_hal_qspi.o Drivers\STM32F7xx_HAL_Driver\Src\stm32f7xx_hal_rcc.o Drivers\STM32F7xx_HAL_Driver\Src\stm32f7xx_hal_rcc_ex.o Drivers\STM32F7xx_HAL_Driver\Src\stm32f7xx_hal_spi.o Drivers\STM32F7xx_HAL_Driver\Src\stm32f7xx_hal_sram.o Drivers\STM32F7xx_HAL_Driver\Src\stm32f7xx_hal_tim.o Drivers\STM32F7xx_HAL_Driver\Src\stm32f7xx_hal_tim_ex.o Drivers\STM32F7xx_HAL_Driver\Src\stm32f7xx_hal_uart.o Drivers\STM32F7xx_HAL_Driver\Src\stm32f7xx_ll_fmc.o Drivers\STM32F7xx_HAL_Driver\Src\stm32f7xx_ll_usb.o Fonts\font12.o Fonts\font16.o Fonts\font20.o Fonts\font24.o Fonts\font8.o LWIP\TCP.o LWIP\app_ethernet.o LWIP\ethernetif.o LWIP\lwip.o LWIP\tcp_echoclient.o Middlewares\ST\STM32_USB_Host_Library\Class\MSC\Src\usbh_msc.o Middlewares\ST\STM32_USB_Host_Library\Class\MSC\Src\usbh_msc_bot.o Middlewares\ST\STM32_USB_Host_Library\Class\MSC\Src\usbh_msc_scsi.o Middlewares\ST\STM32_USB_Host_Library\Core\Src\usbh_core.o Middlewares\ST\STM32_USB_Host_Library\Core\Src\usbh_ctlreq.o Middlewares\ST\STM32_USB_Host_Library\Core\Src\usbh_ioreq.o Middlewares\ST\STM32_USB_Host_Library\Core\Src\usbh_pipes.o Middlewares\Third_Party\FatFs\src\diskio.o Middlewares\Third_Party\FatFs\src\ff.o Middlewares\Third_Party\FatFs\src\ff_gen_drv.o Middlewares\Third_Party\FatFs\src\option\ccsbcs.o Middlewares\Third_Party\FatFs\src\option\syscall.o Middlewares\Third_Party\LwIP\src\api\api_lib.o Middlewares\Third_Party\LwIP\src\api\api_msg.o Middlewares\Third_Party\LwIP\src\api\err.o Middlewares\Third_Party\LwIP\src\api\netbuf.o Middlewares\Third_Party\LwIP\src\api\netdb.o Middlewares\Third_Party\LwIP\src\api\netifapi.o Middlewares\Third_Party\LwIP\src\api\sockets.o Middlewares\Third_Party\LwIP\src\api\tcpip.o Middlewares\Third_Party\LwIP\src\apps\mqtt\mqtt.o Middlewares\Third_Party\LwIP\src\core\def.o Middlewares\Third_Party\LwIP\src\core\dns.o Middlewares\Third_Party\LwIP\src\core\inet_chksum.o Middlewares\Third_Party\LwIP\src\core\init.o Middlewares\Third_Party\LwIP\src\core\ip.o Middlewares\Third_Party\LwIP\src\core\ipv4\autoip.o Middlewares\Third_Party\LwIP\src\core\ipv4\dhcp.o Middlewares\Third_Party\LwIP\src\core\ipv4\etharp.o Middlewares\Third_Party\LwIP\src\core\ipv4\icmp.o Middlewares\Third_Party\LwIP\src\core\ipv4\igmp.o Middlewares\Third_Party\LwIP\src\core\ipv4\ip4.o Middlewares\Third_Party\LwIP\src\core\ipv4\ip4_addr.o Middlewares\Third_Party\LwIP\src\core\ipv4\ip4_frag.o Middlewares\Third_Party\LwIP\src\core\ipv6\dhcp6.o Middlewares\Third_Party\LwIP\src\core\ipv6\ethip6.o Middlewares\Third_Party\LwIP\src\core\ipv6\icmp6.o Middlewares\Third_Party\LwIP\src\core\ipv6\inet6.o Middlewares\Third_Party\LwIP\src\core\ipv6\ip6.o Middlewares\Third_Party\LwIP\src\core\ipv6\ip6_addr.o Middlewares\Third_Party\LwIP\src\core\ipv6\ip6_frag.o Middlewares\Third_Party\LwIP\src\core\ipv6\mld6.o Middlewares\Third_Party\LwIP\src\core\ipv6\nd6.o Middlewares\Third_Party\LwIP\src\core\mem.o Middlewares\Third_Party\LwIP\src\core\memp.o Middlewares\Third_Party\LwIP\src\core\netif.o Middlewares\Third_Party\LwIP\src\core\pbuf.o Middlewares\Third_Party\LwIP\src\core\raw.o Middlewares\Third_Party\LwIP\src\core\stats.o Middlewares\Third_Party\LwIP\src\core\sys.o Middlewares\Third_Party\LwIP\src\core\tcp.o Middlewares\Third_Party\LwIP\src\core\tcp_in.o Middlewares\Third_Party\LwIP\src\core\tcp_out.o Middlewares\Third_Party\LwIP\src\core\timeouts.o Middlewares\Third_Party\LwIP\src\core\udp.o Middlewares\Third_Party\LwIP\src\netif\ethernet.o Middlewares\Third_Party\LwIP\src\netif\lowpan6.o Middlewares\Third_Party\LwIP\src\netif\ppp\auth.o Middlewares\Third_Party\LwIP\src\netif\ppp\ccp.o Middlewares\Third_Party\LwIP\src\netif\ppp\chap-md5.o Middlewares\Third_Party\LwIP\src\netif\ppp\chap-new.o Middlewares\Third_Party\LwIP\src\netif\ppp\chap_ms.o Middlewares\Third_Party\LwIP\src\netif\ppp\demand.o Middlewares\Third_Party\LwIP\src\netif\ppp\eap.o Middlewares\Third_Party\LwIP\src\netif\ppp\ecp.o Middlewares\Third_Party\LwIP\src\netif\ppp\eui64.o Middlewares\Third_Party\LwIP\src\netif\ppp\fsm.o Middlewares\Third_Party\LwIP\src\netif\ppp\ipcp.o Middlewares\Third_Party\LwIP\src\netif\ppp\ipv6cp.o Middlewares\Third_Party\LwIP\src\netif\ppp\lcp.o Middlewares\Third_Party\LwIP\src\netif\ppp\magic.o Middlewares\Third_Party\LwIP\src\netif\ppp\mppe.o Middlewares\Third_Party\LwIP\src\netif\ppp\multilink.o Middlewares\Third_Party\LwIP\src\netif\ppp\ppp.o Middlewares\Third_Party\LwIP\src\netif\ppp\pppapi.o Middlewares\Third_Party\LwIP\src\netif\ppp\pppcrypt.o Middlewares\Third_Party\LwIP\src\netif\ppp\pppoe.o Middlewares\Third_Party\LwIP\src\netif\ppp\pppol2tp.o Middlewares\Third_Party\LwIP\src\netif\ppp\pppos.o Middlewares\Third_Party\LwIP\src\netif\ppp\upap.o Middlewares\Third_Party\LwIP\src\netif\ppp\utils.o Middlewares\Third_Party\LwIP\src\netif\ppp\vj.o Middlewares\Third_Party\LwIP\src\netif\slipif.o Project_Source\App_BacklightControl.o Project_Source\App_Debug.o Project_Source\App_Init.o Project_Source\App_Pins.o Project_Source\App_Text.o Project_Source\App_UserAck.o Project_Source\App_VisionModules.o Project_Source\Event_Management\App_EventManager.o Project_Source\Event_Management\App_Railbound_Events.o Project_Source\HUB_2XX_CAN.o Project_Source\ICON3_Controller.o Project_Source\Interface\MaxusX_Images.o Project_Source\USB\USB.o Project_Source\USB\USB_Image.o Project_Source\USB_App.o Src\BSP\adc.o Src\BSP\can.o Src\BSP\dma2d.o Src\BSP\dsihost.o Src\BSP\fatfs.o Src\BSP\fmc.o Src\BSP\gpio.o Src\BSP\i2c.o Src\BSP\iwdg.o Src\BSP\ltdc.o Src\BSP\quadspi.o Src\BSP\spi.o Src\BSP\tim.o Src\BSP\usart.o Src\BSP\usb_host.o Src\BSP\usbh_conf.o Src\BSP\usbh_diskio.o Src\BSP\usbh_platform.o Src\Drivers\ADPS9309.o Src\Drivers\Driver_Display.o Src\Drivers\M41T94.o Src\Drivers\MCP23S17.o Src\Drivers\MR25H40.o Src\Drivers\S28GL01GS.o Src\Drivers\SN65DSI83.o Src\F769\F769_DMA.o Src\F769\F769_I2C.o Src\F769\F769_IO.o Src\F769\F769_Init.o Src\F769\F769_LCD.o Src\F769\F769_QSPI.o Src\F769\F769_SPI.o Src\F769\F769_SRAM.o Src\F769\F769_Timers.o Src\F769\F769_UART.o Src\General_Functions.o Src\main.o Src\stm32f7xx_hal_msp.o Src\stm32f7xx_it.o Src\system_stm32f7xx.o VisionShared\Delay.o VisionShared\LF_TX.o VisionShared\MasterInterface\CanInterface.o VisionShared\MasterInterface\MasterTagReader.o VisionShared\MasterInterface\VisionMaster.o VisionShared\MasterInterface\VisionMasterCommands.o VisionShared\MasterInterface\VisionMaster_test.o VisionShared\MasterInterface\VisionZoneInterface.o VisionShared\Transponders.o VisionShared\framing.o VisionShared\list.o startup\startup_stm32f769xx.o -mthumb -mcpu=cortex-m7 -mfloat-abi=hard -mfpu=fpv5-sp-d16 -T../Debug_STM32F769BI_FLASH.ld -specs=nosys.specs -static -Wl,-Map=M-PFW-043-00.map -Wl,--gc-sections -Wl,--defsym=malloc_getpagesize_P=0x1000 -Wl,--start-group -lc -lm -Wl,--end-group 
C:\Program Files (x86)\Atollic\TrueSTUDIO for STM32 9.0.0\ide\jre\bin\java -jar C:\Program Files (x86)\Atollic\TrueSTUDIO for STM32 9.0.0\Tools\arm-atollic-reports.jar sizeinfo list M-PFW-043-00.elf 
Generate build reports...
Print size information
   text	   data	    bss	    dec	    hex	filename
  89304	   1492	  49148	 139944	  222a8	M-PFW-043-00.elf
Print size information done
Generate listing file
Output sent to: M-PFW-043-00.list
Generate listing file done
Generate build reports done
arm-atollic-eabi-objcopy.exe -O ihex M-PFW-043-00.elf M-PFW-043-00.hex 
15:40:11 **** Incremental Build of configuration Debug for project M-PFW-043-00 ****
Info: Internal Builder is used for build
arm-atollic-eabi-gcc -c -mthumb -mcpu=cortex-m7 -mfloat-abi=hard -mfpu=fpv5-sp-d16 -std=gnu11 -D__weak=__attribute__((weak)) -D__packed=__attribute__((__packed__)) -DUSE_HAL_DRIVER -DSTM32F769xx -I../Drivers/STM32F7xx_HAL_Driver/Inc -I../Drivers/STM32F7xx_HAL_Driver/Inc/Legacy -I../Middlewares/ST/STM32_USB_Host_Library/Core/Inc -I../Middlewares/ST/STM32_USB_Host_Library/Class/MSC/Inc -I../Drivers/CMSIS/Device/ST/STM32F7xx/Include -I../Middlewares/Third_Party/FatFs/src -I../Drivers/CMSIS/Include -I../Project_Headers -I../Project_Source -I../Project_Source/Event_Management -I../Project_Source/Threat_Management -I../VisionShared -I../VisionShared/MasterInterface -I../VisionShared/TagTypes -I../Fonts -I../Header -I../Header/F769 -I../Header/BSP -I../Header/ICs -I../Project_Source/USB -I../Project_Source/System_Control -I../Project_Source/Interface -I../Middlewares/Third_Party/LwIP/system -I../LWIP -I../Middlewares/Third_Party/LwIP/src/include/lwip/prot -I../Middlewares/Third_Party/LwIP/src/include -I../Middlewares/Third_Party/LwIP/src/include/netif/ppp -I../Middlewares/Third_Party/LwIP/src/include/lwip/apps -I../Middlewares/Third_Party/LwIP/src/include/lwip/priv -I../Middlewares/Third_Party/LwIP/src/include/netif -I../Middlewares/Third_Party/LwIP/src/include/posix -I../Middlewares/Third_Party/LwIP/src/include/posix/sys -I../Middlewares/Third_Party/LwIP/system/arch -I../Middlewares/Third_Party/LwIP/src/include/lwip -O0 -ffunction-sections -fdata-sections -g -fstack-usage -Wall -o Src\F769\F769_LCD.o ..\Src\F769\F769_LCD.c 
In file included from ../Header/Global_Variables.h:117:0,
                 from ../Header/F769/F769_LCD.h:68,
                 from ..\Src\F769\F769_LCD.c:36:
../Project_Headers/App_Debug.h:14:1: warning: "/*" within comment [-Wcomment]
 /*--------------------------------
  
..\Src\F769\F769_LCD.c: In function 'BSP_LCD_DrawBitmap_NoHeader':
..\Src\F769\F769_LCD.c:911:11: warning: unused variable 'index' [-Wunused-variable]
  uint32_t index = 0;
           ^~~~~
..\Src\F769\F769_LCD.c: In function 'BSP_LCD_DrawBitmap':
..\Src\F769\F769_LCD.c:1001:10: warning: 'return' with a value, in function returning void
   return true;
          ^~~~
..\Src\F769\F769_LCD.c:955:6: note: declared here
 void BSP_LCD_DrawBitmap(uint32_t Xpos, uint32_t Ypos, uint8_t* pbmp)
      ^~~~~~~~~~~~~~~~~~
..\Src\F769\F769_LCD.c:1006:10: warning: 'return' with a value, in function returning void
   return false;
          ^~~~~
..\Src\F769\F769_LCD.c:955:6: note: declared here
 void BSP_LCD_DrawBitmap(uint32_t Xpos, uint32_t Ypos, uint8_t* pbmp)
      ^~~~~~~~~~~~~~~~~~
..\Src\F769\F769_LCD.c: In function 'BSP_LCD_FillRect':
..\Src\F769\F769_LCD.c:1078:4: warning: this 'while' clause does not guard... [-Wmisleading-indentation]
    while ((LTDC->CDSR & LTDC_CDSR_VSYNCS) == 0);
    ^~~~~
..\Src\F769\F769_LCD.c:1079:5: note: ...this statement, but the latter is misleadingly indented as if it is guarded by the 'while'
     LL_FillBuffer(ActiveLayer, (uint32_t *)Xaddress, Width, Height,(BSP_LCD_GetXSize()-Width)/1.5, DrawProp[ActiveLayer].TextColor);
     ^~~~~~~~~~~~~
..\Src\F769\F769_LCD.c:1076:11: warning: unused variable 'test' [-Wunused-variable]
  uint32_t test = (BSP_LCD_GetXSize()-Width)/1.5;
           ^~~~
..\Src\F769\F769_LCD.c: In function 'BSP_LCD_DrawPixel':
..\Src\F769\F769_LCD.c:1378:10: warning: unused variable 'R' [-Wunused-variable]
  uint8_t R = (uint8_t)(RGB_Code >> 16);
          ^
..\Src\F769\F769_LCD.c:1377:10: warning: unused variable 'G' [-Wunused-variable]
  uint8_t G = (uint8_t)(RGB_Code >> 8);
          ^
..\Src\F769\F769_LCD.c:1376:10: warning: unused variable 'B' [-Wunused-variable]
  uint8_t B = (uint8_t)RGB_Code;
          ^
At top level:
..\Src\F769\F769_LCD.c:1062:23: warning: 'Address_Buffers' defined but not used [-Wunused-const-variable=]
 static const uint32_t Address_Buffers[] =
                       ^~~~~~~~~~~~~~~
arm-atollic-eabi-gcc -o M-PFW-043-00.elf Drivers\STM32F7xx_HAL_Driver\Src\stm32f7xx_hal.o Drivers\STM32F7xx_HAL_Driver\Src\stm32f7xx_hal_adc.o Drivers\STM32F7xx_HAL_Driver\Src\stm32f7xx_hal_adc_ex.o Drivers\STM32F7xx_HAL_Driver\Src\stm32f7xx_hal_can.o Drivers\STM32F7xx_HAL_Driver\Src\stm32f7xx_hal_cortex.o Drivers\STM32F7xx_HAL_Driver\Src\stm32f7xx_hal_dma.o Drivers\STM32F7xx_HAL_Driver\Src\stm32f7xx_hal_dma2d.o Drivers\STM32F7xx_HAL_Driver\Src\stm32f7xx_hal_dma_ex.o Drivers\STM32F7xx_HAL_Driver\Src\stm32f7xx_hal_dsi.o Drivers\STM32F7xx_HAL_Driver\Src\stm32f7xx_hal_eth.o Drivers\STM32F7xx_HAL_Driver\Src\stm32f7xx_hal_flash.o Drivers\STM32F7xx_HAL_Driver\Src\stm32f7xx_hal_flash_ex.o Drivers\STM32F7xx_HAL_Driver\Src\stm32f7xx_hal_gpio.o Drivers\STM32F7xx_HAL_Driver\Src\stm32f7xx_hal_hcd.o Drivers\STM32F7xx_HAL_Driver\Src\stm32f7xx_hal_i2c.o Drivers\STM32F7xx_HAL_Driver\Src\stm32f7xx_hal_i2c_ex.o Drivers\STM32F7xx_HAL_Driver\Src\stm32f7xx_hal_iwdg.o Drivers\STM32F7xx_HAL_Driver\Src\stm32f7xx_hal_jpeg.o Drivers\STM32F7xx_HAL_Driver\Src\stm32f7xx_hal_ltdc.o Drivers\STM32F7xx_HAL_Driver\Src\stm32f7xx_hal_ltdc_ex.o Drivers\STM32F7xx_HAL_Driver\Src\stm32f7xx_hal_nor.o Drivers\STM32F7xx_HAL_Driver\Src\stm32f7xx_hal_pwr.o Drivers\STM32F7xx_HAL_Driver\Src\stm32f7xx_hal_pwr_ex.o Drivers\STM32F7xx_HAL_Driver\Src\stm32f7xx_hal_qspi.o Drivers\STM32F7xx_HAL_Driver\Src\stm32f7xx_hal_rcc.o Drivers\STM32F7xx_HAL_Driver\Src\stm32f7xx_hal_rcc_ex.o Drivers\STM32F7xx_HAL_Driver\Src\stm32f7xx_hal_spi.o Drivers\STM32F7xx_HAL_Driver\Src\stm32f7xx_hal_sram.o Drivers\STM32F7xx_HAL_Driver\Src\stm32f7xx_hal_tim.o Drivers\STM32F7xx_HAL_Driver\Src\stm32f7xx_hal_tim_ex.o Drivers\STM32F7xx_HAL_Driver\Src\stm32f7xx_hal_uart.o Drivers\STM32F7xx_HAL_Driver\Src\stm32f7xx_ll_fmc.o Drivers\STM32F7xx_HAL_Driver\Src\stm32f7xx_ll_usb.o Fonts\font12.o Fonts\font16.o Fonts\font20.o Fonts\font24.o Fonts\font8.o LWIP\TCP.o LWIP\app_ethernet.o LWIP\ethernetif.o LWIP\lwip.o LWIP\tcp_echoclient.o Middlewares\ST\STM32_USB_Host_Library\Class\MSC\Src\usbh_msc.o Middlewares\ST\STM32_USB_Host_Library\Class\MSC\Src\usbh_msc_bot.o Middlewares\ST\STM32_USB_Host_Library\Class\MSC\Src\usbh_msc_scsi.o Middlewares\ST\STM32_USB_Host_Library\Core\Src\usbh_core.o Middlewares\ST\STM32_USB_Host_Library\Core\Src\usbh_ctlreq.o Middlewares\ST\STM32_USB_Host_Library\Core\Src\usbh_ioreq.o Middlewares\ST\STM32_USB_Host_Library\Core\Src\usbh_pipes.o Middlewares\Third_Party\FatFs\src\diskio.o Middlewares\Third_Party\FatFs\src\ff.o Middlewares\Third_Party\FatFs\src\ff_gen_drv.o Middlewares\Third_Party\FatFs\src\option\ccsbcs.o Middlewares\Third_Party\FatFs\src\option\syscall.o Middlewares\Third_Party\LwIP\src\api\api_lib.o Middlewares\Third_Party\LwIP\src\api\api_msg.o Middlewares\Third_Party\LwIP\src\api\err.o Middlewares\Third_Party\LwIP\src\api\netbuf.o Middlewares\Third_Party\LwIP\src\api\netdb.o Middlewares\Third_Party\LwIP\src\api\netifapi.o Middlewares\Third_Party\LwIP\src\api\sockets.o Middlewares\Third_Party\LwIP\src\api\tcpip.o Middlewares\Third_Party\LwIP\src\apps\mqtt\mqtt.o Middlewares\Third_Party\LwIP\src\core\def.o Middlewares\Third_Party\LwIP\src\core\dns.o Middlewares\Third_Party\LwIP\src\core\inet_chksum.o Middlewares\Third_Party\LwIP\src\core\init.o Middlewares\Third_Party\LwIP\src\core\ip.o Middlewares\Third_Party\LwIP\src\core\ipv4\autoip.o Middlewares\Third_Party\LwIP\src\core\ipv4\dhcp.o Middlewares\Third_Party\LwIP\src\core\ipv4\etharp.o Middlewares\Third_Party\LwIP\src\core\ipv4\icmp.o Middlewares\Third_Party\LwIP\src\core\ipv4\igmp.o Middlewares\Third_Party\LwIP\src\core\ipv4\ip4.o Middlewares\Third_Party\LwIP\src\core\ipv4\ip4_addr.o Middlewares\Third_Party\LwIP\src\core\ipv4\ip4_frag.o Middlewares\Third_Party\LwIP\src\core\ipv6\dhcp6.o Middlewares\Third_Party\LwIP\src\core\ipv6\ethip6.o Middlewares\Third_Party\LwIP\src\core\ipv6\icmp6.o Middlewares\Third_Party\LwIP\src\core\ipv6\inet6.o Middlewares\Third_Party\LwIP\src\core\ipv6\ip6.o Middlewares\Third_Party\LwIP\src\core\ipv6\ip6_addr.o Middlewares\Third_Party\LwIP\src\core\ipv6\ip6_frag.o Middlewares\Third_Party\LwIP\src\core\ipv6\mld6.o Middlewares\Third_Party\LwIP\src\core\ipv6\nd6.o Middlewares\Third_Party\LwIP\src\core\mem.o Middlewares\Third_Party\LwIP\src\core\memp.o Middlewares\Third_Party\LwIP\src\core\netif.o Middlewares\Third_Party\LwIP\src\core\pbuf.o Middlewares\Third_Party\LwIP\src\core\raw.o Middlewares\Third_Party\LwIP\src\core\stats.o Middlewares\Third_Party\LwIP\src\core\sys.o Middlewares\Third_Party\LwIP\src\core\tcp.o Middlewares\Third_Party\LwIP\src\core\tcp_in.o Middlewares\Third_Party\LwIP\src\core\tcp_out.o Middlewares\Third_Party\LwIP\src\core\timeouts.o Middlewares\Third_Party\LwIP\src\core\udp.o Middlewares\Third_Party\LwIP\src\netif\ethernet.o Middlewares\Third_Party\LwIP\src\netif\lowpan6.o Middlewares\Third_Party\LwIP\src\netif\ppp\auth.o Middlewares\Third_Party\LwIP\src\netif\ppp\ccp.o Middlewares\Third_Party\LwIP\src\netif\ppp\chap-md5.o Middlewares\Third_Party\LwIP\src\netif\ppp\chap-new.o Middlewares\Third_Party\LwIP\src\netif\ppp\chap_ms.o Middlewares\Third_Party\LwIP\src\netif\ppp\demand.o Middlewares\Third_Party\LwIP\src\netif\ppp\eap.o Middlewares\Third_Party\LwIP\src\netif\ppp\ecp.o Middlewares\Third_Party\LwIP\src\netif\ppp\eui64.o Middlewares\Third_Party\LwIP\src\netif\ppp\fsm.o Middlewares\Third_Party\LwIP\src\netif\ppp\ipcp.o Middlewares\Third_Party\LwIP\src\netif\ppp\ipv6cp.o Middlewares\Third_Party\LwIP\src\netif\ppp\lcp.o Middlewares\Third_Party\LwIP\src\netif\ppp\magic.o Middlewares\Third_Party\LwIP\src\netif\ppp\mppe.o Middlewares\Third_Party\LwIP\src\netif\ppp\multilink.o Middlewares\Third_Party\LwIP\src\netif\ppp\ppp.o Middlewares\Third_Party\LwIP\src\netif\ppp\pppapi.o Middlewares\Third_Party\LwIP\src\netif\ppp\pppcrypt.o Middlewares\Third_Party\LwIP\src\netif\ppp\pppoe.o Middlewares\Third_Party\LwIP\src\netif\ppp\pppol2tp.o Middlewares\Third_Party\LwIP\src\netif\ppp\pppos.o Middlewares\Third_Party\LwIP\src\netif\ppp\upap.o Middlewares\Third_Party\LwIP\src\netif\ppp\utils.o Middlewares\Third_Party\LwIP\src\netif\ppp\vj.o Middlewares\Third_Party\LwIP\src\netif\slipif.o Project_Source\App_BacklightControl.o Project_Source\App_Debug.o Project_Source\App_Init.o Project_Source\App_Pins.o Project_Source\App_Text.o Project_Source\App_UserAck.o Project_Source\App_VisionModules.o Project_Source\Event_Management\App_EventManager.o Project_Source\Event_Management\App_Railbound_Events.o Project_Source\HUB_2XX_CAN.o Project_Source\ICON3_Controller.o Project_Source\Interface\MaxusX_Images.o Project_Source\USB\USB.o Project_Source\USB\USB_Image.o Project_Source\USB_App.o Src\BSP\adc.o Src\BSP\can.o Src\BSP\dma2d.o Src\BSP\dsihost.o Src\BSP\fatfs.o Src\BSP\fmc.o Src\BSP\gpio.o Src\BSP\i2c.o Src\BSP\iwdg.o Src\BSP\ltdc.o Src\BSP\quadspi.o Src\BSP\spi.o Src\BSP\tim.o Src\BSP\usart.o Src\BSP\usb_host.o Src\BSP\usbh_conf.o Src\BSP\usbh_diskio.o Src\BSP\usbh_platform.o Src\Drivers\ADPS9309.o Src\Drivers\Driver_Display.o Src\Drivers\M41T94.o Src\Drivers\MCP23S17.o Src\Drivers\MR25H40.o Src\Drivers\S28GL01GS.o Src\Drivers\SN65DSI83.o Src\F769\F769_DMA.o Src\F769\F769_I2C.o Src\F769\F769_IO.o Src\F769\F769_Init.o Src\F769\F769_LCD.o Src\F769\F769_QSPI.o Src\F769\F769_SPI.o Src\F769\F769_SRAM.o Src\F769\F769_Timers.o Src\F769\F769_UART.o Src\General_Functions.o Src\main.o Src\stm32f7xx_hal_msp.o Src\stm32f7xx_it.o Src\system_stm32f7xx.o VisionShared\Delay.o VisionShared\LF_TX.o VisionShared\MasterInterface\CanInterface.o VisionShared\MasterInterface\MasterTagReader.o VisionShared\MasterInterface\VisionMaster.o VisionShared\MasterInterface\VisionMasterCommands.o VisionShared\MasterInterface\VisionMaster_test.o VisionShared\MasterInterface\VisionZoneInterface.o VisionShared\Transponders.o VisionShared\framing.o VisionShared\list.o startup\startup_stm32f769xx.o -mthumb -mcpu=cortex-m7 -mfloat-abi=hard -mfpu=fpv5-sp-d16 -T../Debug_STM32F769BI_FLASH.ld -specs=nosys.specs -static -Wl,-Map=M-PFW-043-00.map -Wl,--gc-sections -Wl,--defsym=malloc_getpagesize_P=0x1000 -Wl,--start-group -lc -lm -Wl,--end-group 
C:\Program Files (x86)\Atollic\TrueSTUDIO for STM32 9.0.0\ide\jre\bin\java -jar C:\Program Files (x86)\Atollic\TrueSTUDIO for STM32 9.0.0\Tools\arm-atollic-reports.jar sizeinfo list M-PFW-043-00.elf 
Generate build reports...
Print size information
   text	   data	    bss	    dec	    hex	filename
  89304	   1492	  49148	 139944	  222a8	M-PFW-043-00.elf
Print size information done
Generate listing file
Output sent to: M-PFW-043-00.list
Generate listing file done
Generate build reports done
arm-atollic-eabi-objcopy.exe -O ihex M-PFW-043-00.elf M-PFW-043-00.hex 
15:41:39 **** Incremental Build of configuration Debug for project M-PFW-043-00 ****
Info: Internal Builder is used for build
arm-atollic-eabi-gcc -c -mthumb -mcpu=cortex-m7 -mfloat-abi=hard -mfpu=fpv5-sp-d16 -std=gnu11 -D__weak=__attribute__((weak)) -D__packed=__attribute__((__packed__)) -DUSE_HAL_DRIVER -DSTM32F769xx -I../Drivers/STM32F7xx_HAL_Driver/Inc -I../Drivers/STM32F7xx_HAL_Driver/Inc/Legacy -I../Middlewares/ST/STM32_USB_Host_Library/Core/Inc -I../Middlewares/ST/STM32_USB_Host_Library/Class/MSC/Inc -I../Drivers/CMSIS/Device/ST/STM32F7xx/Include -I../Middlewares/Third_Party/FatFs/src -I../Drivers/CMSIS/Include -I../Project_Headers -I../Project_Source -I../Project_Source/Event_Management -I../Project_Source/Threat_Management -I../VisionShared -I../VisionShared/MasterInterface -I../VisionShared/TagTypes -I../Fonts -I../Header -I../Header/F769 -I../Header/BSP -I../Header/ICs -I../Project_Source/USB -I../Project_Source/System_Control -I../Project_Source/Interface -I../Middlewares/Third_Party/LwIP/system -I../LWIP -I../Middlewares/Third_Party/LwIP/src/include/lwip/prot -I../Middlewares/Third_Party/LwIP/src/include -I../Middlewares/Third_Party/LwIP/src/include/netif/ppp -I../Middlewares/Third_Party/LwIP/src/include/lwip/apps -I../Middlewares/Third_Party/LwIP/src/include/lwip/priv -I../Middlewares/Third_Party/LwIP/src/include/netif -I../Middlewares/Third_Party/LwIP/src/include/posix -I../Middlewares/Third_Party/LwIP/src/include/posix/sys -I../Middlewares/Third_Party/LwIP/system/arch -I../Middlewares/Third_Party/LwIP/src/include/lwip -O0 -ffunction-sections -fdata-sections -g -fstack-usage -Wall -o Src\F769\F769_LCD.o ..\Src\F769\F769_LCD.c 
In file included from ../Header/Global_Variables.h:117:0,
                 from ../Header/F769/F769_LCD.h:68,
                 from ..\Src\F769\F769_LCD.c:36:
../Project_Headers/App_Debug.h:14:1: warning: "/*" within comment [-Wcomment]
 /*--------------------------------
  
..\Src\F769\F769_LCD.c: In function 'BSP_LCD_DrawBitmap_NoHeader':
..\Src\F769\F769_LCD.c:911:11: warning: unused variable 'index' [-Wunused-variable]
  uint32_t index = 0;
           ^~~~~
..\Src\F769\F769_LCD.c: In function 'BSP_LCD_DrawBitmap':
..\Src\F769\F769_LCD.c:1001:10: warning: 'return' with a value, in function returning void
   return true;
          ^~~~
..\Src\F769\F769_LCD.c:955:6: note: declared here
 void BSP_LCD_DrawBitmap(uint32_t Xpos, uint32_t Ypos, uint8_t* pbmp)
      ^~~~~~~~~~~~~~~~~~
..\Src\F769\F769_LCD.c:1006:10: warning: 'return' with a value, in function returning void
   return false;
          ^~~~~
..\Src\F769\F769_LCD.c:955:6: note: declared here
 void BSP_LCD_DrawBitmap(uint32_t Xpos, uint32_t Ypos, uint8_t* pbmp)
      ^~~~~~~~~~~~~~~~~~
..\Src\F769\F769_LCD.c: In function 'BSP_LCD_FillRect':
..\Src\F769\F769_LCD.c:1078:4: warning: this 'while' clause does not guard... [-Wmisleading-indentation]
    while ((LTDC->CDSR & LTDC_CDSR_VSYNCS) == 0);
    ^~~~~
..\Src\F769\F769_LCD.c:1079:5: note: ...this statement, but the latter is misleadingly indented as if it is guarded by the 'while'
     LL_FillBuffer(ActiveLayer, (uint32_t *)Xaddress, Width, Height,(BSP_LCD_GetXSize()-Width)/1.75, DrawProp[ActiveLayer].TextColor);
     ^~~~~~~~~~~~~
..\Src\F769\F769_LCD.c:1076:11: warning: unused variable 'test' [-Wunused-variable]
  uint32_t test = (BSP_LCD_GetXSize()-Width)/1.75;
           ^~~~
..\Src\F769\F769_LCD.c: In function 'BSP_LCD_DrawPixel':
..\Src\F769\F769_LCD.c:1378:10: warning: unused variable 'R' [-Wunused-variable]
  uint8_t R = (uint8_t)(RGB_Code >> 16);
          ^
..\Src\F769\F769_LCD.c:1377:10: warning: unused variable 'G' [-Wunused-variable]
  uint8_t G = (uint8_t)(RGB_Code >> 8);
          ^
..\Src\F769\F769_LCD.c:1376:10: warning: unused variable 'B' [-Wunused-variable]
  uint8_t B = (uint8_t)RGB_Code;
          ^
At top level:
..\Src\F769\F769_LCD.c:1062:23: warning: 'Address_Buffers' defined but not used [-Wunused-const-variable=]
 static const uint32_t Address_Buffers[] =
                       ^~~~~~~~~~~~~~~
arm-atollic-eabi-gcc -o M-PFW-043-00.elf Drivers\STM32F7xx_HAL_Driver\Src\stm32f7xx_hal.o Drivers\STM32F7xx_HAL_Driver\Src\stm32f7xx_hal_adc.o Drivers\STM32F7xx_HAL_Driver\Src\stm32f7xx_hal_adc_ex.o Drivers\STM32F7xx_HAL_Driver\Src\stm32f7xx_hal_can.o Drivers\STM32F7xx_HAL_Driver\Src\stm32f7xx_hal_cortex.o Drivers\STM32F7xx_HAL_Driver\Src\stm32f7xx_hal_dma.o Drivers\STM32F7xx_HAL_Driver\Src\stm32f7xx_hal_dma2d.o Drivers\STM32F7xx_HAL_Driver\Src\stm32f7xx_hal_dma_ex.o Drivers\STM32F7xx_HAL_Driver\Src\stm32f7xx_hal_dsi.o Drivers\STM32F7xx_HAL_Driver\Src\stm32f7xx_hal_eth.o Drivers\STM32F7xx_HAL_Driver\Src\stm32f7xx_hal_flash.o Drivers\STM32F7xx_HAL_Driver\Src\stm32f7xx_hal_flash_ex.o Drivers\STM32F7xx_HAL_Driver\Src\stm32f7xx_hal_gpio.o Drivers\STM32F7xx_HAL_Driver\Src\stm32f7xx_hal_hcd.o Drivers\STM32F7xx_HAL_Driver\Src\stm32f7xx_hal_i2c.o Drivers\STM32F7xx_HAL_Driver\Src\stm32f7xx_hal_i2c_ex.o Drivers\STM32F7xx_HAL_Driver\Src\stm32f7xx_hal_iwdg.o Drivers\STM32F7xx_HAL_Driver\Src\stm32f7xx_hal_jpeg.o Drivers\STM32F7xx_HAL_Driver\Src\stm32f7xx_hal_ltdc.o Drivers\STM32F7xx_HAL_Driver\Src\stm32f7xx_hal_ltdc_ex.o Drivers\STM32F7xx_HAL_Driver\Src\stm32f7xx_hal_nor.o Drivers\STM32F7xx_HAL_Driver\Src\stm32f7xx_hal_pwr.o Drivers\STM32F7xx_HAL_Driver\Src\stm32f7xx_hal_pwr_ex.o Drivers\STM32F7xx_HAL_Driver\Src\stm32f7xx_hal_qspi.o Drivers\STM32F7xx_HAL_Driver\Src\stm32f7xx_hal_rcc.o Drivers\STM32F7xx_HAL_Driver\Src\stm32f7xx_hal_rcc_ex.o Drivers\STM32F7xx_HAL_Driver\Src\stm32f7xx_hal_spi.o Drivers\STM32F7xx_HAL_Driver\Src\stm32f7xx_hal_sram.o Drivers\STM32F7xx_HAL_Driver\Src\stm32f7xx_hal_tim.o Drivers\STM32F7xx_HAL_Driver\Src\stm32f7xx_hal_tim_ex.o Drivers\STM32F7xx_HAL_Driver\Src\stm32f7xx_hal_uart.o Drivers\STM32F7xx_HAL_Driver\Src\stm32f7xx_ll_fmc.o Drivers\STM32F7xx_HAL_Driver\Src\stm32f7xx_ll_usb.o Fonts\font12.o Fonts\font16.o Fonts\font20.o Fonts\font24.o Fonts\font8.o LWIP\TCP.o LWIP\app_ethernet.o LWIP\ethernetif.o LWIP\lwip.o LWIP\tcp_echoclient.o Middlewares\ST\STM32_USB_Host_Library\Class\MSC\Src\usbh_msc.o Middlewares\ST\STM32_USB_Host_Library\Class\MSC\Src\usbh_msc_bot.o Middlewares\ST\STM32_USB_Host_Library\Class\MSC\Src\usbh_msc_scsi.o Middlewares\ST\STM32_USB_Host_Library\Core\Src\usbh_core.o Middlewares\ST\STM32_USB_Host_Library\Core\Src\usbh_ctlreq.o Middlewares\ST\STM32_USB_Host_Library\Core\Src\usbh_ioreq.o Middlewares\ST\STM32_USB_Host_Library\Core\Src\usbh_pipes.o Middlewares\Third_Party\FatFs\src\diskio.o Middlewares\Third_Party\FatFs\src\ff.o Middlewares\Third_Party\FatFs\src\ff_gen_drv.o Middlewares\Third_Party\FatFs\src\option\ccsbcs.o Middlewares\Third_Party\FatFs\src\option\syscall.o Middlewares\Third_Party\LwIP\src\api\api_lib.o Middlewares\Third_Party\LwIP\src\api\api_msg.o Middlewares\Third_Party\LwIP\src\api\err.o Middlewares\Third_Party\LwIP\src\api\netbuf.o Middlewares\Third_Party\LwIP\src\api\netdb.o Middlewares\Third_Party\LwIP\src\api\netifapi.o Middlewares\Third_Party\LwIP\src\api\sockets.o Middlewares\Third_Party\LwIP\src\api\tcpip.o Middlewares\Third_Party\LwIP\src\apps\mqtt\mqtt.o Middlewares\Third_Party\LwIP\src\core\def.o Middlewares\Third_Party\LwIP\src\core\dns.o Middlewares\Third_Party\LwIP\src\core\inet_chksum.o Middlewares\Third_Party\LwIP\src\core\init.o Middlewares\Third_Party\LwIP\src\core\ip.o Middlewares\Third_Party\LwIP\src\core\ipv4\autoip.o Middlewares\Third_Party\LwIP\src\core\ipv4\dhcp.o Middlewares\Third_Party\LwIP\src\core\ipv4\etharp.o Middlewares\Third_Party\LwIP\src\core\ipv4\icmp.o Middlewares\Third_Party\LwIP\src\core\ipv4\igmp.o Middlewares\Third_Party\LwIP\src\core\ipv4\ip4.o Middlewares\Third_Party\LwIP\src\core\ipv4\ip4_addr.o Middlewares\Third_Party\LwIP\src\core\ipv4\ip4_frag.o Middlewares\Third_Party\LwIP\src\core\ipv6\dhcp6.o Middlewares\Third_Party\LwIP\src\core\ipv6\ethip6.o Middlewares\Third_Party\LwIP\src\core\ipv6\icmp6.o Middlewares\Third_Party\LwIP\src\core\ipv6\inet6.o Middlewares\Third_Party\LwIP\src\core\ipv6\ip6.o Middlewares\Third_Party\LwIP\src\core\ipv6\ip6_addr.o Middlewares\Third_Party\LwIP\src\core\ipv6\ip6_frag.o Middlewares\Third_Party\LwIP\src\core\ipv6\mld6.o Middlewares\Third_Party\LwIP\src\core\ipv6\nd6.o Middlewares\Third_Party\LwIP\src\core\mem.o Middlewares\Third_Party\LwIP\src\core\memp.o Middlewares\Third_Party\LwIP\src\core\netif.o Middlewares\Third_Party\LwIP\src\core\pbuf.o Middlewares\Third_Party\LwIP\src\core\raw.o Middlewares\Third_Party\LwIP\src\core\stats.o Middlewares\Third_Party\LwIP\src\core\sys.o Middlewares\Third_Party\LwIP\src\core\tcp.o Middlewares\Third_Party\LwIP\src\core\tcp_in.o Middlewares\Third_Party\LwIP\src\core\tcp_out.o Middlewares\Third_Party\LwIP\src\core\timeouts.o Middlewares\Third_Party\LwIP\src\core\udp.o Middlewares\Third_Party\LwIP\src\netif\ethernet.o Middlewares\Third_Party\LwIP\src\netif\lowpan6.o Middlewares\Third_Party\LwIP\src\netif\ppp\auth.o Middlewares\Third_Party\LwIP\src\netif\ppp\ccp.o Middlewares\Third_Party\LwIP\src\netif\ppp\chap-md5.o Middlewares\Third_Party\LwIP\src\netif\ppp\chap-new.o Middlewares\Third_Party\LwIP\src\netif\ppp\chap_ms.o Middlewares\Third_Party\LwIP\src\netif\ppp\demand.o Middlewares\Third_Party\LwIP\src\netif\ppp\eap.o Middlewares\Third_Party\LwIP\src\netif\ppp\ecp.o Middlewares\Third_Party\LwIP\src\netif\ppp\eui64.o Middlewares\Third_Party\LwIP\src\netif\ppp\fsm.o Middlewares\Third_Party\LwIP\src\netif\ppp\ipcp.o Middlewares\Third_Party\LwIP\src\netif\ppp\ipv6cp.o Middlewares\Third_Party\LwIP\src\netif\ppp\lcp.o Middlewares\Third_Party\LwIP\src\netif\ppp\magic.o Middlewares\Third_Party\LwIP\src\netif\ppp\mppe.o Middlewares\Third_Party\LwIP\src\netif\ppp\multilink.o Middlewares\Third_Party\LwIP\src\netif\ppp\ppp.o Middlewares\Third_Party\LwIP\src\netif\ppp\pppapi.o Middlewares\Third_Party\LwIP\src\netif\ppp\pppcrypt.o Middlewares\Third_Party\LwIP\src\netif\ppp\pppoe.o Middlewares\Third_Party\LwIP\src\netif\ppp\pppol2tp.o Middlewares\Third_Party\LwIP\src\netif\ppp\pppos.o Middlewares\Third_Party\LwIP\src\netif\ppp\upap.o Middlewares\Third_Party\LwIP\src\netif\ppp\utils.o Middlewares\Third_Party\LwIP\src\netif\ppp\vj.o Middlewares\Third_Party\LwIP\src\netif\slipif.o Project_Source\App_BacklightControl.o Project_Source\App_Debug.o Project_Source\App_Init.o Project_Source\App_Pins.o Project_Source\App_Text.o Project_Source\App_UserAck.o Project_Source\App_VisionModules.o Project_Source\Event_Management\App_EventManager.o Project_Source\Event_Management\App_Railbound_Events.o Project_Source\HUB_2XX_CAN.o Project_Source\ICON3_Controller.o Project_Source\Interface\MaxusX_Images.o Project_Source\USB\USB.o Project_Source\USB\USB_Image.o Project_Source\USB_App.o Src\BSP\adc.o Src\BSP\can.o Src\BSP\dma2d.o Src\BSP\dsihost.o Src\BSP\fatfs.o Src\BSP\fmc.o Src\BSP\gpio.o Src\BSP\i2c.o Src\BSP\iwdg.o Src\BSP\ltdc.o Src\BSP\quadspi.o Src\BSP\spi.o Src\BSP\tim.o Src\BSP\usart.o Src\BSP\usb_host.o Src\BSP\usbh_conf.o Src\BSP\usbh_diskio.o Src\BSP\usbh_platform.o Src\Drivers\ADPS9309.o Src\Drivers\Driver_Display.o Src\Drivers\M41T94.o Src\Drivers\MCP23S17.o Src\Drivers\MR25H40.o Src\Drivers\S28GL01GS.o Src\Drivers\SN65DSI83.o Src\F769\F769_DMA.o Src\F769\F769_I2C.o Src\F769\F769_IO.o Src\F769\F769_Init.o Src\F769\F769_LCD.o Src\F769\F769_QSPI.o Src\F769\F769_SPI.o Src\F769\F769_SRAM.o Src\F769\F769_Timers.o Src\F769\F769_UART.o Src\General_Functions.o Src\main.o Src\stm32f7xx_hal_msp.o Src\stm32f7xx_it.o Src\system_stm32f7xx.o VisionShared\Delay.o VisionShared\LF_TX.o VisionShared\MasterInterface\CanInterface.o VisionShared\MasterInterface\MasterTagReader.o VisionShared\MasterInterface\VisionMaster.o VisionShared\MasterInterface\VisionMasterCommands.o VisionShared\MasterInterface\VisionMaster_test.o VisionShared\MasterInterface\VisionZoneInterface.o VisionShared\Transponders.o VisionShared\framing.o VisionShared\list.o startup\startup_stm32f769xx.o -mthumb -mcpu=cortex-m7 -mfloat-abi=hard -mfpu=fpv5-sp-d16 -T../Debug_STM32F769BI_FLASH.ld -specs=nosys.specs -static -Wl,-Map=M-PFW-043-00.map -Wl,--gc-sections -Wl,--defsym=malloc_getpagesize_P=0x1000 -Wl,--start-group -lc -lm -Wl,--end-group 
C:\Program Files (x86)\Atollic\TrueSTUDIO for STM32 9.0.0\ide\jre\bin\java -jar C:\Program Files (x86)\Atollic\TrueSTUDIO for STM32 9.0.0\Tools\arm-atollic-reports.jar sizeinfo list M-PFW-043-00.elf 
Generate build reports...
Print size information
   text	   data	    bss	    dec	    hex	filename
  89304	   1492	  49148	 139944	  222a8	M-PFW-043-00.elf
Print size information done
Generate listing file
Output sent to: M-PFW-043-00.list
Generate listing file done
Generate build reports done
arm-atollic-eabi-objcopy.exe -O ihex M-PFW-043-00.elf M-PFW-043-00.hex 
15:42:07 **** Incremental Build of configuration Debug for project M-PFW-043-00 ****
Info: Internal Builder is used for build
arm-atollic-eabi-gcc -c -mthumb -mcpu=cortex-m7 -mfloat-abi=hard -mfpu=fpv5-sp-d16 -std=gnu11 -D__weak=__attribute__((weak)) -D__packed=__attribute__((__packed__)) -DUSE_HAL_DRIVER -DSTM32F769xx -I../Drivers/STM32F7xx_HAL_Driver/Inc -I../Drivers/STM32F7xx_HAL_Driver/Inc/Legacy -I../Middlewares/ST/STM32_USB_Host_Library/Core/Inc -I../Middlewares/ST/STM32_USB_Host_Library/Class/MSC/Inc -I../Drivers/CMSIS/Device/ST/STM32F7xx/Include -I../Middlewares/Third_Party/FatFs/src -I../Drivers/CMSIS/Include -I../Project_Headers -I../Project_Source -I../Project_Source/Event_Management -I../Project_Source/Threat_Management -I../VisionShared -I../VisionShared/MasterInterface -I../VisionShared/TagTypes -I../Fonts -I../Header -I../Header/F769 -I../Header/BSP -I../Header/ICs -I../Project_Source/USB -I../Project_Source/System_Control -I../Project_Source/Interface -I../Middlewares/Third_Party/LwIP/system -I../LWIP -I../Middlewares/Third_Party/LwIP/src/include/lwip/prot -I../Middlewares/Third_Party/LwIP/src/include -I../Middlewares/Third_Party/LwIP/src/include/netif/ppp -I../Middlewares/Third_Party/LwIP/src/include/lwip/apps -I../Middlewares/Third_Party/LwIP/src/include/lwip/priv -I../Middlewares/Third_Party/LwIP/src/include/netif -I../Middlewares/Third_Party/LwIP/src/include/posix -I../Middlewares/Third_Party/LwIP/src/include/posix/sys -I../Middlewares/Third_Party/LwIP/system/arch -I../Middlewares/Third_Party/LwIP/src/include/lwip -O0 -ffunction-sections -fdata-sections -g -fstack-usage -Wall -o Src\F769\F769_LCD.o ..\Src\F769\F769_LCD.c 
In file included from ../Header/Global_Variables.h:117:0,
                 from ../Header/F769/F769_LCD.h:68,
                 from ..\Src\F769\F769_LCD.c:36:
../Project_Headers/App_Debug.h:14:1: warning: "/*" within comment [-Wcomment]
 /*--------------------------------
  
..\Src\F769\F769_LCD.c: In function 'BSP_LCD_DrawBitmap_NoHeader':
..\Src\F769\F769_LCD.c:911:11: warning: unused variable 'index' [-Wunused-variable]
  uint32_t index = 0;
           ^~~~~
..\Src\F769\F769_LCD.c: In function 'BSP_LCD_DrawBitmap':
..\Src\F769\F769_LCD.c:1001:10: warning: 'return' with a value, in function returning void
   return true;
          ^~~~
..\Src\F769\F769_LCD.c:955:6: note: declared here
 void BSP_LCD_DrawBitmap(uint32_t Xpos, uint32_t Ypos, uint8_t* pbmp)
      ^~~~~~~~~~~~~~~~~~
..\Src\F769\F769_LCD.c:1006:10: warning: 'return' with a value, in function returning void
   return false;
          ^~~~~
..\Src\F769\F769_LCD.c:955:6: note: declared here
 void BSP_LCD_DrawBitmap(uint32_t Xpos, uint32_t Ypos, uint8_t* pbmp)
      ^~~~~~~~~~~~~~~~~~
..\Src\F769\F769_LCD.c: In function 'BSP_LCD_FillRect':
..\Src\F769\F769_LCD.c:1078:4: warning: this 'while' clause does not guard... [-Wmisleading-indentation]
    while ((LTDC->CDSR & LTDC_CDSR_VSYNCS) == 0);
    ^~~~~
..\Src\F769\F769_LCD.c:1079:5: note: ...this statement, but the latter is misleadingly indented as if it is guarded by the 'while'
     LL_FillBuffer(ActiveLayer, (uint32_t *)Xaddress, Width, Height,(BSP_LCD_GetXSize()-Width)/1.76, DrawProp[ActiveLayer].TextColor);
     ^~~~~~~~~~~~~
..\Src\F769\F769_LCD.c:1076:11: warning: unused variable 'test' [-Wunused-variable]
  uint32_t test = (BSP_LCD_GetXSize()-Width)/1.76;
           ^~~~
..\Src\F769\F769_LCD.c: In function 'BSP_LCD_DrawPixel':
..\Src\F769\F769_LCD.c:1378:10: warning: unused variable 'R' [-Wunused-variable]
  uint8_t R = (uint8_t)(RGB_Code >> 16);
          ^
..\Src\F769\F769_LCD.c:1377:10: warning: unused variable 'G' [-Wunused-variable]
  uint8_t G = (uint8_t)(RGB_Code >> 8);
          ^
..\Src\F769\F769_LCD.c:1376:10: warning: unused variable 'B' [-Wunused-variable]
  uint8_t B = (uint8_t)RGB_Code;
          ^
At top level:
..\Src\F769\F769_LCD.c:1062:23: warning: 'Address_Buffers' defined but not used [-Wunused-const-variable=]
 static const uint32_t Address_Buffers[] =
                       ^~~~~~~~~~~~~~~
arm-atollic-eabi-gcc -o M-PFW-043-00.elf Drivers\STM32F7xx_HAL_Driver\Src\stm32f7xx_hal.o Drivers\STM32F7xx_HAL_Driver\Src\stm32f7xx_hal_adc.o Drivers\STM32F7xx_HAL_Driver\Src\stm32f7xx_hal_adc_ex.o Drivers\STM32F7xx_HAL_Driver\Src\stm32f7xx_hal_can.o Drivers\STM32F7xx_HAL_Driver\Src\stm32f7xx_hal_cortex.o Drivers\STM32F7xx_HAL_Driver\Src\stm32f7xx_hal_dma.o Drivers\STM32F7xx_HAL_Driver\Src\stm32f7xx_hal_dma2d.o Drivers\STM32F7xx_HAL_Driver\Src\stm32f7xx_hal_dma_ex.o Drivers\STM32F7xx_HAL_Driver\Src\stm32f7xx_hal_dsi.o Drivers\STM32F7xx_HAL_Driver\Src\stm32f7xx_hal_eth.o Drivers\STM32F7xx_HAL_Driver\Src\stm32f7xx_hal_flash.o Drivers\STM32F7xx_HAL_Driver\Src\stm32f7xx_hal_flash_ex.o Drivers\STM32F7xx_HAL_Driver\Src\stm32f7xx_hal_gpio.o Drivers\STM32F7xx_HAL_Driver\Src\stm32f7xx_hal_hcd.o Drivers\STM32F7xx_HAL_Driver\Src\stm32f7xx_hal_i2c.o Drivers\STM32F7xx_HAL_Driver\Src\stm32f7xx_hal_i2c_ex.o Drivers\STM32F7xx_HAL_Driver\Src\stm32f7xx_hal_iwdg.o Drivers\STM32F7xx_HAL_Driver\Src\stm32f7xx_hal_jpeg.o Drivers\STM32F7xx_HAL_Driver\Src\stm32f7xx_hal_ltdc.o Drivers\STM32F7xx_HAL_Driver\Src\stm32f7xx_hal_ltdc_ex.o Drivers\STM32F7xx_HAL_Driver\Src\stm32f7xx_hal_nor.o Drivers\STM32F7xx_HAL_Driver\Src\stm32f7xx_hal_pwr.o Drivers\STM32F7xx_HAL_Driver\Src\stm32f7xx_hal_pwr_ex.o Drivers\STM32F7xx_HAL_Driver\Src\stm32f7xx_hal_qspi.o Drivers\STM32F7xx_HAL_Driver\Src\stm32f7xx_hal_rcc.o Drivers\STM32F7xx_HAL_Driver\Src\stm32f7xx_hal_rcc_ex.o Drivers\STM32F7xx_HAL_Driver\Src\stm32f7xx_hal_spi.o Drivers\STM32F7xx_HAL_Driver\Src\stm32f7xx_hal_sram.o Drivers\STM32F7xx_HAL_Driver\Src\stm32f7xx_hal_tim.o Drivers\STM32F7xx_HAL_Driver\Src\stm32f7xx_hal_tim_ex.o Drivers\STM32F7xx_HAL_Driver\Src\stm32f7xx_hal_uart.o Drivers\STM32F7xx_HAL_Driver\Src\stm32f7xx_ll_fmc.o Drivers\STM32F7xx_HAL_Driver\Src\stm32f7xx_ll_usb.o Fonts\font12.o Fonts\font16.o Fonts\font20.o Fonts\font24.o Fonts\font8.o LWIP\TCP.o LWIP\app_ethernet.o LWIP\ethernetif.o LWIP\lwip.o LWIP\tcp_echoclient.o Middlewares\ST\STM32_USB_Host_Library\Class\MSC\Src\usbh_msc.o Middlewares\ST\STM32_USB_Host_Library\Class\MSC\Src\usbh_msc_bot.o Middlewares\ST\STM32_USB_Host_Library\Class\MSC\Src\usbh_msc_scsi.o Middlewares\ST\STM32_USB_Host_Library\Core\Src\usbh_core.o Middlewares\ST\STM32_USB_Host_Library\Core\Src\usbh_ctlreq.o Middlewares\ST\STM32_USB_Host_Library\Core\Src\usbh_ioreq.o Middlewares\ST\STM32_USB_Host_Library\Core\Src\usbh_pipes.o Middlewares\Third_Party\FatFs\src\diskio.o Middlewares\Third_Party\FatFs\src\ff.o Middlewares\Third_Party\FatFs\src\ff_gen_drv.o Middlewares\Third_Party\FatFs\src\option\ccsbcs.o Middlewares\Third_Party\FatFs\src\option\syscall.o Middlewares\Third_Party\LwIP\src\api\api_lib.o Middlewares\Third_Party\LwIP\src\api\api_msg.o Middlewares\Third_Party\LwIP\src\api\err.o Middlewares\Third_Party\LwIP\src\api\netbuf.o Middlewares\Third_Party\LwIP\src\api\netdb.o Middlewares\Third_Party\LwIP\src\api\netifapi.o Middlewares\Third_Party\LwIP\src\api\sockets.o Middlewares\Third_Party\LwIP\src\api\tcpip.o Middlewares\Third_Party\LwIP\src\apps\mqtt\mqtt.o Middlewares\Third_Party\LwIP\src\core\def.o Middlewares\Third_Party\LwIP\src\core\dns.o Middlewares\Third_Party\LwIP\src\core\inet_chksum.o Middlewares\Third_Party\LwIP\src\core\init.o Middlewares\Third_Party\LwIP\src\core\ip.o Middlewares\Third_Party\LwIP\src\core\ipv4\autoip.o Middlewares\Third_Party\LwIP\src\core\ipv4\dhcp.o Middlewares\Third_Party\LwIP\src\core\ipv4\etharp.o Middlewares\Third_Party\LwIP\src\core\ipv4\icmp.o Middlewares\Third_Party\LwIP\src\core\ipv4\igmp.o Middlewares\Third_Party\LwIP\src\core\ipv4\ip4.o Middlewares\Third_Party\LwIP\src\core\ipv4\ip4_addr.o Middlewares\Third_Party\LwIP\src\core\ipv4\ip4_frag.o Middlewares\Third_Party\LwIP\src\core\ipv6\dhcp6.o Middlewares\Third_Party\LwIP\src\core\ipv6\ethip6.o Middlewares\Third_Party\LwIP\src\core\ipv6\icmp6.o Middlewares\Third_Party\LwIP\src\core\ipv6\inet6.o Middlewares\Third_Party\LwIP\src\core\ipv6\ip6.o Middlewares\Third_Party\LwIP\src\core\ipv6\ip6_addr.o Middlewares\Third_Party\LwIP\src\core\ipv6\ip6_frag.o Middlewares\Third_Party\LwIP\src\core\ipv6\mld6.o Middlewares\Third_Party\LwIP\src\core\ipv6\nd6.o Middlewares\Third_Party\LwIP\src\core\mem.o Middlewares\Third_Party\LwIP\src\core\memp.o Middlewares\Third_Party\LwIP\src\core\netif.o Middlewares\Third_Party\LwIP\src\core\pbuf.o Middlewares\Third_Party\LwIP\src\core\raw.o Middlewares\Third_Party\LwIP\src\core\stats.o Middlewares\Third_Party\LwIP\src\core\sys.o Middlewares\Third_Party\LwIP\src\core\tcp.o Middlewares\Third_Party\LwIP\src\core\tcp_in.o Middlewares\Third_Party\LwIP\src\core\tcp_out.o Middlewares\Third_Party\LwIP\src\core\timeouts.o Middlewares\Third_Party\LwIP\src\core\udp.o Middlewares\Third_Party\LwIP\src\netif\ethernet.o Middlewares\Third_Party\LwIP\src\netif\lowpan6.o Middlewares\Third_Party\LwIP\src\netif\ppp\auth.o Middlewares\Third_Party\LwIP\src\netif\ppp\ccp.o Middlewares\Third_Party\LwIP\src\netif\ppp\chap-md5.o Middlewares\Third_Party\LwIP\src\netif\ppp\chap-new.o Middlewares\Third_Party\LwIP\src\netif\ppp\chap_ms.o Middlewares\Third_Party\LwIP\src\netif\ppp\demand.o Middlewares\Third_Party\LwIP\src\netif\ppp\eap.o Middlewares\Third_Party\LwIP\src\netif\ppp\ecp.o Middlewares\Third_Party\LwIP\src\netif\ppp\eui64.o Middlewares\Third_Party\LwIP\src\netif\ppp\fsm.o Middlewares\Third_Party\LwIP\src\netif\ppp\ipcp.o Middlewares\Third_Party\LwIP\src\netif\ppp\ipv6cp.o Middlewares\Third_Party\LwIP\src\netif\ppp\lcp.o Middlewares\Third_Party\LwIP\src\netif\ppp\magic.o Middlewares\Third_Party\LwIP\src\netif\ppp\mppe.o Middlewares\Third_Party\LwIP\src\netif\ppp\multilink.o Middlewares\Third_Party\LwIP\src\netif\ppp\ppp.o Middlewares\Third_Party\LwIP\src\netif\ppp\pppapi.o Middlewares\Third_Party\LwIP\src\netif\ppp\pppcrypt.o Middlewares\Third_Party\LwIP\src\netif\ppp\pppoe.o Middlewares\Third_Party\LwIP\src\netif\ppp\pppol2tp.o Middlewares\Third_Party\LwIP\src\netif\ppp\pppos.o Middlewares\Third_Party\LwIP\src\netif\ppp\upap.o Middlewares\Third_Party\LwIP\src\netif\ppp\utils.o Middlewares\Third_Party\LwIP\src\netif\ppp\vj.o Middlewares\Third_Party\LwIP\src\netif\slipif.o Project_Source\App_BacklightControl.o Project_Source\App_Debug.o Project_Source\App_Init.o Project_Source\App_Pins.o Project_Source\App_Text.o Project_Source\App_UserAck.o Project_Source\App_VisionModules.o Project_Source\Event_Management\App_EventManager.o Project_Source\Event_Management\App_Railbound_Events.o Project_Source\HUB_2XX_CAN.o Project_Source\ICON3_Controller.o Project_Source\Interface\MaxusX_Images.o Project_Source\USB\USB.o Project_Source\USB\USB_Image.o Project_Source\USB_App.o Src\BSP\adc.o Src\BSP\can.o Src\BSP\dma2d.o Src\BSP\dsihost.o Src\BSP\fatfs.o Src\BSP\fmc.o Src\BSP\gpio.o Src\BSP\i2c.o Src\BSP\iwdg.o Src\BSP\ltdc.o Src\BSP\quadspi.o Src\BSP\spi.o Src\BSP\tim.o Src\BSP\usart.o Src\BSP\usb_host.o Src\BSP\usbh_conf.o Src\BSP\usbh_diskio.o Src\BSP\usbh_platform.o Src\Drivers\ADPS9309.o Src\Drivers\Driver_Display.o Src\Drivers\M41T94.o Src\Drivers\MCP23S17.o Src\Drivers\MR25H40.o Src\Drivers\S28GL01GS.o Src\Drivers\SN65DSI83.o Src\F769\F769_DMA.o Src\F769\F769_I2C.o Src\F769\F769_IO.o Src\F769\F769_Init.o Src\F769\F769_LCD.o Src\F769\F769_QSPI.o Src\F769\F769_SPI.o Src\F769\F769_SRAM.o Src\F769\F769_Timers.o Src\F769\F769_UART.o Src\General_Functions.o Src\main.o Src\stm32f7xx_hal_msp.o Src\stm32f7xx_it.o Src\system_stm32f7xx.o VisionShared\Delay.o VisionShared\LF_TX.o VisionShared\MasterInterface\CanInterface.o VisionShared\MasterInterface\MasterTagReader.o VisionShared\MasterInterface\VisionMaster.o VisionShared\MasterInterface\VisionMasterCommands.o VisionShared\MasterInterface\VisionMaster_test.o VisionShared\MasterInterface\VisionZoneInterface.o VisionShared\Transponders.o VisionShared\framing.o VisionShared\list.o startup\startup_stm32f769xx.o -mthumb -mcpu=cortex-m7 -mfloat-abi=hard -mfpu=fpv5-sp-d16 -T../Debug_STM32F769BI_FLASH.ld -specs=nosys.specs -static -Wl,-Map=M-PFW-043-00.map -Wl,--gc-sections -Wl,--defsym=malloc_getpagesize_P=0x1000 -Wl,--start-group -lc -lm -Wl,--end-group 
C:\Program Files (x86)\Atollic\TrueSTUDIO for STM32 9.0.0\ide\jre\bin\java -jar C:\Program Files (x86)\Atollic\TrueSTUDIO for STM32 9.0.0\Tools\arm-atollic-reports.jar sizeinfo list M-PFW-043-00.elf 
Generate build reports...
Print size information
   text	   data	    bss	    dec	    hex	filename
  89312	   1492	  49148	 139952	  222b0	M-PFW-043-00.elf
Print size information done
Generate listing file
Output sent to: M-PFW-043-00.list
Generate listing file done
Generate build reports done
arm-atollic-eabi-objcopy.exe -O ihex M-PFW-043-00.elf M-PFW-043-00.hex 
15:42:40 **** Incremental Build of configuration Debug for project M-PFW-043-00 ****
Info: Internal Builder is used for build
arm-atollic-eabi-gcc -c -mthumb -mcpu=cortex-m7 -mfloat-abi=hard -mfpu=fpv5-sp-d16 -std=gnu11 -D__weak=__attribute__((weak)) -D__packed=__attribute__((__packed__)) -DUSE_HAL_DRIVER -DSTM32F769xx -I../Drivers/STM32F7xx_HAL_Driver/Inc -I../Drivers/STM32F7xx_HAL_Driver/Inc/Legacy -I../Middlewares/ST/STM32_USB_Host_Library/Core/Inc -I../Middlewares/ST/STM32_USB_Host_Library/Class/MSC/Inc -I../Drivers/CMSIS/Device/ST/STM32F7xx/Include -I../Middlewares/Third_Party/FatFs/src -I../Drivers/CMSIS/Include -I../Project_Headers -I../Project_Source -I../Project_Source/Event_Management -I../Project_Source/Threat_Management -I../VisionShared -I../VisionShared/MasterInterface -I../VisionShared/TagTypes -I../Fonts -I../Header -I../Header/F769 -I../Header/BSP -I../Header/ICs -I../Project_Source/USB -I../Project_Source/System_Control -I../Project_Source/Interface -I../Middlewares/Third_Party/LwIP/system -I../LWIP -I../Middlewares/Third_Party/LwIP/src/include/lwip/prot -I../Middlewares/Third_Party/LwIP/src/include -I../Middlewares/Third_Party/LwIP/src/include/netif/ppp -I../Middlewares/Third_Party/LwIP/src/include/lwip/apps -I../Middlewares/Third_Party/LwIP/src/include/lwip/priv -I../Middlewares/Third_Party/LwIP/src/include/netif -I../Middlewares/Third_Party/LwIP/src/include/posix -I../Middlewares/Third_Party/LwIP/src/include/posix/sys -I../Middlewares/Third_Party/LwIP/system/arch -I../Middlewares/Third_Party/LwIP/src/include/lwip -O0 -ffunction-sections -fdata-sections -g -fstack-usage -Wall -o Src\main.o ..\Src\main.c 
In file included from ../Header/Global_Variables.h:117:0,
                 from ../LWIP/tcp_echoclient.h:50,
                 from ..\Src\main.c:53:
../Project_Headers/App_Debug.h:14:1: warning: "/*" within comment [-Wcomment]
 /*--------------------------------
  
..\Src\main.c: In function 'main':
..\Src\main.c:118:12: warning: unused variable 'read_array' [-Wunused-variable]
   uint32_t read_array[2200] = {0};
            ^~~~~~~~~~
..\Src\main.c:228:3: warning: implicit declaration of function 'LCD_Brightness_Control' [-Wimplicit-function-declaration]
   LCD_Brightness_Control();
   ^~~~~~~~~~~~~~~~~~~~~~
..\Src\main.c:106:29: warning: unused variable 'huartx' [-Wunused-variable]
   extern UART_HandleTypeDef huartx[COMn];
                             ^~~~~~
..\Src\main.c:105:18: warning: unused variable 'RF_RX_OK' [-Wunused-variable]
   extern uint8_t RF_RX_OK;
                  ^~~~~~~~
..\Src\main.c: At top level:
..\Src\main.c:73:13: warning: 'Netif_Config' declared 'static' but never defined [-Wunused-function]
 static void Netif_Config(void);
             ^~~~~~~~~~~~
arm-atollic-eabi-gcc -o M-PFW-043-00.elf Drivers\STM32F7xx_HAL_Driver\Src\stm32f7xx_hal.o Drivers\STM32F7xx_HAL_Driver\Src\stm32f7xx_hal_adc.o Drivers\STM32F7xx_HAL_Driver\Src\stm32f7xx_hal_adc_ex.o Drivers\STM32F7xx_HAL_Driver\Src\stm32f7xx_hal_can.o Drivers\STM32F7xx_HAL_Driver\Src\stm32f7xx_hal_cortex.o Drivers\STM32F7xx_HAL_Driver\Src\stm32f7xx_hal_dma.o Drivers\STM32F7xx_HAL_Driver\Src\stm32f7xx_hal_dma2d.o Drivers\STM32F7xx_HAL_Driver\Src\stm32f7xx_hal_dma_ex.o Drivers\STM32F7xx_HAL_Driver\Src\stm32f7xx_hal_dsi.o Drivers\STM32F7xx_HAL_Driver\Src\stm32f7xx_hal_eth.o Drivers\STM32F7xx_HAL_Driver\Src\stm32f7xx_hal_flash.o Drivers\STM32F7xx_HAL_Driver\Src\stm32f7xx_hal_flash_ex.o Drivers\STM32F7xx_HAL_Driver\Src\stm32f7xx_hal_gpio.o Drivers\STM32F7xx_HAL_Driver\Src\stm32f7xx_hal_hcd.o Drivers\STM32F7xx_HAL_Driver\Src\stm32f7xx_hal_i2c.o Drivers\STM32F7xx_HAL_Driver\Src\stm32f7xx_hal_i2c_ex.o Drivers\STM32F7xx_HAL_Driver\Src\stm32f7xx_hal_iwdg.o Drivers\STM32F7xx_HAL_Driver\Src\stm32f7xx_hal_jpeg.o Drivers\STM32F7xx_HAL_Driver\Src\stm32f7xx_hal_ltdc.o Drivers\STM32F7xx_HAL_Driver\Src\stm32f7xx_hal_ltdc_ex.o Drivers\STM32F7xx_HAL_Driver\Src\stm32f7xx_hal_nor.o Drivers\STM32F7xx_HAL_Driver\Src\stm32f7xx_hal_pwr.o Drivers\STM32F7xx_HAL_Driver\Src\stm32f7xx_hal_pwr_ex.o Drivers\STM32F7xx_HAL_Driver\Src\stm32f7xx_hal_qspi.o Drivers\STM32F7xx_HAL_Driver\Src\stm32f7xx_hal_rcc.o Drivers\STM32F7xx_HAL_Driver\Src\stm32f7xx_hal_rcc_ex.o Drivers\STM32F7xx_HAL_Driver\Src\stm32f7xx_hal_spi.o Drivers\STM32F7xx_HAL_Driver\Src\stm32f7xx_hal_sram.o Drivers\STM32F7xx_HAL_Driver\Src\stm32f7xx_hal_tim.o Drivers\STM32F7xx_HAL_Driver\Src\stm32f7xx_hal_tim_ex.o Drivers\STM32F7xx_HAL_Driver\Src\stm32f7xx_hal_uart.o Drivers\STM32F7xx_HAL_Driver\Src\stm32f7xx_ll_fmc.o Drivers\STM32F7xx_HAL_Driver\Src\stm32f7xx_ll_usb.o Fonts\font12.o Fonts\font16.o Fonts\font20.o Fonts\font24.o Fonts\font8.o LWIP\TCP.o LWIP\app_ethernet.o LWIP\ethernetif.o LWIP\lwip.o LWIP\tcp_echoclient.o Middlewares\ST\STM32_USB_Host_Library\Class\MSC\Src\usbh_msc.o Middlewares\ST\STM32_USB_Host_Library\Class\MSC\Src\usbh_msc_bot.o Middlewares\ST\STM32_USB_Host_Library\Class\MSC\Src\usbh_msc_scsi.o Middlewares\ST\STM32_USB_Host_Library\Core\Src\usbh_core.o Middlewares\ST\STM32_USB_Host_Library\Core\Src\usbh_ctlreq.o Middlewares\ST\STM32_USB_Host_Library\Core\Src\usbh_ioreq.o Middlewares\ST\STM32_USB_Host_Library\Core\Src\usbh_pipes.o Middlewares\Third_Party\FatFs\src\diskio.o Middlewares\Third_Party\FatFs\src\ff.o Middlewares\Third_Party\FatFs\src\ff_gen_drv.o Middlewares\Third_Party\FatFs\src\option\ccsbcs.o Middlewares\Third_Party\FatFs\src\option\syscall.o Middlewares\Third_Party\LwIP\src\api\api_lib.o Middlewares\Third_Party\LwIP\src\api\api_msg.o Middlewares\Third_Party\LwIP\src\api\err.o Middlewares\Third_Party\LwIP\src\api\netbuf.o Middlewares\Third_Party\LwIP\src\api\netdb.o Middlewares\Third_Party\LwIP\src\api\netifapi.o Middlewares\Third_Party\LwIP\src\api\sockets.o Middlewares\Third_Party\LwIP\src\api\tcpip.o Middlewares\Third_Party\LwIP\src\apps\mqtt\mqtt.o Middlewares\Third_Party\LwIP\src\core\def.o Middlewares\Third_Party\LwIP\src\core\dns.o Middlewares\Third_Party\LwIP\src\core\inet_chksum.o Middlewares\Third_Party\LwIP\src\core\init.o Middlewares\Third_Party\LwIP\src\core\ip.o Middlewares\Third_Party\LwIP\src\core\ipv4\autoip.o Middlewares\Third_Party\LwIP\src\core\ipv4\dhcp.o Middlewares\Third_Party\LwIP\src\core\ipv4\etharp.o Middlewares\Third_Party\LwIP\src\core\ipv4\icmp.o Middlewares\Third_Party\LwIP\src\core\ipv4\igmp.o Middlewares\Third_Party\LwIP\src\core\ipv4\ip4.o Middlewares\Third_Party\LwIP\src\core\ipv4\ip4_addr.o Middlewares\Third_Party\LwIP\src\core\ipv4\ip4_frag.o Middlewares\Third_Party\LwIP\src\core\ipv6\dhcp6.o Middlewares\Third_Party\LwIP\src\core\ipv6\ethip6.o Middlewares\Third_Party\LwIP\src\core\ipv6\icmp6.o Middlewares\Third_Party\LwIP\src\core\ipv6\inet6.o Middlewares\Third_Party\LwIP\src\core\ipv6\ip6.o Middlewares\Third_Party\LwIP\src\core\ipv6\ip6_addr.o Middlewares\Third_Party\LwIP\src\core\ipv6\ip6_frag.o Middlewares\Third_Party\LwIP\src\core\ipv6\mld6.o Middlewares\Third_Party\LwIP\src\core\ipv6\nd6.o Middlewares\Third_Party\LwIP\src\core\mem.o Middlewares\Third_Party\LwIP\src\core\memp.o Middlewares\Third_Party\LwIP\src\core\netif.o Middlewares\Third_Party\LwIP\src\core\pbuf.o Middlewares\Third_Party\LwIP\src\core\raw.o Middlewares\Third_Party\LwIP\src\core\stats.o Middlewares\Third_Party\LwIP\src\core\sys.o Middlewares\Third_Party\LwIP\src\core\tcp.o Middlewares\Third_Party\LwIP\src\core\tcp_in.o Middlewares\Third_Party\LwIP\src\core\tcp_out.o Middlewares\Third_Party\LwIP\src\core\timeouts.o Middlewares\Third_Party\LwIP\src\core\udp.o Middlewares\Third_Party\LwIP\src\netif\ethernet.o Middlewares\Third_Party\LwIP\src\netif\lowpan6.o Middlewares\Third_Party\LwIP\src\netif\ppp\auth.o Middlewares\Third_Party\LwIP\src\netif\ppp\ccp.o Middlewares\Third_Party\LwIP\src\netif\ppp\chap-md5.o Middlewares\Third_Party\LwIP\src\netif\ppp\chap-new.o Middlewares\Third_Party\LwIP\src\netif\ppp\chap_ms.o Middlewares\Third_Party\LwIP\src\netif\ppp\demand.o Middlewares\Third_Party\LwIP\src\netif\ppp\eap.o Middlewares\Third_Party\LwIP\src\netif\ppp\ecp.o Middlewares\Third_Party\LwIP\src\netif\ppp\eui64.o Middlewares\Third_Party\LwIP\src\netif\ppp\fsm.o Middlewares\Third_Party\LwIP\src\netif\ppp\ipcp.o Middlewares\Third_Party\LwIP\src\netif\ppp\ipv6cp.o Middlewares\T
[...]
x_hal_gpio.o Drivers\STM32F7xx_HAL_Driver\Src\stm32f7xx_hal_hcd.o Drivers\STM32F7xx_HAL_Driver\Src\stm32f7xx_hal_i2c.o Drivers\STM32F7xx_HAL_Driver\Src\stm32f7xx_hal_i2c_ex.o Drivers\STM32F7xx_HAL_Driver\Src\stm32f7xx_hal_iwdg.o Drivers\STM32F7xx_HAL_Driver\Src\stm32f7xx_hal_jpeg.o Drivers\STM32F7xx_HAL_Driver\Src\stm32f7xx_hal_ltdc.o Drivers\STM32F7xx_HAL_Driver\Src\stm32f7xx_hal_ltdc_ex.o Drivers\STM32F7xx_HAL_Driver\Src\stm32f7xx_hal_nor.o Drivers\STM32F7xx_HAL_Driver\Src\stm32f7xx_hal_pwr.o Drivers\STM32F7xx_HAL_Driver\Src\stm32f7xx_hal_pwr_ex.o Drivers\STM32F7xx_HAL_Driver\Src\stm32f7xx_hal_qspi.o Drivers\STM32F7xx_HAL_Driver\Src\stm32f7xx_hal_rcc.o Drivers\STM32F7xx_HAL_Driver\Src\stm32f7xx_hal_rcc_ex.o Drivers\STM32F7xx_HAL_Driver\Src\stm32f7xx_hal_spi.o Drivers\STM32F7xx_HAL_Driver\Src\stm32f7xx_hal_sram.o Drivers\STM32F7xx_HAL_Driver\Src\stm32f7xx_hal_tim.o Drivers\STM32F7xx_HAL_Driver\Src\stm32f7xx_hal_tim_ex.o Drivers\STM32F7xx_HAL_Driver\Src\stm32f7xx_hal_uart.o Drivers\STM32F7xx_HAL_Driver\Src\stm32f7xx_ll_fmc.o Drivers\STM32F7xx_HAL_Driver\Src\stm32f7xx_ll_usb.o Fonts\font12.o Fonts\font16.o Fonts\font20.o Fonts\font24.o Fonts\font8.o LWIP\TCP.o LWIP\app_ethernet.o LWIP\ethernetif.o LWIP\lwip.o LWIP\tcp_echoclient.o Middlewares\ST\STM32_USB_Host_Library\Class\MSC\Src\usbh_msc.o Middlewares\ST\STM32_USB_Host_Library\Class\MSC\Src\usbh_msc_bot.o Middlewares\ST\STM32_USB_Host_Library\Class\MSC\Src\usbh_msc_scsi.o Middlewares\ST\STM32_USB_Host_Library\Core\Src\usbh_core.o Middlewares\ST\STM32_USB_Host_Library\Core\Src\usbh_ctlreq.o Middlewares\ST\STM32_USB_Host_Library\Core\Src\usbh_ioreq.o Middlewares\ST\STM32_USB_Host_Library\Core\Src\usbh_pipes.o Middlewares\Third_Party\FatFs\src\diskio.o Middlewares\Third_Party\FatFs\src\ff.o Middlewares\Third_Party\FatFs\src\ff_gen_drv.o Middlewares\Third_Party\FatFs\src\option\ccsbcs.o Middlewares\Third_Party\FatFs\src\option\syscall.o Middlewares\Third_Party\LwIP\src\api\api_lib.o Middlewares\Third_Party\LwIP\src\api\api_msg.o Middlewares\Third_Party\LwIP\src\api\err.o Middlewares\Third_Party\LwIP\src\api\netbuf.o Middlewares\Third_Party\LwIP\src\api\netdb.o Middlewares\Third_Party\LwIP\src\api\netifapi.o Middlewares\Third_Party\LwIP\src\api\sockets.o Middlewares\Third_Party\LwIP\src\api\tcpip.o Middlewares\Third_Party\LwIP\src\apps\mqtt\mqtt.o Middlewares\Third_Party\LwIP\src\core\def.o Middlewares\Third_Party\LwIP\src\core\dns.o Middlewares\Third_Party\LwIP\src\core\inet_chksum.o Middlewares\Third_Party\LwIP\src\core\init.o Middlewares\Third_Party\LwIP\src\core\ip.o Middlewares\Third_Party\LwIP\src\core\ipv4\autoip.o Middlewares\Third_Party\LwIP\src\core\ipv4\dhcp.o Middlewares\Third_Party\LwIP\src\core\ipv4\etharp.o Middlewares\Third_Party\LwIP\src\core\ipv4\icmp.o Middlewares\Third_Party\LwIP\src\core\ipv4\igmp.o Middlewares\Third_Party\LwIP\src\core\ipv4\ip4.o Middlewares\Third_Party\LwIP\src\core\ipv4\ip4_addr.o Middlewares\Third_Party\LwIP\src\core\ipv4\ip4_frag.o Middlewares\Third_Party\LwIP\src\core\ipv6\dhcp6.o Middlewares\Third_Party\LwIP\src\core\ipv6\ethip6.o Middlewares\Third_Party\LwIP\src\core\ipv6\icmp6.o Middlewares\Third_Party\LwIP\src\core\ipv6\inet6.o Middlewares\Third_Party\LwIP\src\core\ipv6\ip6.o Middlewares\Third_Party\LwIP\src\core\ipv6\ip6_addr.o Middlewares\Third_Party\LwIP\src\core\ipv6\ip6_frag.o Middlewares\Third_Party\LwIP\src\core\ipv6\mld6.o Middlewares\Third_Party\LwIP\src\core\ipv6\nd6.o Middlewares\Third_Party\LwIP\src\core\mem.o Middlewares\Third_Party\LwIP\src\core\memp.o Middlewares\Third_Party\LwIP\src\core\netif.o Middlewares\Third_Party\LwIP\src\core\pbuf.o Middlewares\Third_Party\LwIP\src\core\raw.o Middlewares\Third_Party\LwIP\src\core\stats.o Middlewares\Third_Party\LwIP\src\core\sys.o Middlewares\Third_Party\LwIP\src\core\tcp.o Middlewares\Third_Party\LwIP\src\core\tcp_in.o Middlewares\Third_Party\LwIP\src\core\tcp_out.o Middlewares\Third_Party\LwIP\src\core\timeouts.o Middlewares\Third_Party\LwIP\src\core\udp.o Middlewares\Third_Party\LwIP\src\netif\ethernet.o Middlewares\Third_Party\LwIP\src\netif\lowpan6.o Middlewares\Third_Party\LwIP\src\netif\ppp\auth.o Middlewares\Third_Party\LwIP\src\netif\ppp\ccp.o Middlewares\Third_Party\LwIP\src\netif\ppp\chap-md5.o Middlewares\Third_Party\LwIP\src\netif\ppp\chap-new.o Middlewares\Third_Party\LwIP\src\netif\ppp\chap_ms.o Middlewares\Third_Party\LwIP\src\netif\ppp\demand.o Middlewares\Third_Party\LwIP\src\netif\ppp\eap.o Middlewares\Third_Party\LwIP\src\netif\ppp\ecp.o Middlewares\Third_Party\LwIP\src\netif\ppp\eui64.o Middlewares\Third_Party\LwIP\src\netif\ppp\fsm.o Middlewares\Third_Party\LwIP\src\netif\ppp\ipcp.o Middlewares\Third_Party\LwIP\src\netif\ppp\ipv6cp.o Middlewares\Third_Party\LwIP\src\netif\ppp\lcp.o Middlewares\Third_Party\LwIP\src\netif\ppp\magic.o Middlewares\Third_Party\LwIP\src\netif\ppp\mppe.o Middlewares\Third_Party\LwIP\src\netif\ppp\multilink.o Middlewares\Third_Party\LwIP\src\netif\ppp\ppp.o Middlewares\Third_Party\LwIP\src\netif\ppp\pppapi.o Middlewares\Third_Party\LwIP\src\netif\ppp\pppcrypt.o Middlewares\Third_Party\LwIP\src\netif\ppp\pppoe.o Middlewares\Third_Party\LwIP\src\netif\ppp\pppol2tp.o Middlewares\Third_Party\LwIP\src\netif\ppp\pppos.o Middlewares\Third_Party\LwIP\src\netif\ppp\upap.o Middlewares\Third_Party\LwIP\src\netif\ppp\utils.o Middlewares\Third_Party\LwIP\src\netif\ppp\vj.o Middlewares\Third_Party\LwIP\src\netif\slipif.o Project_Source\App_BacklightControl.o Project_Source\App_Debug.o Project_Source\App_Init.o Project_Source\App_Pins.o Project_Source\App_Text.o Project_Source\App_UserAck.o Project_Source\App_VisionModules.o Project_Source\Event_Management\App_EventManager.o Project_Source\Event_Management\App_Railbound_Events.o Project_Source\HUB_2XX_CAN.o Project_Source\ICON3_Controller.o Project_Source\Interface\MaxusX_Images.o Project_Source\USB\USB.o Project_Source\USB\USB_Image.o Project_Source\USB_App.o Src\BSP\adc.o Src\BSP\can.o Src\BSP\dma2d.o Src\BSP\dsihost.o Src\BSP\fatfs.o Src\BSP\fmc.o Src\BSP\gpio.o Src\BSP\i2c.o Src\BSP\iwdg.o Src\BSP\ltdc.o Src\BSP\quadspi.o Src\BSP\spi.o Src\BSP\tim.o Src\BSP\usart.o Src\BSP\usb_host.o Src\BSP\usbh_conf.o Src\BSP\usbh_diskio.o Src\BSP\usbh_platform.o Src\Drivers\ADPS9309.o Src\Drivers\Driver_Display.o Src\Drivers\M41T94.o Src\Drivers\MCP23S17.o Src\Drivers\MR25H40.o Src\Drivers\S28GL01GS.o Src\Drivers\SN65DSI83.o Src\F769\F769_DMA.o Src\F769\F769_I2C.o Src\F769\F769_IO.o Src\F769\F769_Init.o Src\F769\F769_LCD.o Src\F769\F769_QSPI.o Src\F769\F769_SPI.o Src\F769\F769_SRAM.o Src\F769\F769_Timers.o Src\F769\F769_UART.o Src\General_Functions.o Src\main.o Src\stm32f7xx_hal_msp.o Src\stm32f7xx_it.o Src\system_stm32f7xx.o VisionShared\Delay.o VisionShared\LF_TX.o VisionShared\MasterInterface\CanInterface.o VisionShared\MasterInterface\MasterTagReader.o VisionShared\MasterInterface\VisionMaster.o VisionShared\MasterInterface\VisionMasterCommands.o VisionShared\MasterInterface\VisionMaster_test.o VisionShared\MasterInterface\VisionZoneInterface.o VisionShared\Transponders.o VisionShared\framing.o VisionShared\list.o startup\startup_stm32f769xx.o -mthumb -mcpu=cortex-m7 -mfloat-abi=hard -mfpu=fpv5-sp-d16 -T../Debug_STM32F769BI_FLASH.ld -specs=nosys.specs -static -Wl,-Map=M-PFW-043-00.map -Wl,--gc-sections -Wl,--defsym=malloc_getpagesize_P=0x1000 -Wl,--start-group -lc -lm -Wl,--end-group 
C:\Program Files (x86)\Atollic\TrueSTUDIO for STM32 9.0.0\ide\jre\bin\java -jar C:\Program Files (x86)\Atollic\TrueSTUDIO for STM32 9.0.0\Tools\arm-atollic-reports.jar sizeinfo list M-PFW-043-00.elf 
Generate build reports...
Print size information
   text	   data	    bss	    dec	    hex	filename
  92464	   1500	  49148	 143112	  22f08	M-PFW-043-00.elf
Print size information done
Generate listing file
Output sent to: M-PFW-043-00.list
Generate listing file done
Generate build reports done
arm-atollic-eabi-objcopy.exe -O ihex M-PFW-043-00.elf M-PFW-043-00.hex 
08:56:54 **** Incremental Build of configuration Debug for project M-PFW-043-00 ****
Info: Internal Builder is used for build
arm-atollic-eabi-gcc -c -mthumb -mcpu=cortex-m7 -mfloat-abi=hard -mfpu=fpv5-sp-d16 -std=gnu11 -D__weak=__attribute__((weak)) -D__packed=__attribute__((__packed__)) -DUSE_HAL_DRIVER -DSTM32F769xx -I../Drivers/STM32F7xx_HAL_Driver/Inc -I../Drivers/STM32F7xx_HAL_Driver/Inc/Legacy -I../Middlewares/ST/STM32_USB_Host_Library/Core/Inc -I../Middlewares/ST/STM32_USB_Host_Library/Class/MSC/Inc -I../Drivers/CMSIS/Device/ST/STM32F7xx/Include -I../Middlewares/Third_Party/FatFs/src -I../Drivers/CMSIS/Include -I../Project_Headers -I../Project_Source -I../Project_Source/Event_Management -I../Project_Source/Threat_Management -I../VisionShared -I../VisionShared/MasterInterface -I../VisionShared/TagTypes -I../Fonts -I../Header -I../Header/F769 -I../Header/BSP -I../Header/ICs -I../Project_Source/USB -I../Project_Source/System_Control -I../Project_Source/Interface -I../Middlewares/Third_Party/LwIP/system -I../LWIP -I../Middlewares/Third_Party/LwIP/src/include/lwip/prot -I../Middlewares/Third_Party/LwIP/src/include -I../Middlewares/Third_Party/LwIP/src/include/netif/ppp -I../Middlewares/Third_Party/LwIP/src/include/lwip/apps -I../Middlewares/Third_Party/LwIP/src/include/lwip/priv -I../Middlewares/Third_Party/LwIP/src/include/netif -I../Middlewares/Third_Party/LwIP/src/include/posix -I../Middlewares/Third_Party/LwIP/src/include/posix/sys -I../Middlewares/Third_Party/LwIP/system/arch -I../Middlewares/Third_Party/LwIP/src/include/lwip -O0 -ffunction-sections -fdata-sections -g -fstack-usage -Wall -o Src\F769\F769_LCD.o ..\Src\F769\F769_LCD.c 
In file included from ../Header/Global_Variables.h:117:0,
                 from ../Header/F769/F769_LCD.h:68,
                 from ..\Src\F769\F769_LCD.c:36:
../Project_Headers/App_Debug.h:14:1: warning: "/*" within comment [-Wcomment]
 /*--------------------------------
  
..\Src\F769\F769_LCD.c: In function 'BSP_LCD_DrawBitmap_NoHeader':
..\Src\F769\F769_LCD.c:911:11: warning: unused variable 'index' [-Wunused-variable]
  uint32_t index = 0;
           ^~~~~
..\Src\F769\F769_LCD.c: In function 'BSP_LCD_DrawBitmap':
..\Src\F769\F769_LCD.c:1001:10: warning: 'return' with a value, in function returning void
   return true;
          ^~~~
..\Src\F769\F769_LCD.c:955:6: note: declared here
 void BSP_LCD_DrawBitmap(uint32_t Xpos, uint32_t Ypos, uint8_t* pbmp)
      ^~~~~~~~~~~~~~~~~~
..\Src\F769\F769_LCD.c:1006:10: warning: 'return' with a value, in function returning void
   return false;
          ^~~~~
..\Src\F769\F769_LCD.c:955:6: note: declared here
 void BSP_LCD_DrawBitmap(uint32_t Xpos, uint32_t Ypos, uint8_t* pbmp)
      ^~~~~~~~~~~~~~~~~~
..\Src\F769\F769_LCD.c: In function 'BSP_LCD_FillRect':
..\Src\F769\F769_LCD.c:1078:4: warning: this 'while' clause does not guard... [-Wmisleading-indentation]
    while ((LTDC->CDSR & LTDC_CDSR_VSYNCS) == 0);
    ^~~~~
..\Src\F769\F769_LCD.c:1079:5: note: ...this statement, but the latter is misleadingly indented as if it is guarded by the 'while'
     LL_FillBuffer(ActiveLayer, (uint32_t *)Xaddress, Width, Height,(BSP_LCD_GetXSize()-Width), DrawProp[ActiveLayer].TextColor);
     ^~~~~~~~~~~~~
At top level:
..\Src\F769\F769_LCD.c:1062:23: warning: 'Address_Buffers' defined but not used [-Wunused-const-variable=]
 static const uint32_t Address_Buffers[] =
                       ^~~~~~~~~~~~~~~
arm-atollic-eabi-gcc -o M-PFW-043-00.elf Drivers\STM32F7xx_HAL_Driver\Src\stm32f7xx_hal.o Drivers\STM32F7xx_HAL_Driver\Src\stm32f7xx_hal_adc.o Drivers\STM32F7xx_HAL_Driver\Src\stm32f7xx_hal_adc_ex.o Drivers\STM32F7xx_HAL_Driver\Src\stm32f7xx_hal_can.o Drivers\STM32F7xx_HAL_Driver\Src\stm32f7xx_hal_cortex.o Drivers\STM32F7xx_HAL_Driver\Src\stm32f7xx_hal_dma.o Drivers\STM32F7xx_HAL_Driver\Src\stm32f7xx_hal_dma2d.o Drivers\STM32F7xx_HAL_Driver\Src\stm32f7xx_hal_dma_ex.o Drivers\STM32F7xx_HAL_Driver\Src\stm32f7xx_hal_dsi.o Drivers\STM32F7xx_HAL_Driver\Src\stm32f7xx_hal_eth.o Drivers\STM32F7xx_HAL_Driver\Src\stm32f7xx_hal_flash.o Drivers\STM32F7xx_HAL_Driver\Src\stm32f7xx_hal_flash_ex.o Drivers\STM32F7xx_HAL_Driver\Src\stm32f7xx_hal_gpio.o Drivers\STM32F7xx_HAL_Driver\Src\stm32f7xx_hal_hcd.o Drivers\STM32F7xx_HAL_Driver\Src\stm32f7xx_hal_i2c.o Drivers\STM32F7xx_HAL_Driver\Src\stm32f7xx_hal_i2c_ex.o Drivers\STM32F7xx_HAL_Driver\Src\stm32f7xx_hal_iwdg.o Drivers\STM32F7xx_HAL_Driver\Src\stm32f7xx_hal_jpeg.o Drivers\STM32F7xx_HAL_Driver\Src\stm32f7xx_hal_ltdc.o Drivers\STM32F7xx_HAL_Driver\Src\stm32f7xx_hal_ltdc_ex.o Drivers\STM32F7xx_HAL_Driver\Src\stm32f7xx_hal_nor.o Drivers\STM32F7xx_HAL_Driver\Src\stm32f7xx_hal_pwr.o Drivers\STM32F7xx_HAL_Driver\Src\stm32f7xx_hal_pwr_ex.o Drivers\STM32F7xx_HAL_Driver\Src\stm32f7xx_hal_qspi.o Drivers\STM32F7xx_HAL_Driver\Src\stm32f7xx_hal_rcc.o Drivers\STM32F7xx_HAL_Driver\Src\stm32f7xx_hal_rcc_ex.o Drivers\STM32F7xx_HAL_Driver\Src\stm32f7xx_hal_spi.o Drivers\STM32F7xx_HAL_Driver\Src\stm32f7xx_hal_sram.o Drivers\STM32F7xx_HAL_Driver\Src\stm32f7xx_hal_tim.o Drivers\STM32F7xx_HAL_Driver\Src\stm32f7xx_hal_tim_ex.o Drivers\STM32F7xx_HAL_Driver\Src\stm32f7xx_hal_uart.o Drivers\STM32F7xx_HAL_Driver\Src\stm32f7xx_ll_fmc.o Drivers\STM32F7xx_HAL_Driver\Src\stm32f7xx_ll_usb.o Fonts\font12.o Fonts\font16.o Fonts\font20.o Fonts\font24.o Fonts\font8.o LWIP\TCP.o LWIP\app_ethernet.o LWIP\ethernetif.o LWIP\lwip.o LWIP\tcp_echoclient.o Middlewares\ST\STM32_USB_Host_Library\Class\MSC\Src\usbh_msc.o Middlewares\ST\STM32_USB_Host_Library\Class\MSC\Src\usbh_msc_bot.o Middlewares\ST\STM32_USB_Host_Library\Class\MSC\Src\usbh_msc_scsi.o Middlewares\ST\STM32_USB_Host_Library\Core\Src\usbh_core.o Middlewares\ST\STM32_USB_Host_Library\Core\Src\usbh_ctlreq.o Middlewares\ST\STM32_USB_Host_Library\Core\Src\usbh_ioreq.o Middlewares\ST\STM32_USB_Host_Library\Core\Src\usbh_pipes.o Middlewares\Third_Party\FatFs\src\diskio.o Middlewares\Third_Party\FatFs\src\ff.o Middlewares\Third_Party\FatFs\src\ff_gen_drv.o Middlewares\Third_Party\FatFs\src\option\ccsbcs.o Middlewares\Third_Party\FatFs\src\option\syscall.o Middlewares\Third_Party\LwIP\src\api\api_lib.o Middlewares\Third_Party\LwIP\src\api\api_msg.o Middlewares\Third_Party\LwIP\src\api\err.o Middlewares\Third_Party\LwIP\src\api\netbuf.o Middlewares\Third_Party\LwIP\src\api\netdb.o Middlewares\Third_Party\LwIP\src\api\netifapi.o Middlewares\Third_Party\LwIP\src\api\sockets.o Middlewares\Third_Party\LwIP\src\api\tcpip.o Middlewares\Third_Party\LwIP\src\apps\mqtt\mqtt.o Middlewares\Third_Party\LwIP\src\core\def.o Middlewares\Third_Party\LwIP\src\core\dns.o Middlewares\Third_Party\LwIP\src\core\inet_chksum.o Middlewares\Third_Party\LwIP\src\core\init.o Middlewares\Third_Party\LwIP\src\core\ip.o Middlewares\Third_Party\LwIP\src\core\ipv4\autoip.o Middlewares\Third_Party\LwIP\src\core\ipv4\dhcp.o Middlewares\Third_Party\LwIP\src\core\ipv4\etharp.o Middlewares\Third_Party\LwIP\src\core\ipv4\icmp.o Middlewares\Third_Party\LwIP\src\core\ipv4\igmp.o Middlewares\Third_Party\LwIP\src\core\ipv4\ip4.o Middlewares\Third_Party\LwIP\src\core\ipv4\ip4_addr.o Middlewares\Third_Party\LwIP\src\core\ipv4\ip4_frag.o Middlewares\Third_Party\LwIP\src\core\ipv6\dhcp6.o Middlewares\Third_Party\LwIP\src\core\ipv6\ethip6.o Middlewares\Third_Party\LwIP\src\core\ipv6\icmp6.o Middlewares\Third_Party\LwIP\src\core\ipv6\inet6.o Middlewares\Third_Party\LwIP\src\core\ipv6\ip6.o Middlewares\Third_Party\LwIP\src\core\ipv6\ip6_addr.o Middlewares\Third_Party\LwIP\src\core\ipv6\ip6_frag.o Middlewares\Third_Party\LwIP\src\core\ipv6\mld6.o Middlewares\Third_Party\LwIP\src\core\ipv6\nd6.o Middlewares\Third_Party\LwIP\src\core\mem.o Middlewares\Third_Party\LwIP\src\core\memp.o Middlewares\Third_Party\LwIP\src\core\netif.o Middlewares\Third_Party\LwIP\src\core\pbuf.o Middlewares\Third_Party\LwIP\src\core\raw.o Middlewares\Third_Party\LwIP\src\core\stats.o Middlewares\Third_Party\LwIP\src\core\sys.o Middlewares\Third_Party\LwIP\src\core\tcp.o Middlewares\Third_Party\LwIP\src\core\tcp_in.o Middlewares\Third_Party\LwIP\src\core\tcp_out.o Middlewares\Third_Party\LwIP\src\core\timeouts.o Middlewares\Third_Party\LwIP\src\core\udp.o Middlewares\Third_Party\LwIP\src\netif\ethernet.o Middlewares\Third_Party\LwIP\src\netif\lowpan6.o Middlewares\Third_Party\LwIP\src\netif\ppp\auth.o Middlewares\Third_Party\LwIP\src\netif\ppp\ccp.o Middlewares\Third_Party\LwIP\src\netif\ppp\chap-md5.o Middlewares\Third_Party\LwIP\src\netif\ppp\chap-new.o Middlewares\Third_Party\LwIP\src\netif\ppp\chap_ms.o Middlewares\Third_Party\LwIP\src\netif\ppp\demand.o Middlewares\Third_Party\LwIP\src\netif\ppp\eap.o Middlewares\Third_Party\LwIP\src\netif\ppp\ecp.o Middlewares\Third_Party\LwIP\src\netif\ppp\eui64.o Middlewares\Third_Party\LwIP\src\netif\ppp\fsm.o Middlewares\Third_Party\LwIP\src\netif\ppp\ipcp.o Middlewares\Third_Party\LwIP\src\netif\ppp\ipv6cp.o Middlewares\Third_Party\LwIP\src\netif\ppp\lcp.o Middlewares\Third_Party\LwIP\src\netif\ppp\magic.o Middlewares\Third_Party\LwIP\src\netif\ppp\mppe.o Middlewares\Third_Party\LwIP\src\netif\ppp\multilink.o Middlewares\Third_Party\LwIP\src\netif\ppp\ppp.o Middlewares\Third_Party\LwIP\src\netif\ppp\pppapi.o Middlewares\Third_Party\LwIP\src\netif\ppp\pppcrypt.o Middlewares\Third_Party\LwIP\src\netif\ppp\pppoe.o Middlewares\Third_Party\LwIP\src\netif\ppp\pppol2tp.o Middlewares\Third_Party\LwIP\src\netif\ppp\pppos.o Middlewares\Third_Party\LwIP\src\netif\ppp\upap.o Middlewares\Third_Party\LwIP\src\netif\ppp\utils.o Middlewares\Third_Party\LwIP\src\netif\ppp\vj.o Middlewares\Third_Party\LwIP\src\netif\slipif.o Project_Source\App_BacklightControl.o Project_Source\App_Debug.o Project_Source\App_Init.o Project_Source\App_Pins.o Project_Source\App_Text.o Project_Source\App_UserAck.o Project_Source\App_VisionModules.o Project_Source\Event_Management\App_EventManager.o Project_Source\Event_Management\App_Railbound_Events.o Project_Source\HUB_2XX_CAN.o Project_Source\ICON3_Controller.o Project_Source\Interface\MaxusX_Images.o Project_Source\USB\USB.o Project_Source\USB\USB_Image.o Project_Source\USB_App.o Src\BSP\adc.o Src\BSP\can.o Src\BSP\dma2d.o Src\BSP\dsihost.o Src\BSP\fatfs.o Src\BSP\fmc.o Src\BSP\gpio.o Src\BSP\i2c.o Src\BSP\iwdg.o Src\BSP\ltdc.o Src\BSP\quadspi.o Src\BSP\spi.o Src\BSP\tim.o Src\BSP\usart.o Src\BSP\usb_host.o Src\BSP\usbh_conf.o Src\BSP\usbh_diskio.o Src\BSP\usbh_platform.o Src\Drivers\ADPS9309.o Src\Drivers\Driver_Display.o Src\Drivers\M41T94.o Src\Drivers\MCP23S17.o Src\Drivers\MR25H40.o Src\Drivers\S28GL01GS.o Src\Drivers\SN65DSI83.o Src\F769\F769_DMA.o Src\F769\F769_I2C.o Src\F769\F769_IO.o Src\F769\F769_Init.o Src\F769\F769_LCD.o Src\F769\F769_QSPI.o Src\F769\F769_SPI.o Src\F769\F769_SRAM.o Src\F769\F769_Timers.o Src\F769\F769_UART.o Src\General_Functions.o Src\main.o Src\stm32f7xx_hal_msp.o Src\stm32f7xx_it.o Src\system_stm32f7xx.o VisionShared\Delay.o VisionShared\LF_TX.o VisionShared\MasterInterface\CanInterface.o VisionShared\MasterInterface\MasterTagReader.o VisionShared\MasterInterface\VisionMaster.o VisionShared\MasterInterface\VisionMasterCommands.o VisionShared\MasterInterface\VisionMaster_test.o VisionShared\MasterInterface\VisionZoneInterface.o VisionShared\Transponders.o VisionShared\framing.o VisionShared\list.o startup\startup_stm32f769xx.o -mthumb -mcpu=cortex-m7 -mfloat-abi=hard -mfpu=fpv5-sp-d16 -T../Debug_STM32F769BI_FLASH.ld -specs=nosys.specs -static -Wl,-Map=M-PFW-043-00.map -Wl,--gc-sections -Wl,--defsym=malloc_getpagesize_P=0x1000 -Wl,--start-group -lc -lm -Wl,--end-group 
C:\Program Files (x86)\Atollic\TrueSTUDIO for STM32 9.0.0\ide\jre\bin\java -jar C:\Program Files (x86)\Atollic\TrueSTUDIO for STM32 9.0.0\Tools\arm-atollic-reports.jar sizeinfo list M-PFW-043-00.elf 
Generate build reports...
Print size information
   text	   data	    bss	    dec	    hex	filename
  92508	   1500	  49148	 143156	  22f34	M-PFW-043-00.elf
Print size information done
Generate listing file
Output sent to: M-PFW-043-00.list
Generate listing file done
Generate build reports done
arm-atollic-eabi-objcopy.exe -O ihex M-PFW-043-00.elf M-PFW-043-00.hex 
