08:57:02 **** Incremental Build of configuration Debug for project ME-PFW-043-00 ****
Info: Internal Builder is used for build
arm-atollic-eabi-gcc -c -mthumb -mcpu=cortex-m7 -mfloat-abi=hard -mfpu=fpv5-sp-d16 -std=gnu11 -D__weak=__attribute__((weak)) -D__packed=__attribute__((__packed__)) -DUSE_HAL_DRIVER -DSTM32F769xx -I../Drivers/STM32F7xx_HAL_Driver/Inc -I../Drivers/STM32F7xx_HAL_Driver/Inc/Legacy -I../Middlewares/ST/STM32_USB_Host_Library/Core/Inc -I../Middlewares/ST/STM32_USB_Host_Library/Class/MSC/Inc -I../Drivers/CMSIS/Device/ST/STM32F7xx/Include -I../Middlewares/Third_Party/FatFs/src -I../Drivers/CMSIS/Include -I../Project_Headers -I../Project_Source -I../Project_Source/Event_Management -I../Project_Source/Threat_Management -I../VisionShared -I../VisionShared/MasterInterface -I../VisionShared/TagTypes -I../Fonts -I../Header -I../Header/F769 -I../Header/BSP -I../Header/ICs -I../Project_Source/USB -I../Project_Source/Interface -O0 -ffunction-sections -fdata-sections -g -fstack-usage -Wall -o Src\main.o ..\Src\main.c 
In file included from ..\Src\main.c:51:0:
../Header/049.h:34:1: warning: data definition has no type or storage class
 image_data_049[6400] = {
 ^~~~~~~~~~~~~~
../Header/049.h:34:1: warning: type defaults to 'int' in declaration of 'image_data_049' [-Wimplicit-int]
In file included from ../Header/Global_Variables.h:115:0,
                 from ..\Src\main.c:54:
../Project_Headers/App_Debug.h:14:1: warning: "/*" within comment [-Wcomment]
 /*--------------------------------
  
..\Src\main.c: In function 'main':
..\Src\main.c:154:3: warning: implicit declaration of function 'LCD_Brightness_Control' [-Wimplicit-function-declaration]
   LCD_Brightness_Control();
   ^~~~~~~~~~~~~~~~~~~~~~
..\Src\main.c:98:28: warning: unused variable 'huartx' [-Wunused-variable]
  extern UART_HandleTypeDef huartx[COMn];
                            ^~~~~~
..\Src\main.c:97:17: warning: unused variable 'RF_RX_OK' [-Wunused-variable]
  extern uint8_t RF_RX_OK;
                 ^~~~~~~~
..\Src\main.c:81:11: warning: unused variable 'RxBuffer1' [-Wunused-variable]
  uint16_t RxBuffer1[6400];
           ^~~~~~~~~
arm-atollic-eabi-gcc -o ME-PFW-043-00.elf Drivers\STM32F7xx_HAL_Driver\Src\stm32f7xx_hal.o Drivers\STM32F7xx_HAL_Driver\Src\stm32f7xx_hal_adc.o Drivers\STM32F7xx_HAL_Driver\Src\stm32f7xx_hal_adc_ex.o Drivers\STM32F7xx_HAL_Driver\Src\stm32f7xx_hal_can.o Drivers\STM32F7xx_HAL_Driver\Src\stm32f7xx_hal_cortex.o Drivers\STM32F7xx_HAL_Driver\Src\stm32f7xx_hal_dma.o Drivers\STM32F7xx_HAL_Driver\Src\stm32f7xx_hal_dma2d.o Drivers\STM32F7xx_HAL_Driver\Src\stm32f7xx_hal_dma_ex.o Drivers\STM32F7xx_HAL_Driver\Src\stm32f7xx_hal_dsi.o Drivers\STM32F7xx_HAL_Driver\Src\stm32f7xx_hal_eth.o Drivers\STM32F7xx_HAL_Driver\Src\stm32f7xx_hal_flash.o Drivers\STM32F7xx_HAL_Driver\Src\stm32f7xx_hal_flash_ex.o Drivers\STM32F7xx_HAL_Driver\Src\stm32f7xx_hal_gpio.o Drivers\STM32F7xx_HAL_Driver\Src\stm32f7xx_hal_hcd.o Drivers\STM32F7xx_HAL_Driver\Src\stm32f7xx_hal_i2c.o Drivers\STM32F7xx_HAL_Driver\Src\stm32f7xx_hal_i2c_ex.o Drivers\STM32F7xx_HAL_Driver\Src\stm32f7xx_hal_jpeg.o Drivers\STM32F7xx_HAL_Driver\Src\stm32f7xx_hal_ltdc.o Drivers\STM32F7xx_HAL_Driver\Src\stm32f7xx_hal_ltdc_ex.o Drivers\STM32F7xx_HAL_Driver\Src\stm32f7xx_hal_nor.o Drivers\STM32F7xx_HAL_Driver\Src\stm32f7xx_hal_pwr.o Drivers\STM32F7xx_HAL_Driver\Src\stm32f7xx_hal_pwr_ex.o Drivers\STM32F7xx_HAL_Driver\Src\stm32f7xx_hal_qspi.o Drivers\STM32F7xx_HAL_Driver\Src\stm32f7xx_hal_rcc.o Drivers\STM32F7xx_HAL_Driver\Src\stm32f7xx_hal_rcc_ex.o Drivers\STM32F7xx_HAL_Driver\Src\stm32f7xx_hal_spi.o Drivers\STM32F7xx_HAL_Driver\Src\stm32f7xx_hal_sram.o Drivers\STM32F7xx_HAL_Driver\Src\stm32f7xx_hal_tim.o Drivers\STM32F7xx_HAL_Driver\Src\stm32f7xx_hal_tim_ex.o Drivers\STM32F7xx_HAL_Driver\Src\stm32f7xx_hal_uart.o Drivers\STM32F7xx_HAL_Driver\Src\stm32f7xx_ll_fmc.o Drivers\STM32F7xx_HAL_Driver\Src\stm32f7xx_ll_usb.o Fonts\font12.o Fonts\font16.o Fonts\font20.o Fonts\font24.o Fonts\font8.o Middlewares\ST\STM32_USB_Host_Library\Class\MSC\Src\usbh_msc.o Middlewares\ST\STM32_USB_Host_Library\Class\MSC\Src\usbh_msc_bot.o Middlewares\ST\STM32_USB_Host_Library\Class\MSC\Src\usbh_msc_scsi.o Middlewares\ST\STM32_USB_Host_Library\Core\Src\usbh_core.o Middlewares\ST\STM32_USB_Host_Library\Core\Src\usbh_ctlreq.o Middlewares\ST\STM32_USB_Host_Library\Core\Src\usbh_ioreq.o Middlewares\ST\STM32_USB_Host_Library\Core\Src\usbh_pipes.o Middlewares\Third_Party\FatFs\src\diskio.o Middlewares\Third_Party\FatFs\src\ff.o Middlewares\Third_Party\FatFs\src\ff_gen_drv.o Middlewares\Third_Party\FatFs\src\option\ccsbcs.o Middlewares\Third_Party\FatFs\src\option\syscall.o Project_Source\App_BacklightControl.o Project_Source\App_Debug.o Project_Source\App_Init.o Project_Source\App_Pins.o Project_Source\App_Text.o Project_Source\App_UserAck.o Project_Source\App_VisionModules.o Project_Source\Event_Management\App_EventManager.o Project_Source\Event_Management\App_Railbound_Events.o Project_Source\HUB_2XX_CAN.o Project_Source\ICON3_Controller.o Project_Source\Interface\MaxusX_Images.o Project_Source\USB\USB.o Project_Source\USB\USB_Image.o Project_Source\USB_App.o Src\BSP\adc.o Src\BSP\can.o Src\BSP\dma2d.o Src\BSP\dsihost.o Src\BSP\eth.o Src\BSP\fatfs.o Src\BSP\fmc.o Src\BSP\gpio.o Src\BSP\i2c.o Src\BSP\ltdc.o Src\BSP\quadspi.o Src\BSP\spi.o Src\BSP\tim.o Src\BSP\usart.o Src\BSP\usb_host.o Src\BSP\usbh_conf.o Src\BSP\usbh_diskio.o Src\BSP\usbh_platform.o Src\F769\F769_DMA.o Src\F769\F769_I2C.o Src\F769\F769_IO.o Src\F769\F769_Init.o Src\F769\F769_LCD.o Src\F769\F769_QSPI.o Src\F769\F769_SPI.o Src\F769\F769_SRAM.o Src\F769\F769_Timers.o Src\F769\F769_UART.o Src\General_Functions.o Src\ICs\ADPS9309.o Src\ICs\M41T94.o Src\ICs\MCP23S17.o Src\ICs\MR25H40.o Src\ICs\S28GL01GS.o Src\ICs\SN65DSI83.o Src\main.o Src\stm32f7xx_hal_msp.o Src\stm32f7xx_it.o Src\system_stm32f7xx.o VisionShared\Delay.o VisionShared\LF_TX.o VisionShared\MasterInterface\CanInterface.o VisionShared\MasterInterface\MasterTagReader.o VisionShared\MasterInterface\VisionMaster.o VisionShared\MasterInterface\VisionMasterCommands.o VisionShared\MasterInterface\VisionMaster_test.o VisionShared\MasterInterface\VisionZoneInterface.o VisionShared\Transponders.o VisionShared\framing.o VisionShared\list.o startup\startup_stm32f769xx.o -mthumb -mcpu=cortex-m7 -mfloat-abi=hard -mfpu=fpv5-sp-d16 -T../Debug_STM32F769BI_FLASH.ld -specs=nosys.specs -static -Wl,-Map=ME-PFW-043-00.map -Wl,--gc-sections -Wl,--defsym=malloc_getpagesize_P=0x1000 -Wl,--start-group -lc -lm -Wl,--end-group 
C:\Program Files (x86)\Atollic\TrueSTUDIO for STM32 9.0.0\ide\jre\bin\java -jar C:\Program Files (x86)\Atollic\TrueSTUDIO for STM32 9.0.0\Tools\arm-atollic-reports.jar sizeinfo list ME-PFW-043-00.elf 
Generate build reports...
Print size information
   text	   data	    bss	    dec	    hex	filename
 145964	   1976	  96304	 244244	  3ba14	ME-PFW-043-00.elf
Print size information done
Generate listing file
Output sent to: ME-PFW-043-00.list
Generate listing file done
Generate build reports done
arm-atollic-eabi-objcopy.exe -O ihex ME-PFW-043-00.elf ME-PFW-043-00.hex 

08:57:03 Build Finished (took 1s.179ms)

