13:31:21 **** Rebuild of configuration Debug for project STM32469I_EVAL ****
Info: Internal Builder is used for build
arm-atollic-eabi-gcc -c ..\..\..\..\..\..\..\..\Middlewares\Third_Party\LwIP\src\api\sockets.c -mthumb -mcpu=cortex-m4 -mfloat-abi=hard -mfpu=fpv4-sp-d16 -std=gnu11 -DUSE_HAL_DRIVER -DSTM32F469xx -DUSE_STM32469I_EVAL -DUSE_IOEXPANDER -I../../../Inc -I../../../../../../../../Drivers/CMSIS/Device/ST/STM32F4xx/Include -I../../../../../../../../Drivers/CMSIS/Include -I../../../../../../../../Drivers/STM32F4xx_HAL_Driver/Inc -I../../../../../../../../Drivers/BSP/STM32469I_EVAL -I../../../../../../../../Drivers/BSP/Components -I../../../../../../../../Middlewares/Third_Party/LwIP/src/include -I../../../../../../../../Middlewares/Third_Party/LwIP/system -I../../../../../../../../Utilities -I../../../../../../../../Utilities/Log -Os -ffunction-sections -g3 -fstack-usage -Wall -fmessage-length=0 -specs=nano.specs -o Middlewares\LwIP\Api\sockets.o 
arm-atollic-eabi-gcc -c ..\..\..\..\..\..\..\..\Middlewares\Third_Party\LwIP\src\core\ipv4\icmp.c -mthumb -mcpu=cortex-m4 -mfloat-abi=hard -mfpu=fpv4-sp-d16 -std=gnu11 -DUSE_HAL_DRIVER -DSTM32F469xx -DUSE_STM32469I_EVAL -DUSE_IOEXPANDER -I../../../Inc -I../../../../../../../../Drivers/CMSIS/Device/ST/STM32F4xx/Include -I../../../../../../../../Drivers/CMSIS/Include -I../../../../../../../../Drivers/STM32F4xx_HAL_Driver/Inc -I../../../../../../../../Drivers/BSP/STM32469I_EVAL -I../../../../../../../../Drivers/BSP/Components -I../../../../../../../../Middlewares/Third_Party/LwIP/src/include -I../../../../../../../../Middlewares/Third_Party/LwIP/system -I../../../../../../../../Utilities -I../../../../../../../../Utilities/Log -Os -ffunction-sections -g3 -fstack-usage -Wall -fmessage-length=0 -specs=nano.specs -o Middlewares\LwIP\Core\IPv4\icmp.o 
arm-atollic-eabi-gcc -c ..\..\..\..\..\..\..\..\Drivers\STM32F4xx_HAL_Driver\Src\stm32f4xx_hal_flash.c -mthumb -mcpu=cortex-m4 -mfloat-abi=hard -mfpu=fpv4-sp-d16 -std=gnu11 -DUSE_HAL_DRIVER -DSTM32F469xx -DUSE_STM32469I_EVAL -DUSE_IOEXPANDER -I../../../Inc -I../../../../../../../../Drivers/CMSIS/Device/ST/STM32F4xx/Include -I../../../../../../../../Drivers/CMSIS/Include -I../../../../../../../../Drivers/STM32F4xx_HAL_Driver/Inc -I../../../../../../../../Drivers/BSP/STM32469I_EVAL -I../../../../../../../../Drivers/BSP/Components -I../../../../../../../../Middlewares/Third_Party/LwIP/src/include -I../../../../../../../../Middlewares/Third_Party/LwIP/system -I../../../../../../../../Utilities -I../../../../../../../../Utilities/Log -Os -ffunction-sections -g3 -fstack-usage -Wall -fmessage-length=0 -specs=nano.specs -o Drivers\STM32F4xx_HAL_Driver\stm32f4xx_hal_flash.o 
arm-atollic-eabi-gcc -c ..\..\..\..\..\..\..\..\Drivers\STM32F4xx_HAL_Driver\Src\stm32f4xx_hal_flash_ex.c -mthumb -mcpu=cortex-m4 -mfloat-abi=hard -mfpu=fpv4-sp-d16 -std=gnu11 -DUSE_HAL_DRIVER -DSTM32F469xx -DUSE_STM32469I_EVAL -DUSE_IOEXPANDER -I../../../Inc -I../../../../../../../../Drivers/CMSIS/Device/ST/STM32F4xx/Include -I../../../../../../../../Drivers/CMSIS/Include -I../../../../../../../../Drivers/STM32F4xx_HAL_Driver/Inc -I../../../../../../../../Drivers/BSP/STM32469I_EVAL -I../../../../../../../../Drivers/BSP/Components -I../../../../../../../../Middlewares/Third_Party/LwIP/src/include -I../../../../../../../../Middlewares/Third_Party/LwIP/system -I../../../../../../../../Utilities -I../../../../../../../../Utilities/Log -Os -ffunction-sections -g3 -fstack-usage -Wall -fmessage-length=0 -specs=nano.specs -o Drivers\STM32F4xx_HAL_Driver\stm32f4xx_hal_flash_ex.o 
arm-atollic-eabi-gcc -c ..\..\..\..\..\..\..\..\Middlewares\Third_Party\LwIP\src\core\inet_chksum.c -mthumb -mcpu=cortex-m4 -mfloat-abi=hard -mfpu=fpv4-sp-d16 -std=gnu11 -DUSE_HAL_DRIVER -DSTM32F469xx -DUSE_STM32469I_EVAL -DUSE_IOEXPANDER -I../../../Inc -I../../../../../../../../Drivers/CMSIS/Device/ST/STM32F4xx/Include -I../../../../../../../../Drivers/CMSIS/Include -I../../../../../../../../Drivers/STM32F4xx_HAL_Driver/Inc -I../../../../../../../../Drivers/BSP/STM32469I_EVAL -I../../../../../../../../Drivers/BSP/Components -I../../../../../../../../Middlewares/Third_Party/LwIP/src/include -I../../../../../../../../Middlewares/Third_Party/LwIP/system -I../../../../../../../../Utilities -I../../../../../../../../Utilities/Log -Os -ffunction-sections -g3 -fstack-usage -Wall -fmessage-length=0 -specs=nano.specs -o Middlewares\LwIP\Core\inet_chksum.o 
arm-atollic-eabi-gcc -c ..\..\..\..\..\..\..\..\Drivers\BSP\Components\mfxstm32l152\mfxstm32l152.c -mthumb -mcpu=cortex-m4 -mfloat-abi=hard -mfpu=fpv4-sp-d16 -std=gnu11 -DUSE_HAL_DRIVER -DSTM32F469xx -DUSE_STM32469I_EVAL -DUSE_IOEXPANDER -I../../../Inc -I../../../../../../../../Drivers/CMSIS/Device/ST/STM32F4xx/Include -I../../../../../../../../Drivers/CMSIS/Include -I../../../../../../../../Drivers/STM32F4xx_HAL_Driver/Inc -I../../../../../../../../Drivers/BSP/STM32469I_EVAL -I../../../../../../../../Drivers/BSP/Components -I../../../../../../../../Middlewares/Third_Party/LwIP/src/include -I../../../../../../../../Middlewares/Third_Party/LwIP/system -I../../../../../../../../Utilities -I../../../../../../../../Utilities/Log -Os -ffunction-sections -g3 -fstack-usage -Wall -fmessage-length=0 -specs=nano.specs -o Drivers\BSP\Components\mfxstm32l152.o 
arm-atollic-eabi-gcc -c ..\..\..\..\..\..\..\..\Middlewares\Third_Party\LwIP\src\core\sys.c -mthumb -mcpu=cortex-m4 -mfloat-abi=hard -mfpu=fpv4-sp-d16 -std=gnu11 -DUSE_HAL_DRIVER -DSTM32F469xx -DUSE_STM32469I_EVAL -DUSE_IOEXPANDER -I../../../Inc -I../../../../../../../../Drivers/CMSIS/Device/ST/STM32F4xx/Include -I../../../../../../../../Drivers/CMSIS/Include -I../../../../../../../../Drivers/STM32F4xx_HAL_Driver/Inc -I../../../../../../../../Drivers/BSP/STM32469I_EVAL -I../../../../../../../../Drivers/BSP/Components -I../../../../../../../../Middlewares/Third_Party/LwIP/src/include -I../../../../../../../../Middlewares/Third_Party/LwIP/system -I../../../../../../../../Utilities -I../../../../../../../../Utilities/Log -Os -ffunction-sections -g3 -fstack-usage -Wall -fmessage-length=0 -specs=nano.specs -o Middlewares\LwIP\Core\sys.o 
arm-atollic-eabi-gcc -c ..\..\..\..\..\..\..\..\Drivers\BSP\Components\otm8009a\otm8009a.c -mthumb -mcpu=cortex-m4 -mfloat-abi=hard -mfpu=fpv4-sp-d16 -std=gnu11 -DUSE_HAL_DRIVER -DSTM32F469xx -DUSE_STM32469I_EVAL -DUSE_IOEXPANDER -I../../../Inc -I../../../../../../../../Drivers/CMSIS/Device/ST/STM32F4xx/Include -I../../../../../../../../Drivers/CMSIS/Include -I../../../../../../../../Drivers/STM32F4xx_HAL_Driver/Inc -I../../../../../../../../Drivers/BSP/STM32469I_EVAL -I../../../../../../../../Drivers/BSP/Components -I../../../../../../../../Middlewares/Third_Party/LwIP/src/include -I../../../../../../../../Middlewares/Third_Party/LwIP/system -I../../../../../../../../Utilities -I../../../../../../../../Utilities/Log -Os -ffunction-sections -g3 -fstack-usage -Wall -fmessage-length=0 -specs=nano.specs -o Drivers\BSP\Components\otm8009a.o 
arm-atollic-eabi-gcc -c ..\..\..\..\..\..\..\..\Middlewares\Third_Party\LwIP\src\core\ip.c -mthumb -mcpu=cortex-m4 -mfloat-abi=hard -mfpu=fpv4-sp-d16 -std=gnu11 -DUSE_HAL_DRIVER -DSTM32F469xx -DUSE_STM32469I_EVAL -DUSE_IOEXPANDER -I../../../Inc -I../../../../../../../../Drivers/CMSIS/Device/ST/STM32F4xx/Include -I../../../../../../../../Drivers/CMSIS/Include -I../../../../../../../../Drivers/STM32F4xx_HAL_Driver/Inc -I../../../../../../../../Drivers/BSP/STM32469I_EVAL -I../../../../../../../../Drivers/BSP/Components -I../../../../../../../../Middlewares/Third_Party/LwIP/src/include -I../../../../../../../../Middlewares/Third_Party/LwIP/system -I../../../../../../../../Utilities -I../../../../../../../../Utilities/Log -Os -ffunction-sections -g3 -fstack-usage -Wall -fmessage-length=0 -specs=nano.specs -o Middlewares\LwIP\Core\ip.o 
arm-atollic-eabi-gcc -c ..\..\..\..\..\..\..\..\Drivers\STM32F4xx_HAL_Driver\Src\stm32f4xx_hal_ltdc_ex.c -mthumb -mcpu=cortex-m4 -mfloat-abi=hard -mfpu=fpv4-sp-d16 -std=gnu11 -DUSE_HAL_DRIVER -DSTM32F469xx -DUSE_STM32469I_EVAL -DUSE_IOEXPANDER -I../../../Inc -I../../../../../../../../Drivers/CMSIS/Device/ST/STM32F4xx/Include -I../../../../../../../../Drivers/CMSIS/Include -I../../../../../../../../Drivers/STM32F4xx_HAL_Driver/Inc -I../../../../../../../../Drivers/BSP/STM32469I_EVAL -I../../../../../../../../Drivers/BSP/Components -I../../../../../../../../Middlewares/Third_Party/LwIP/src/include -I../../../../../../../../Middlewares/Third_Party/LwIP/system -I../../../../../../../../Utilities -I../../../../../../../../Utilities/Log -Os -ffunction-sections -g3 -fstack-usage -Wall -fmessage-length=0 -specs=nano.specs -o Drivers\STM32F4xx_HAL_Driver\stm32f4xx_hal_ltdc_ex.o 
arm-atollic-eabi-gcc -c ..\..\..\..\..\..\..\..\Drivers\BSP\STM32469I_EVAL\stm32469i_eval_lcd.c -mthumb -mcpu=cortex-m4 -mfloat-abi=hard -mfpu=fpv4-sp-d16 -std=gnu11 -DUSE_HAL_DRIVER -DSTM32F469xx -DUSE_STM32469I_EVAL -DUSE_IOEXPANDER -I../../../Inc -I../../../../../../../../Drivers/CMSIS/Device/ST/STM32F4xx/Include -I../../../../../../../../Drivers/CMSIS/Include -I../../../../../../../../Drivers/STM32F4xx_HAL_Driver/Inc -I../../../../../../../../Drivers/BSP/STM32469I_EVAL -I../../../../../../../../Drivers/BSP/Components -I../../../../../../../../Middlewares/Third_Party/LwIP/src/include -I../../../../../../../../Middlewares/Third_Party/LwIP/system -I../../../../../../../../Utilities -I../../../../../../../../Utilities/Log -Os -ffunction-sections -g3 -fstack-usage -Wall -fmessage-length=0 -specs=nano.specs -o Drivers\BSP\STM32469I_EVAL\stm32469i_eval_lcd.o 
arm-atollic-eabi-gcc -c ..\..\..\..\..\..\..\..\Drivers\STM32F4xx_HAL_Driver\Src\stm32f4xx_hal_i2c_ex.c -mthumb -mcpu=cortex-m4 -mfloat-abi=hard -mfpu=fpv4-sp-d16 -std=gnu11 -DUSE_HAL_DRIVER -DSTM32F469xx -DUSE_STM32469I_EVAL -DUSE_IOEXPANDER -I../../../Inc -I../../../../../../../../Drivers/CMSIS/Device/ST/STM32F4xx/Include -I../../../../../../../../Drivers/CMSIS/Include -I../../../../../../../../Drivers/STM32F4xx_HAL_Driver/Inc -I../../../../../../../../Drivers/BSP/STM32469I_EVAL -I../../../../../../../../Drivers/BSP/Components -I../../../../../../../../Middlewares/Third_Party/LwIP/src/include -I../../../../../../../../Middlewares/Third_Party/LwIP/system -I../../../../../../../../Utilities -I../../../../../../../../Utilities/Log -Os -ffunction-sections -g3 -fstack-usage -Wall -fmessage-length=0 -specs=nano.specs -o Drivers\STM32F4xx_HAL_Driver\stm32f4xx_hal_i2c_ex.o 
arm-atollic-eabi-gcc -c ..\..\..\..\..\..\..\..\Middlewares\Third_Party\LwIP\src\core\ipv4\autoip.c -mthumb -mcpu=cortex-m4 -mfloat-abi=hard -mfpu=fpv4-sp-d16 -std=gnu11 -DUSE_HAL_DRIVER -DSTM32F469xx -DUSE_STM32469I_EVAL -DUSE_IOEXPANDER -I../../../Inc -I../../../../../../../../Drivers/CMSIS/Device/ST/STM32F4xx/Include -I../../../../../../../../Drivers/CMSIS/Include -I../../../../../../../../Drivers/STM32F4xx_HAL_Driver/Inc -I../../../../../../../../Drivers/BSP/STM32469I_EVAL -I../../../../../../../../Drivers/BSP/Components -I../../../../../../../../Middlewares/Third_Party/LwIP/src/include -I../../../../../../../../Middlewares/Third_Party/LwIP/system -I../../../../../../../../Utilities -I../../../../../../../../Utilities/Log -Os -ffunction-sections -g3 -fstack-usage -Wall -fmessage-length=0 -specs=nano.specs -o Middlewares\LwIP\Core\IPv4\autoip.o 
arm-atollic-eabi-gcc -c ..\..\..\..\..\..\..\..\Middlewares\Third_Party\LwIP\src\core\udp.c -mthumb -mcpu=cortex-m4 -mfloat-abi=hard -mfpu=fpv4-sp-d16 -std=gnu11 -DUSE_HAL_DRIVER -DSTM32F469xx -DUSE_STM32469I_EVAL -DUSE_IOEXPANDER -I../../../Inc -I../../../../../../../../Drivers/CMSIS/Device/ST/STM32F4xx/Include -I../../../../../../../../Drivers/CMSIS/Include -I../../../../../../../../Drivers/STM32F4xx_HAL_Driver/Inc -I../../../../../../../../Drivers/BSP/STM32469I_EVAL -I../../../../../../../../Drivers/BSP/Components -I../../../../../../../../Middlewares/Third_Party/LwIP/src/include -I../../../../../../../../Middlewares/Third_Party/LwIP/system -I../../../../../../../../Utilities -I../../../../../../../../Utilities/Log -Os -ffunction-sections -g3 -fstack-usage -Wall -fmessage-length=0 -specs=nano.specs -o Middlewares\LwIP\Core\udp.o 
arm-atollic-eabi-gcc -c ..\..\syscalls.c -mthumb -mcpu=cortex-m4 -mfloat-abi=hard -mfpu=fpv4-sp-d16 -std=gnu11 -DUSE_HAL_DRIVER -DSTM32F469xx -DUSE_STM32469I_EVAL -DUSE_IOEXPANDER -I../../../Inc -I../../../../../../../../Drivers/CMSIS/Device/ST/STM32F4xx/Include -I../../../../../../../../Drivers/CMSIS/Include -I../../../../../../../../Drivers/STM32F4xx_HAL_Driver/Inc -I../../../../../../../../Drivers/BSP/STM32469I_EVAL -I../../../../../../../../Drivers/BSP/Components -I../../../../../../../../Middlewares/Third_Party/LwIP/src/include -I../../../../../../../../Middlewares/Third_Party/LwIP/system -I../../../../../../../../Utilities -I../../../../../../../../Utilities/Log -Os -ffunction-sections -g3 -fstack-usage -Wall -fmessage-length=0 -specs=nano.specs -o Application\SW4STM32\syscalls.o 
arm-atollic-eabi-gcc -c ..\..\..\Src\main.c -mthumb -mcpu=cortex-m4 -mfloat-abi=hard -mfpu=fpv4-sp-d16 -std=gnu11 -DUSE_HAL_DRIVER -DSTM32F469xx -DUSE_STM32469I_EVAL -DUSE_IOEXPANDER -I../../../Inc -I../../../../../../../../Drivers/CMSIS/Device/ST/STM32F4xx/Include -I../../../../../../../../Drivers/CMSIS/Include -I../../../../../../../../Drivers/STM32F4xx_HAL_Driver/Inc -I../../../../../../../../Drivers/BSP/STM32469I_EVAL -I../../../../../../../../Drivers/BSP/Components -I../../../../../../../../Middlewares/Third_Party/LwIP/src/include -I../../../../../../../../Middlewares/Third_Party/LwIP/system -I../../../../../../../../Utilities -I../../../../../../../../Utilities/Log -Os -ffunction-sections -g3 -fstack-usage -Wall -fmessage-length=0 -specs=nano.specs -o Application\User\main.o 
arm-atollic-eabi-gcc -c ..\..\..\..\..\..\..\..\Middlewares\Third_Party\LwIP\src\api\tcpip.c -mthumb -mcpu=cortex-m4 -mfloat-abi=hard -mfpu=fpv4-sp-d16 -std=gnu11 -DUSE_HAL_DRIVER -DSTM32F469xx -DUSE_STM32469I_EVAL -DUSE_IOEXPANDER -I../../../Inc -I../../../../../../../../Drivers/CMSIS/Device/ST/STM32F4xx/Include -I../../../../../../../../Drivers/CMSIS/Include -I../../../../../../../../Drivers/STM32F4xx_HAL_Driver/Inc -I../../../../../../../../Drivers/BSP/STM32469I_EVAL -I../../../../../../../../Drivers/BSP/Components -I../../../../../../../../Middlewares/Third_Party/LwIP/src/include -I../../../../../../../../Middlewares/Third_Party/LwIP/system -I../../../../../../../../Utilities -I../../../../../../../../Utilities/Log -Os -ffunction-sections -g3 -fstack-usage -Wall -fmessage-length=0 -specs=nano.specs -o Middlewares\LwIP\Api\tcpip.o 
arm-atollic-eabi-gcc -c -mthumb -mcpu=cortex-m4 -mfloat-abi=hard -mfpu=fpv4-sp-d16 -g -Wa,--warn -x assembler-with-cpp -specs=nano.specs -o Application\SW4STM32\startup_stm32f469xx.o ..\..\startup_stm32f469xx.s 
arm-atollic-eabi-gcc -c ..\..\..\..\..\..\..\..\Middlewares\Third_Party\LwIP\src\core\ipv4\ip4.c -mthumb -mcpu=cortex-m4 -mfloat-abi=hard -mfpu=fpv4-sp-d16 -std=gnu11 -DUSE_HAL_DRIVER -DSTM32F469xx -DUSE_STM32469I_EVAL -DUSE_IOEXPANDER -I../../../Inc -I../../../../../../../../Drivers/CMSIS/Device/ST/STM32F4xx/Include -I../../../../../../../../Drivers/CMSIS/Include -I../../../../../../../../Drivers/STM32F4xx_HAL_Driver/Inc -I../../../../../../../../Drivers/BSP/STM32469I_EVAL -I../../../../../../../../Drivers/BSP/Components -I../../../../../../../../Middlewares/Third_Party/LwIP/src/include -I../../../../../../../../Middlewares/Third_Party/LwIP/system -I../../../../../../../../Utilities -I../../../../../../../../Utilities/Log -Os -ffunction-sections -g3 -fstack-usage -Wall -fmessage-length=0 -specs=nano.specs -o Middlewares\LwIP\Core\IPv4\ip4.o 
arm-atollic-eabi-gcc -c ..\..\..\Src\stm32f4xx_it.c -mthumb -mcpu=cortex-m4 -mfloat-abi=hard -mfpu=fpv4-sp-d16 -std=gnu11 -DUSE_HAL_DRIVER -DSTM32F469xx -DUSE_STM32469I_EVAL -DUSE_IOEXPANDER -I../../../Inc -I../../../../../../../../Drivers/CMSIS/Device/ST/STM32F4xx/Include -I../../../../../../../../Drivers/CMSIS/Include -I../../../../../../../../Drivers/STM32F4xx_HAL_Driver/Inc -I../../../../../../../../Drivers/BSP/STM32469I_EVAL -I../../../../../../../../Drivers/BSP/Components -I../../../../../../../../Middlewares/Third_Party/LwIP/src/include -I../../../../../../../../Middlewares/Third_Party/LwIP/system -I../../../../../../../../Utilities -I../../../../../../../../Utilities/Log -Os -ffunction-sections -g3 -fstack-usage -Wall -fmessage-length=0 -specs=nano.specs -o Application\User\stm32f4xx_it.o 
arm-atollic-eabi-gcc -c ..\..\..\..\..\..\..\..\Drivers\STM32F4xx_HAL_Driver\Src\stm32f4xx_hal_gpio.c -mthumb -mcpu=cortex-m4 -mfloat-abi=hard -mfpu=fpv4-sp-d16 -std=gnu11 -DUSE_HAL_DRIVER -DSTM32F469xx -DUSE_STM32469I_EVAL -DUSE_IOEXPANDER -I../../../Inc -I../../../../../../../../Drivers/CMSIS/Device/ST/STM32F4xx/Include -I../../../../../../../../Drivers/CMSIS/Include -I../../../../../../../../Drivers/STM32F4xx_HAL_Driver/Inc -I../../../../../../../../Drivers/BSP/STM32469I_EVAL -I../../../../../../../../Drivers/BSP/Components -I../../../../../../../../Middlewares/Third_Party/LwIP/src/include -I../../../../../../../../Middlewares/Third_Party/LwIP/system -I../../../../../../../../Utilities -I../../../../../../../../Utilities/Log -Os -ffunction-sections -g3 -fstack-usage -Wall -fmessage-length=0 -specs=nano.specs -o Drivers\STM32F4xx_HAL_Driver\stm32f4xx_hal_gpio.o 
arm-atollic-eabi-gcc -c ..\..\..\..\..\..\..\..\Drivers\STM32F4xx_HAL_Driver\Src\stm32f4xx_hal_pwr.c -mthumb -mcpu=cortex-m4 -mfloat-abi=hard -mfpu=fpv4-sp-d16 -std=gnu11 -DUSE_HAL_DRIVER -DSTM32F469xx -DUSE_STM32469I_EVAL -DUSE_IOEXPANDER -I../../../Inc -I../../../../../../../../Drivers/CMSIS/Device/ST/STM32F4xx/Include -I../../../../../../../../Drivers/CMSIS/Include -I../../../../../../../../Drivers/STM32F4xx_HAL_Driver/Inc -I../../../../../../../../Drivers/BSP/STM32469I_EVAL -I../../../../../../../../Drivers/BSP/Components -I../../../../../../../../Middlewares/Third_Party/LwIP/src/include -I../../../../../../../../Middlewares/Third_Party/LwIP/system -I../../../../../../../../Utilities -I../../../../../../../../Utilities/Log -Os -ffunction-sections -g3 -fstack-usage -Wall -fmessage-length=0 -specs=nano.specs -o Drivers\STM32F4xx_HAL_Driver\stm32f4xx_hal_pwr.o 
arm-atollic-eabi-gcc -c ..\..\..\..\..\..\..\..\Middlewares\Third_Party\LwIP\src\core\netif.c -mthumb -mcpu=cortex-m4 -mfloat-abi=hard -mfpu=fpv4-sp-d16 -std=gnu11 -DUSE_HAL_DRIVER -DSTM32F469xx -DUSE_STM32469I_EVAL -DUSE_IOEXPANDER -I../../../Inc -I../../../../../../../../Drivers/CMSIS/Device/ST/STM32F4xx/Include -I../../../../../../../../Drivers/CMSIS/Include -I../../../../../../../../Drivers/STM32F4xx_HAL_Driver/Inc -I../../../../../../../../Drivers/BSP/STM32469I_EVAL -I../../../../../../../../Drivers/BSP/Components -I../../../../../../../../Middlewares/Third_Party/LwIP/src/include -I../../../../../../../../Middlewares/Third_Party/LwIP/system -I../../../../../../../../Utilities -I../../../../../../../../Utilities/Log -Os -ffunction-sections -g3 -fstack-usage -Wall -fmessage-length=0 -specs=nano.specs -o Middlewares\LwIP\Core\netif.o 
arm-atollic-eabi-gcc -c ..\..\..\..\..\..\..\..\Drivers\STM32F4xx_HAL_Driver\Src\stm32f4xx_hal_uart.c -mthumb -mcpu=cortex-m4 -mfloat-abi=hard -mfpu=fpv4-sp-d16 -std=gnu11 -DUSE_HAL_DRIVER -DSTM32F469xx -DUSE_STM32469I_EVAL -DUSE_IOEXPANDER -I../../../Inc -I../../../../../../../../Drivers/CMSIS/Device/ST/STM32F4xx/Include -I../../../../../../../../Drivers/CMSIS/Include -I../../../../../../../../Drivers/STM32F4xx_HAL_Driver/Inc -I../../../../../../../../Drivers/BSP/STM32469I_EVAL -I../../../../../../../../Drivers/BSP/Components -I../../../../../../../../Middlewares/Third_Party/LwIP/src/include -I../../../../../../../../Middlewares/Third_Party/LwIP/system -I../../../../../../../../Utilities -I../../../../../../../../Utilities/Log -Os -ffunction-sections -g3 -fstack-usage -Wall -fmessage-length=0 -specs=nano.specs -o Drivers\STM32F4xx_HAL_Driver\stm32f4xx_hal_uart.o 
arm-atollic-eabi-gcc -c ..\..\..\..\..\..\..\..\Utilities\Log\lcd_log.c -mthumb -mcpu=cortex-m4 -mfloat-abi=hard -mfpu=fpv4-sp-d16 -std=gnu11 -DUSE_HAL_DRIVER -DSTM32F469xx -DUSE_STM32469I_EVAL -DUSE_IOEXPANDER -I../../../Inc -I../../../../../../../../Drivers/CMSIS/Device/ST/STM32F4xx/Include -I../../../../../../../../Drivers/CMSIS/Include -I../../../../../../../../Drivers/STM32F4xx_HAL_Driver/Inc -I../../../../../../../../Drivers/BSP/STM32469I_EVAL -I../../../../../../../../Drivers/BSP/Components -I../../../../../../../../Middlewares/Third_Party/LwIP/src/include -I../../../../../../../../Middlewares/Third_Party/LwIP/system -I../../../../../../../../Utilities -I../../../../../../../../Utilities/Log -Os -ffunction-sections -g3 -fstack-usage -Wall -fmessage-length=0 -specs=nano.specs -o Application\Utilities\lcd_log.o 
arm-atollic-eabi-gcc -c ..\..\..\..\..\..\..\..\Drivers\STM32F4xx_HAL_Driver\Src\stm32f4xx_hal_ltdc.c -mthumb -mcpu=cortex-m4 -mfloat-abi=hard -mfpu=fpv4-sp-d16 -std=gnu11 -DUSE_HAL_DRIVER -DSTM32F469xx -DUSE_STM32469I_EVAL -DUSE_IOEXPANDER -I../../../Inc -I../../../../../../../../Drivers/CMSIS/Device/ST/STM32F4xx/Include -I../../../../../../../../Drivers/CMSIS/Include -I../../../../../../../../Drivers/STM32F4xx_HAL_Driver/Inc -I../../../../../../../../Drivers/BSP/STM32469I_EVAL -I../../../../../../../../Drivers/BSP/Components -I../../../../../../../../Middlewares/Third_Party/LwIP/src/include -I../../../../../../../../Middlewares/Third_Party/LwIP/system -I../../../../../../../../Utilities -I../../../../../../../../Utilities/Log -Os -ffunction-sections -g3 -fstack-usage -Wall -fmessage-length=0 -specs=nano.specs -o Drivers\STM32F4xx_HAL_Driver\stm32f4xx_hal_ltdc.o 
arm-atollic-eabi-gcc -c ..\..\..\..\..\..\..\..\Drivers\STM32F4xx_HAL_Driver\Src\stm32f4xx_hal_rcc.c -mthumb -mcpu=cortex-m4 -mfloat-abi=hard -mfpu=fpv4-sp-d16 -std=gnu11 -DUSE_HAL_DRIVER -DSTM32F469xx -DUSE_STM32469I_EVAL -DUSE_IOEXPANDER -I../../../Inc -I../../../../../../../../Drivers/CMSIS/Device/ST/STM32F4xx/Include -I../../../../../../../../Drivers/CMSIS/Include -I../../../../../../../../Drivers/STM32F4xx_HAL_Driver/Inc -I../../../../../../../../Drivers/BSP/STM32469I_EVAL -I../../../../../../../../Drivers/BSP/Components -I../../../../../../../../Middlewares/Third_Party/LwIP/src/include -I../../../../../../../../Middlewares/Third_Party/LwIP/system -I../../../../../../../../Utilities -I../../../../../../../../Utilities/Log -Os -ffunction-sections -g3 -fstack-usage -Wall -fmessage-length=0 -specs=nano.specs -o Drivers\STM32F4xx_HAL_Driver\stm32f4xx_hal_rcc.o 
arm-atollic-eabi-gcc -c ..\..\..\Src\app_ethernet.c -mthumb -mcpu=cortex-m4 -mfloat-abi=hard -mfpu=fpv4-sp-d16 -std=gnu11 -DUSE_HAL_DRIVER -DSTM32F469xx -DUSE_STM32469I_EVAL -DUSE_IOEXPANDER -I../../../Inc -I../../../../../../../../Drivers/CMSIS/Device/ST/STM32F4xx/Include -I../../../../../../../../Drivers/CMSIS/Include -I../../../../../../../../Drivers/STM32F4xx_HAL_Driver/Inc -I../../../../../../../../Drivers/BSP/STM32469I_EVAL -I../../../../../../../../Drivers/BSP/Components -I../../../../../../../../Middlewares/Third_Party/LwIP/src/include -I../../../../../../../../Middlewares/Third_Party/LwIP/system -I../../../../../../../../Utilities -I../../../../../../../../Utilities/Log -Os -ffunction-sections -g3 -fstack-usage -Wall -fmessage-length=0 -specs=nano.specs -o Application\User\app_ethernet.o 
arm-atollic-eabi-gcc -c ..\..\..\..\..\..\..\..\Middlewares\Third_Party\LwIP\src\core\ipv4\ip4_addr.c -mthumb -mcpu=cortex-m4 -mfloat-abi=hard -mfpu=fpv4-sp-d16 -std=gnu11 -DUSE_HAL_DRIVER -DSTM32F469xx -DUSE_STM32469I_EVAL -DUSE_IOEXPANDER -I../../../Inc -I../../../../../../../../Drivers/CMSIS/Device/ST/STM32F4xx/Include -I../../../../../../../../Drivers/CMSIS/Include -I../../../../../../../../Drivers/STM32F4xx_HAL_Driver/Inc -I../../../../../../../../Drivers/BSP/STM32469I_EVAL -I../../../../../../../../Drivers/BSP/Components -I../../../../../../../../Middlewares/Third_Party/LwIP/src/include -I../../../../../../../../Middlewares/Third_Party/LwIP/system -I../../../../../../../../Utilities -I../../../../../../../../Utilities/Log -Os -ffunction-sections -g3 -fstack-usage -Wall -fmessage-length=0 -specs=nano.specs -o Middlewares\LwIP\Core\IPv4\ip4_addr.o 
arm-atollic-eabi-gcc -c ..\..\..\..\..\..\..\..\Drivers\STM32F4xx_HAL_Driver\Src\stm32f4xx_hal_dsi.c -mthumb -mcpu=cortex-m4 -mfloat-abi=hard -mfpu=fpv4-sp-d16 -std=gnu11 -DUSE_HAL_DRIVER -DSTM32F469xx -DUSE_STM32469I_EVAL -DUSE_IOEXPANDER -I../../../Inc -I../../../../../../../../Drivers/CMSIS/Device/ST/STM32F4xx/Include -I../../../../../../../../Drivers/CMSIS/Include -I../../../../../../../../Drivers/STM32F4xx_HAL_Driver/Inc -I../../../../../../../../Drivers/BSP/STM32469I_EVAL -I../../../../../../../../Drivers/BSP/Components -I../../../../../../../../Middlewares/Third_Party/LwIP/src/include -I../../../../../../../../Middlewares/Third_Party/LwIP/system -I../../../../../../../../Utilities -I../../../../../../../../Utilities/Log -Os -ffunction-sections -g3 -fstack-usage -Wall -fmessage-length=0 -specs=nano.specs -o Drivers\STM32F4xx_HAL_Driver\stm32f4xx_hal_dsi.o 
arm-atollic-eabi-gcc -c ..\..\..\..\..\..\..\..\Middlewares\Third_Party\LwIP\src\core\mem.c -mthumb -mcpu=cortex-m4 -mfloat-abi=hard -mfpu=fpv4-sp-d16 -std=gnu11 -DUSE_HAL_DRIVER -DSTM32F469xx -DUSE_STM32469I_EVAL -DUSE_IOEXPANDER -I../../../Inc -I../../../../../../../../Drivers/CMSIS/Device/ST/STM32F4xx/Include -I../../../../../../../../Drivers/CMSIS/Include -I../../../../../../../../Drivers/STM32F4xx_HAL_Driver/Inc -I../../../../../../../../Drivers/BSP/STM32469I_EVAL -I../../../../../../../../Drivers/BSP/Components -I../../../../../../../../Middlewares/Third_Party/LwIP/src/include -I../../../../../../../../Middlewares/Third_Party/LwIP/system -I../../../../../../../../Utilities -I../../../../../../../../Utilities/Log -Os -ffunction-sections -g3 -fstack-usage -Wall -fmessage-length=0 -specs=nano.specs -o Middlewares\LwIP\Core\mem.o 
arm-atollic-eabi-gcc -c ..\..\..\..\..\..\..\..\Middlewares\Third_Party\LwIP\src\core\raw.c -mthumb -mcpu=cortex-m4 -mfloat-abi=hard -mfpu=fpv4-sp-d16 -std=gnu11 -DUSE_HAL_DRIVER -DSTM32F469xx -DUSE_STM32469I_EVAL -DUSE_IOEXPANDER -I../../../Inc -I../../../../../../../../Drivers/CMSIS/Device/ST/STM32F4xx/Include -I../../../../../../../../Drivers/CMSIS/Include -I../../../../../../../../Drivers/STM32F4xx_HAL_Driver/Inc -I../../../../../../../../Drivers/BSP/STM32469I_EVAL -I../../../../../../../../Drivers/BSP/Components -I../../../../../../../../Middlewares/Third_Party/LwIP/src/include -I../../../../../../../../Middlewares/Third_Party/LwIP/system -I../../../../../../../../Utilities -I../../../../../../../../Utilities/Log -Os -ffunction-sections -g3 -fstack-usage -Wall -fmessage-length=0 -specs=nano.specs -o Middlewares\LwIP\Core\raw.o 
arm-atollic-eabi-gcc -c ..\..\..\Src\system_stm32f4xx.c -mthumb -mcpu=cortex-m4 -mfloat-abi=hard -mfpu=fpv4-sp-d16 -std=gnu11 -DUSE_HAL_DRIVER -DSTM32F469xx -DUSE_STM32469I_EVAL -DUSE_IOEXPANDER -I../../../Inc -I../../../../../../../../Drivers/CMSIS/Device/ST/STM32F4xx/Include -I../../../../../../../../Drivers/CMSIS/Include -I../../../../../../../../Drivers/STM32F4xx_HAL_Driver/Inc -I../../../../../../../../Drivers/BSP/STM32469I_EVAL -I../../../../../../../../Drivers/BSP/Components -I../../../../../../../../Middlewares/Third_Party/LwIP/src/include -I../../../../../../../../Middlewares/Third_Party/LwIP/system -I../../../../../../../../Utilities -I../../../../../../../../Utilities/Log -Os -ffunction-sections -g3 -fstack-usage -Wall -fmessage-length=0 -specs=nano.specs -o Drivers\CMSIS\system_stm32f4xx.o 
arm-atollic-eabi-gcc -c ..\..\..\..\..\..\..\..\Middlewares\Third_Party\LwIP\src\core\ipv4\etharp.c -mthumb -mcpu=cortex-m4 -mfloat-abi=hard -mfpu=fpv4-sp-d16 -std=gnu11 -DUSE_HAL_DRIVER -DSTM32F469xx -DUSE_STM32469I_EVAL -DUSE_IOEXPANDER -I../../../Inc -I../../../../../../../../Drivers/CMSIS/Device/ST/STM32F4xx/Include -I../../../../../../../../Drivers/CMSIS/Include -I../../../../../../../../Drivers/STM32F4xx_HAL_Driver/Inc -I../../../../../../../../Drivers/BSP/STM32469I_EVAL -I../../../../../../../../Drivers/BSP/Components -I../../../../../../../../Middlewares/Third_Party/LwIP/src/include -I../../../../../../../../Middlewares/Third_Party/LwIP/system -I../../../../../../../../Utilities -I../../../../../../../../Utilities/Log -Os -ffunction-sections -g3 -fstack-usage -Wall -fmessage-length=0 -specs=nano.specs -o Middlewares\LwIP\Core\IPv4\etharp.o 
arm-atollic-eabi-gcc -c ..\..\..\..\..\..\..\..\Middlewares\Third_Party\LwIP\src\core\dns.c -mthumb -mcpu=cortex-m4 -mfloat-abi=hard -mfpu=fpv4-sp-d16 -std=gnu11 -DUSE_HAL_DRIVER -DSTM32F469xx -DUSE_STM32469I_EVAL -DUSE_IOEXPANDER -I../../../Inc -I../../../../../../../../Drivers/CMSIS/Device/ST/STM32F4xx/Include -I../../../../../../../../Drivers/CMSIS/Include -I../../../../../../../../Drivers/STM32F4xx_HAL_Driver/Inc -I../../../../../../../../Drivers/BSP/STM32469I_EVAL -I../../../../../../../../Drivers/BSP/Components -I../../../../../../../../Middlewares/Third_Party/LwIP/src/include -I../../../../../../../../Middlewares/Third_Party/LwIP/system -I../../../../../../../../Utilities -I../../../../../../../../Utilities/Log -Os -ffunction-sections -g3 -fstack-usage -Wall -fmessage-length=0 -specs=nano.specs -o Middlewares\LwIP\Core\dns.o 
arm-atollic-eabi-gcc -c ..\..\..\..\..\..\..\..\Middlewares\Third_Party\LwIP\src\core\tcp.c -mthumb -mcpu=cortex-m4 -mfloat-abi=hard -mfpu=fpv4-sp-d16 -std=gnu11 -DUSE_HAL_DRIVER -DSTM32F469xx -DUSE_STM32469I_EVAL -DUSE_IOEXPANDER -I../../../Inc -I../../../../../../../../Drivers/CMSIS/Device/ST/STM32F4xx/Include -I../../../../../../../../Drivers/CMSIS/Include -I../../../../../../../../Drivers/STM32F4xx_HAL_Driver/Inc -I../../../../../../../../Drivers/BSP/STM32469I_EVAL -I../../../../../../../../Drivers/BSP/Components -I../../../../../../../../Middlewares/Third_Party/LwIP/src/include -I../../../../../../../../Middlewares/Third_Party/LwIP/system -I../../../../../../../../Utilities -I../../../../../../../../Utilities/Log -Os -ffunction-sections -g3 -fstack-usage -Wall -fmessage-length=0 -specs=nano.specs -o Middlewares\LwIP\Core\tcp.o 
arm-atollic-eabi-gcc -c ..\..\..\..\..\..\..\..\Middlewares\Third_Party\LwIP\src\api\err.c -mthumb -mcpu=cortex-m4 -mfloat-abi=hard -mfpu=fpv4-sp-d16 -std=gnu11 -DUSE_HAL_DRIVER -DSTM32F469xx -DUSE_STM32469I_EVAL -DUSE_IOEXPANDER -I../../../Inc -I../../../../../../../../Drivers/CMSIS/Device/ST/STM32F4xx/Include -I../../../../../../../../Drivers/CMSIS/Include -I../../../../../../../../Drivers/STM32F4xx_HAL_Driver/Inc -I../../../../../../../../Drivers/BSP/STM32469I_EVAL -I../../../../../../../../Drivers/BSP/Components -I../../../../../../../../Middlewares/Third_Party/LwIP/src/include -I../../../../../../../../Middlewares/Third_Party/LwIP/system -I../../../../../../../../Utilities -I../../../../../../../../Utilities/Log -Os -ffunction-sections -g3 -fstack-usage -Wall -fmessage-length=0 -specs=nano.specs -o Middlewares\LwIP\Api\err.o 
arm-atollic-eabi-gcc -c ..\..\..\..\..\..\..\..\Drivers\STM32F4xx_HAL_Driver\Src\stm32f4xx_hal_dma.c -mthumb -mcpu=cortex-m4 -mfloat-abi=hard -mfpu=fpv4-sp-d16 -std=gnu11 -DUSE_HAL_DRIVER -DSTM32F469xx -DUSE_STM32469I_EVAL -DUSE_IOEXPANDER -I../../../Inc -I../../../../../../../../Drivers/CMSIS/Device/ST/STM32F4xx/Include -I../../../../../../../../Drivers/CMSIS/Include -I../../../../../../../../Drivers/STM32F4xx_HAL_Driver/Inc -I../../../../../../../../Drivers/BSP/STM32469I_EVAL -I../../../../../../../../Drivers/BSP/Components -I../../../../../../../../Middlewares/Third_Party/LwIP/src/include -I../../../../../../../../Middlewares/Third_Party/LwIP/system -I../../../../../../../../Utilities -I../../../../../../../../Utilities/Log -Os -ffunction-sections -g3 -fstack-usage -Wall -fmessage-length=0 -specs=nano.specs -o Drivers\STM32F4xx_HAL_Driver\stm32f4xx_hal_dma.o 
arm-atollic-eabi-gcc -c ..\..\..\..\..\..\..\..\Drivers\BSP\STM32469I_EVAL\stm32469i_eval_io.c -mthumb -mcpu=cortex-m4 -mfloat-abi=hard -mfpu=fpv4-sp-d16 -std=gnu11 -DUSE_HAL_DRIVER -DSTM32F469xx -DUSE_STM32469I_EVAL -DUSE_IOEXPANDER -I../../../Inc -I../../../../../../../../Drivers/CMSIS/Device/ST/STM32F4xx/Include -I../../../../../../../../Drivers/CMSIS/Include -I../../../../../../../../Drivers/STM32F4xx_HAL_Driver/Inc -I../../../../../../../../Drivers/BSP/STM32469I_EVAL -I../../../../../../../../Drivers/BSP/Components -I../../../../../../../../Middlewares/Third_Party/LwIP/src/include -I../../../../../../../../Middlewares/Third_Party/LwIP/system -I../../../../../../../../Utilities -I../../../../../../../../Utilities/Log -Os -ffunction-sections -g3 -fstack-usage -Wall -fmessage-length=0 -specs=nano.specs -o Drivers\BSP\STM32469I_EVAL\stm32469i_eval_io.o 
arm-atollic-eabi-gcc -c ..\..\..\..\..\..\..\..\Drivers\STM32F4xx_HAL_Driver\Src\stm32f4xx_hal.c -mthumb -mcpu=cortex-m4 -mfloat-abi=hard -mfpu=fpv4-sp-d16 -std=gnu11 -DUSE_HAL_DRIVER -DSTM32F469xx -DUSE_STM32469I_EVAL -DUSE_IOEXPANDER -I../../../Inc -I../../../../../../../../Drivers/CMSIS/Device/ST/STM32F4xx/Include -I../../../../../../../../Drivers/CMSIS/Include -I../../../../../../../../Drivers/STM32F4xx_HAL_Driver/Inc -I../../../../../../../../Drivers/BSP/STM32469I_EVAL -I../../../../../../../../Drivers/BSP/Components -I../../../../../../../../Middlewares/Third_Party/LwIP/src/include -I../../../../../../../../Middlewares/Third_Party/LwIP/system -I../../../../../../../../Utilities -I../../../../../../../../Utilities/Log -Os -ffunction-sections -g3 -fstack-usage -Wall -fmessage-length=0 -specs=nano.specs -o Drivers\STM32F4xx_HAL_Driver\stm32f4xx_hal.o 
arm-atollic-eabi-gcc -c ..\..\..\..\..\..\..\..\Drivers\STM32F4xx_HAL_Driver\Src\stm32f4xx_hal_eth.c -mthumb -mcpu=cortex-m4 -mfloat-abi=hard -mfpu=fpv4-sp-d16 -std=gnu11 -DUSE_HAL_DRIVER -DSTM32F469xx -DUSE_STM32469I_EVAL -DUSE_IOEXPANDER -I../../../Inc -I../../../../../../../../Drivers/CMSIS/Device/ST/STM32F4xx/Include -I../../../../../../../../Drivers/CMSIS/Include -I../../../../../../../../Drivers/STM32F4xx_HAL_Driver/Inc -I../../../../../../../../Drivers/BSP/STM32469I_EVAL -I../../../../../../../../Drivers/BSP/Components -I../../../../../../../../Middlewares/Third_Party/LwIP/src/include -I../../../../../../../../Middlewares/Third_Party/LwIP/system -I../../../../../../../../Utilities -I../../../../../../../../Utilities/Log -Os -ffunction-sections -g3 -fstack-usage -Wall -fmessage-length=0 -specs=nano.specs -o Drivers\STM32F4xx_HAL_Driver\stm32f4xx_hal_eth.o 
arm-atollic-eabi-gcc -c ..\..\..\..\..\..\..\..\Middlewares\Third_Party\LwIP\src\core\init.c -mthumb -mcpu=cortex-m4 -mfloat-abi=hard -mfpu=fpv4-sp-d16 -std=gnu11 -DUSE_HAL_DRIVER -DSTM32F469xx -DUSE_STM32469I_EVAL -DUSE_IOEXPANDER -I../../../Inc -I../../../../../../../../Drivers/CMSIS/Device/ST/STM32F4xx/Include -I../../../../../../../../Drivers/CMSIS/Include -I../../../../../../../../Drivers/STM32F4xx_HAL_Driver/Inc -I../../../../../../../../Drivers/BSP/STM32469I_EVAL -I../../../../../../../../Drivers/BSP/Components -I../../../../../../../../Middlewares/Third_Party/LwIP/src/include -I../../../../../../../../Middlewares/Third_Party/LwIP/system -I../../../../../../../../Utilities -I../../../../../../../../Utilities/Log -Os -ffunction-sections -g3 -fstack-usage -Wall -fmessage-length=0 -specs=nano.specs -o Middlewares\LwIP\Core\init.o 
arm-atollic-eabi-gcc -c ..\..\..\..\..\..\..\..\Middlewares\Third_Party\LwIP\src\api\netifapi.c -mthumb -mcpu=cortex-m4 -mfloat-abi=hard -mfpu=fpv4-sp-d16 -std=gnu11 -DUSE_HAL_DRIVER -DSTM32F469xx -DUSE_STM32469I_EVAL -DUSE_IOEXPANDER -I../../../Inc -I../../../../../../../../Drivers/CMSIS/Device/ST/STM32F4xx/Include -I../../../../../../../../Drivers/CMSIS/Include -I../../../../../../../../Drivers/STM32F4xx_HAL_Driver/Inc -I../../../../../../../../Drivers/BSP/STM32469I_EVAL -I../../../../../../../../Drivers/BSP/Components -I../../../../../../../../Middlewares/Third_Party/LwIP/src/include -I../../../../../../../../Middlewares/Third_Party/LwIP/system -I../../../../../../../../Utilities -I../../../../../../../../Utilities/Log -Os -ffunction-sections -g3 -fstack-usage -Wall -fmessage-length=0 -specs=nano.specs -o Middlewares\LwIP\Api\netifapi.o 
arm-atollic-eabi-gcc -c ..\..\..\..\..\..\..\..\Middlewares\Third_Party\LwIP\src\core\stats.c -mthumb -mcpu=cortex-m4 -mfloat-abi=hard -mfpu=fpv4-sp-d16 -std=gnu11 -DUSE_HAL_DRIVER -DSTM32F469xx -DUSE_STM32469I_EVAL -DUSE_IOEXPANDER -I../../../Inc -I../../../../../../../../Drivers/CMSIS/Device/ST/STM32F4xx/Include -I../../../../../../../../Drivers/CMSIS/Include -I../../../../../../../../Drivers/STM32F4xx_HAL_Driver/Inc -I../../../../../../../../Drivers/BSP/STM32469I_EVAL -I../../../../../../../../Drivers/BSP/Components -I../../../../../../../../Middlewares/Third_Party/LwIP/src/include -I../../../../../../../../Middlewares/Third_Party/LwIP/system -I../../../../../../../../Utilities -I../../../../../../../../Utilities/Log -Os -ffunction-sections -g3 -fstack-usage -Wall -fmessage-length=0 -specs=nano.specs -o Middlewares\LwIP\Core\stats.o 
arm-atollic-eabi-gcc -c ..\..\..\..\..\..\..\..\Drivers\STM32F4xx_HAL_Driver\Src\stm32f4xx_hal_dma2d.c -mthumb -mcpu=cortex-m4 -mfloat-abi=hard -mfpu=fpv4-sp-d16 -std=gnu11 -DUSE_HAL_DRIVER -DSTM32F469xx -DUSE_STM32469I_EVAL -DUSE_IOEXPANDER -I../../../Inc -I../../../../../../../../Drivers/CMSIS/Device/ST/STM32F4xx/Include -I../../../../../../../../Drivers/CMSIS/Include -I../../../../../../../../Drivers/STM32F4xx_HAL_Driver/Inc -I../../../../../../../../Drivers/BSP/STM32469I_EVAL -I../../../../../../../../Drivers/BSP/Components -I../../../../../../../../Middlewares/Third_Party/LwIP/src/include -I../../../../../../../../Middlewares/Third_Party/LwIP/system -I../../../../../../../../Utilities -I../../../../../../../../Utilities/Log -Os -ffunction-sections -g3 -fstack-usage -Wall -fmessage-length=0 -specs=nano.specs -o Drivers\STM32F4xx_HAL_Driver\stm32f4xx_hal_dma2d.o 
arm-atollic-eabi-gcc -c ..\..\..\..\..\..\..\..\Middlewares\Third_Party\LwIP\src\core\timeouts.c -mthumb -mcpu=cortex-m4 -mfloat-abi=hard -mfpu=fpv4-sp-d16 -std=gnu11 -DUSE_HAL_DRIVER -DSTM32F469xx -DUSE_STM32469I_EVAL -DUSE_IOEXPANDER -I../../../Inc -I../../../../../../../../Drivers/CMSIS/Device/ST/STM32F4xx/Include -I../../../../../../../../Drivers/CMSIS/Include -I../../../../../../../../Drivers/STM32F4xx_HAL_Driver/Inc -I../../../../../../../../Drivers/BSP/STM32469I_EVAL -I../../../../../../../../Drivers/BSP/Components -I../../../../../../../../Middlewares/Third_Party/LwIP/src/include -I../../../../../../../../Middlewares/Third_Party/LwIP/system -I../../../../../../../../Utilities -I../../../../../../../../Utilities/Log -Os -ffunction-sections -g3 -fstack-usage -Wall -fmessage-length=0 -specs=nano.specs -o Middlewares\LwIP\Core\timeouts.o 
arm-atollic-eabi-gcc -c ..\..\..\..\..\..\..\..\Middlewares\Third_Party\LwIP\src\core\tcp_in.c -mthumb -mcpu=cortex-m4 -mfloat-abi=hard -mfpu=fpv4-sp-d16 -std=gnu11 -DUSE_HAL_DRIVER -DSTM32F469xx -DUSE_STM32469I_EVAL -DUSE_IOEXPANDER -I../../../Inc -I../../../../../../../../Drivers/CMSIS/Device/ST/STM32F4xx/Include -I../../../../../../../../Drivers/CMSIS/Include -I../../../../../../../../Drivers/STM32F4xx_HAL_Driver/Inc -I../../../../../../../../Drivers/BSP/STM32469I_EVAL -I../../../../../../../../Drivers/BSP/Components -I../../../../../../../../Middlewares/Third_Party/LwIP/src/include -I../../../../../../../../Middlewares/Third_Party/LwIP/system -I../../../../../../../../Utilities -I../../../../../../../../Utilities/Log -Os -ffunction-sections -g3 -fstack-usage -Wall -fmessage-length=0 -specs=nano.specs -o Middlewares\LwIP\Core\tcp_in.o 
arm-atollic-eabi-gcc -c ..\..\..\..\..\..\..\..\Drivers\STM32F4xx_HAL_Driver\Src\stm32f4xx_hal_i2c.c -mthumb -mcpu=cortex-m4 -mfloat-abi=hard -mfpu=fpv4-sp-d16 -std=gnu11 -DUSE_HAL_DRIVER -DSTM32F469xx -DUSE_STM32469I_EVAL -DUSE_IOEXPANDER -I../../../Inc -I../../../../../../../../Drivers/CMSIS/Device/ST/STM32F4xx/Include -I../../../../../../../../Drivers/CMSIS/Include -I../../../../../../../../Drivers/STM32F4xx_HAL_Driver/Inc -I../../../../../../../../Drivers/BSP/STM32469I_EVAL -I../../../../../../../../Drivers/BSP/Components -I../../../../../../../../Middlewares/Third_Party/LwIP/src/include -I../../../../../../../../Middlewares/Third_Party/LwIP/system -I../../../../../../../../Utilities -I../../../../../../../../Utilities/Log -Os -ffunction-sections -g3 -fstack-usage -Wall -fmessage-length=0 -specs=nano.specs -o Drivers\STM32F4xx_HAL_Driver\stm32f4xx_hal_i2c.o 
arm-atollic-eabi-gcc -c ..\..\..\..\..\..\..\..\Middlewares\Third_Party\LwIP\src\api\netdb.c -mthumb -mcpu=cortex-m4 -mfloat-abi=hard -mfpu=fpv4-sp-d16 -std=gnu11 -DUSE_HAL_DRIVER -DSTM32F469xx -DUSE_STM32469I_EVAL -DUSE_IOEXPANDER -I../../../Inc -I../../../../../../../../Drivers/CMSIS/Device/ST/STM32F4xx/Include -I../../../../../../../../Drivers/CMSIS/Include -I../../../../../../../../Drivers/STM32F4xx_HAL_Driver/Inc -I../../../../../../../../Drivers/BSP/STM32469I_EVAL -I../../../../../../../../Drivers/BSP/Components -I../../../../../../../../Middlewares/Third_Party/LwIP/src/include -I../../../../../../../../Middlewares/Third_Party/LwIP/system -I../../../../../../../../Utilities -I../../../../../../../../Utilities/Log -Os -ffunction-sections -g3 -fstack-usage -Wall -fmessage-length=0 -specs=nano.specs -o Middlewares\LwIP\Api\netdb.o 
arm-atollic-eabi-gcc -c ..\..\..\Src\tcp_echoclient.c -mthumb -mcpu=cortex-m4 -mfloat-abi=hard -mfpu=fpv4-sp-d16 -std=gnu11 -DUSE_HAL_DRIVER -DSTM32F469xx -DUSE_STM32469I_EVAL -DUSE_IOEXPANDER -I../../../Inc -I../../../../../../../../Drivers/CMSIS/Device/ST/STM32F4xx/Include -I../../../../../../../../Drivers/CMSIS/Include -I../../../../../../../../Drivers/STM32F4xx_HAL_Driver/Inc -I../../../../../../../../Drivers/BSP/STM32469I_EVAL -I../../../../../../../../Drivers/BSP/Components -I../../../../../../../../Middlewares/Third_Party/LwIP/src/include -I../../../../../../../../Middlewares/Third_Party/LwIP/system -I../../../../../../../../Utilities -I../../../../../../../../Utilities/Log -Os -ffunction-sections -g3 -fstack-usage -Wall -fmessage-length=0 -specs=nano.specs -o Application\User\tcp_echoclient.o 
arm-atollic-eabi-gcc -c ..\..\..\..\..\..\..\..\Middlewares\Third_Party\LwIP\src\api\api_lib.c -mthumb -mcpu=cortex-m4 -mfloat-abi=hard -mfpu=fpv4-sp-d16 -std=gnu11 -DUSE_HAL_DRIVER -DSTM32F469xx -DUSE_STM32469I_EVAL -DUSE_IOEXPANDER -I../../../Inc -I../../../../../../../../Drivers/CMSIS/Device/ST/STM32F4xx/Include -I../../../../../../../../Drivers/CMSIS/Include -I../../../../../../../../Drivers/STM32F4xx_HAL_Driver/Inc -I../../../../../../../../Drivers/BSP/STM32469I_EVAL -I../../../../../../../../Drivers/BSP/Components -I../../../../../../../../Middlewares/Third_Party/LwIP/src/include -I../../../../../../../../Middlewares/Third_Party/LwIP/system -I../../../../../../../../Utilities -I../../../../../../../../Utilities/Log -Os -ffunction-sections -g3 -fstack-usage -Wall -fmessage-length=0 -specs=nano.specs -o Middlewares\LwIP\Api\api_lib.o 
arm-atollic-eabi-gcc -c ..\..\..\..\..\..\..\..\Middlewares\Third_Party\LwIP\src\api\api_msg.c -mthumb -mcpu=cortex-m4 -mfloat-abi=hard -mfpu=fpv4-sp-d16 -std=gnu11 -DUSE_HAL_DRIVER -DSTM32F469xx -DUSE_STM32469I_EVAL -DUSE_IOEXPANDER -I../../../Inc -I../../../../../../../../Drivers/CMSIS/Device/ST/STM32F4xx/Include -I../../../../../../../../Drivers/CMSIS/Include -I../../../../../../../../Drivers/STM32F4xx_HAL_Driver/Inc -I../../../../../../../../Drivers/BSP/STM32469I_EVAL -I../../../../../../../../Drivers/BSP/Components -I../../../../../../../../Middlewares/Third_Party/LwIP/src/include -I../../../../../../../../Middlewares/Third_Party/LwIP/system -I../../../../../../../../Utilities -I../../../../../../../../Utilities/Log -Os -ffunction-sections -g3 -fstack-usage -Wall -fmessage-length=0 -specs=nano.specs -o Middlewares\LwIP\Api\api_msg.o 
arm-atollic-eabi-gcc -c ..\..\..\Src\ethernetif.c -mthumb -mcpu=cortex-m4 -mfloat-abi=hard -mfpu=fpv4-sp-d16 -std=gnu11 -DUSE_HAL_DRIVER -DSTM32F469xx -DUSE_STM32469I_EVAL -DUSE_IOEXPANDER -I../../../Inc -I../../../../../../../../Drivers/CMSIS/Device/ST/STM32F4xx/Include -I../../../../../../../../Drivers/CMSIS/Include -I../../../../../../../../Drivers/STM32F4xx_HAL_Driver/Inc -I../../../../../../../../Drivers/BSP/STM32469I_EVAL -I../../../../../../../../Drivers/BSP/Components -I../../../../../../../../Middlewares/Third_Party/LwIP/src/include -I../../../../../../../../Middlewares/Third_Party/LwIP/system -I../../../../../../../../Utilities -I../../../../../../../../Utilities/Log -Os -ffunction-sections -g3 -fstack-usage -Wall -fmessage-length=0 -specs=nano.specs -o Application\User\ethernetif.o 
arm-atollic-eabi-gcc -c ..\..\..\..\..\..\..\..\Middlewares\Third_Party\LwIP\src\core\ipv4\dhcp.c -mthumb -mcpu=cortex-m4 -mfloat-abi=hard -mfpu=fpv4-sp-d16 -std=gnu11 -DUSE_HAL_DRIVER -DSTM32F469xx -DUSE_STM32469I_EVAL -DUSE_IOEXPANDER -I../../../Inc -I../../../../../../../../Drivers/CMSIS/Device/ST/STM32F4xx/Include -I../../../../../../../../Drivers/CMSIS/Include -I../../../../../../../../Drivers/STM32F4xx_HAL_Driver/Inc -I../../../../../../../../Drivers/BSP/STM32469I_EVAL -I../../../../../../../../Drivers/BSP/Components -I../../../../../../../../Middlewares/Third_Party/LwIP/src/include -I../../../../../../../../Middlewares/Third_Party/LwIP/system -I../../../../../../../../Utilities -I../../../../../../../../Utilities/Log -Os -ffunction-sections -g3 -fstack-usage -Wall -fmessage-length=0 -specs=nano.specs -o Middlewares\LwIP\Core\IPv4\dhcp.o 
arm-atollic-eabi-gcc -c ..\..\..\..\..\..\..\..\Drivers\BSP\STM32469I_EVAL\stm32469i_eval_sdram.c -mthumb -mcpu=cortex-m4 -mfloat-abi=hard -mfpu=fpv4-sp-d16 -std=gnu11 -DUSE_HAL_DRIVER -DSTM32F469xx -DUSE_STM32469I_EVAL -DUSE_IOEXPANDER -I../../../Inc -I../../../../../../../../Drivers/CMSIS/Device/ST/STM32F4xx/Include -I../../../../../../../../Drivers/CMSIS/Include -I../../../../../../../../Drivers/STM32F4xx_HAL_Driver/Inc -I../../../../../../../../Drivers/BSP/STM32469I_EVAL -I../../../../../../../../Drivers/BSP/Components -I../../../../../../../../Middlewares/Third_Party/LwIP/src/include -I../../../../../../../../Middlewares/Third_Party/LwIP/system -I../../../../../../../../Utilities -I../../../../../../../../Utilities/Log -Os -ffunction-sections -g3 -fstack-usage -Wall -fmessage-length=0 -specs=nano.specs -o Drivers\BSP\STM32469I_EVAL\stm32469i_eval_sdram.o 
arm-atollic-eabi-gcc -c ..\..\..\..\..\..\..\..\Drivers\BSP\STM32469I_EVAL\stm32469i_eval.c -mthumb -mcpu=cortex-m4 -mfloat-abi=hard -mfpu=fpv4-sp-d16 -std=gnu11 -DUSE_HAL_DRIVER -DSTM32F469xx -DUSE_STM32469I_EVAL -DUSE_IOEXPANDER -I../../../Inc -I../../../../../../../../Drivers/CMSIS/Device/ST/STM32F4xx/Include -I../../../../../../../../Drivers/CMSIS/Include -I../../../../../../../../Drivers/STM32F4xx_HAL_Driver/Inc -I../../../../../../../../Drivers/BSP/STM32469I_EVAL -I../../../../../../../../Drivers/BSP/Components -I../../../../../../../../Middlewares/Third_Party/LwIP/src/include -I../../../../../../../../Middlewares/Third_Party/LwIP/system -I../../../../../../../../Utilities -I../../../../../../../../Utilities/Log -Os -ffunction-sections -g3 -fstack-usage -Wall -fmessage-length=0 -specs=nano.specs -o Drivers\BSP\STM32469I_EVAL\stm32469i_eval.o 
arm-atollic-eabi-gcc -c ..\..\..\..\..\..\..\..\Middlewares\Third_Party\LwIP\src\core\tcp_out.c -mthumb -mcpu=cortex-m4 -mfloat-abi=hard -mfpu=fpv4-sp-d16 -std=gnu11 -DUSE_HAL_DRIVER -DSTM32F469xx -DUSE_STM32469I_EVAL -DUSE_IOEXPANDER -I../../../Inc -I../../../../../../../../Drivers/CMSIS/Device/ST/STM32F4xx/Include -I../../../../../../../../Drivers/CMSIS/Include -I../../../../../../../../Drivers/STM32F4xx_HAL_Driver/Inc -I../../../../../../../../Drivers/BSP/STM32469I_EVAL -I../../../../../../../../Drivers/BSP/Components -I../../../../../../../../Middlewares/Third_Party/LwIP/src/include -I../../../../../../../../Middlewares/Third_Party/LwIP/system -I../../../../../../../../Utilities -I../../../../../../../../Utilities/Log -Os -ffunction-sections -g3 -fstack-usage -Wall -fmessage-length=0 -specs=nano.specs -o Middlewares\LwIP\Core\tcp_out.o 
arm-atollic-eabi-gcc -c ..\..\..\..\..\..\..\..\Middlewares\Third_Party\LwIP\src\netif\ethernet.c -mthumb -mcpu=cortex-m4 -mfloat-abi=hard -mfpu=fpv4-sp-d16 -std=gnu11 -DUSE_HAL_DRIVER -DSTM32F469xx -DUSE_STM32469I_EVAL -DUSE_IOEXPANDER -I../../../Inc -I../../../../../../../../Drivers/CMSIS/Device/ST/STM32F4xx/Include -I../../../../../../../../Drivers/CMSIS/Include -I../../../../../../../../Drivers/STM32F4xx_HAL_Driver/Inc -I../../../../../../../../Drivers/BSP/STM32469I_EVAL -I../../../../../../../../Drivers/BSP/Components -I../../../../../../../../Middlewares/Third_Party/LwIP/src/include -I../../../../../../../../Middlewares/Third_Party/LwIP/system -I../../../../../../../../Utilities -I../../../../../../../../Utilities/Log -Os -ffunction-sections -g3 -fstack-usage -Wall -fmessage-length=0 -specs=nano.specs -o Middlewares\LwIP\Netif\ethernet.o 
arm-atollic-eabi-gcc -c ..\..\..\..\..\..\..\..\Drivers\STM32F4xx_HAL_Driver\Src\stm32f4xx_hal_rcc_ex.c -mthumb -mcpu=cortex-m4 -mfloat-abi=hard -mfpu=fpv4-sp-d16 -std=gnu11 -DUSE_HAL_DRIVER -DSTM32F469xx -DUSE_STM32469I_EVAL -DUSE_IOEXPANDER -I../../../Inc -I../../../../../../../../Drivers/CMSIS/Device/ST/STM32F4xx/Include -I../../../../../../../../Drivers/CMSIS/Include -I../../../../../../../../Drivers/STM32F4xx_HAL_Driver/Inc -I../../../../../../../../Drivers/BSP/STM32469I_EVAL -I../../../../../../../../Drivers/BSP/Components -I../../../../../../../../Middlewares/Third_Party/LwIP/src/include -I../../../../../../../../Middlewares/Third_Party/LwIP/system -I../../../../../../../../Utilities -I../../../../../../../../Utilities/Log -Os -ffunction-sections -g3 -fstack-usage -Wall -fmessage-length=0 -specs=nano.specs -o Drivers\STM32F4xx_HAL_Driver\stm32f4xx_hal_rcc_ex.o 
arm-atollic-eabi-gcc -c ..\..\..\..\..\..\..\..\Middlewares\Third_Party\LwIP\src\core\def.c -mthumb -mcpu=cortex-m4 -mfloat-abi=hard -mfpu=fpv4-sp-d16 -std=gnu11 -DUSE_HAL_DRIVER -DSTM32F469xx -DUSE_STM32469I_EVAL -DUSE_IOEXPANDER -I../../../Inc -I../../../../../../../../Drivers/CMSIS/Device/ST/STM32F4xx/Include -I../../../../../../../../Drivers/CMSIS/Include -I../../../../../../../../Drivers/STM32F4xx_HAL_Driver/Inc -I../../../../../../../../Drivers/BSP/STM32469I_EVAL -I../../../../../../../../Drivers/BSP/Components -I../../../../../../../../Middlewares/Third_Party/LwIP/src/include -I../../../../../../../../Middlewares/Third_Party/LwIP/system -I../../../../../../../../Utilities -I../../../../../../../../Utilities/Log -Os -ffunction-sections -g3 -fstack-usage -Wall -fmessage-length=0 -specs=nano.specs -o Middlewares\LwIP\Core\def.o 
arm-atollic-eabi-gcc -c ..\..\..\..\..\..\..\..\Drivers\STM32F4xx_HAL_Driver\Src\stm32f4xx_ll_fmc.c -mthumb -mcpu=cortex-m4 -mfloat-abi=hard -mfpu=fpv4-sp-d16 -std=gnu11 -DUSE_HAL_DRIVER -DSTM32F469xx -DUSE_STM32469I_EVAL -DUSE_IOEXPANDER -I../../../Inc -I../../../../../../../../Drivers/CMSIS/Device/ST/STM32F4xx/Include -I../../../../../../../../Drivers/CMSIS/Include -I../../../../../../../../Drivers/STM32F4xx_HAL_Driver/Inc -I../../../../../../../../Drivers/BSP/STM32469I_EVAL -I../../../../../../../../Drivers/BSP/Components -I../../../../../../../../Middlewares/Third_Party/LwIP/src/include -I../../../../../../../../Middlewares/Third_Party/LwIP/system -I../../../../../../../../Utilities -I../../../../../../../../Utilities/Log -Os -ffunction-sections -g3 -fstack-usage -Wall -fmessage-length=0 -specs=nano.specs -o Drivers\STM32F4xx_HAL_Driver\stm32f4xx_ll_fmc.o 
arm-atollic-eabi-gcc -c ..\..\..\..\..\..\..\..\Middlewares\Third_Party\LwIP\src\api\netbuf.c -mthumb -mcpu=cortex-m4 -mfloat-abi=hard -mfpu=fpv4-sp-d16 -std=gnu11 -DUSE_HAL_DRIVER -DSTM32F469xx -DUSE_STM32469I_EVAL -DUSE_IOEXPANDER -I../../../Inc -I../../../../../../../../Drivers/CMSIS/Device/ST/STM32F4xx/Include -I../../../../../../../../Drivers/CMSIS/Include -I../../../../../../../../Drivers/STM32F4xx_HAL_Driver/Inc -I../../../../../../../../Drivers/BSP/STM32469I_EVAL -I../../../../../../../../Drivers/BSP/Components -I../../../../../../../../Middlewares/Third_Party/LwIP/src/include -I../../../../../../../../Middlewares/Third_Party/LwIP/system -I../../../../../../../../Utilities -I../../../../../../../../Utilities/Log -Os -ffunction-sections -g3 -fstack-usage -Wall -fmessage-length=0 -specs=nano.specs -o Middlewares\LwIP\Api\netbuf.o 
arm-atollic-eabi-gcc -c ..\..\..\..\..\..\..\..\Drivers\STM32F4xx_HAL_Driver\Src\stm32f4xx_hal_sdram.c -mthumb -mcpu=cortex-m4 -mfloat-abi=hard -mfpu=fpv4-sp-d16 -std=gnu11 -DUSE_HAL_DRIVER -DSTM32F469xx -DUSE_STM32469I_EVAL -DUSE_IOEXPANDER -I../../../Inc -I../../../../../../../../Drivers/CMSIS/Device/ST/STM32F4xx/Include -I../../../../../../../../Drivers/CMSIS/Include -I../../../../../../../../Drivers/STM32F4xx_HAL_Driver/Inc -I../../../../../../../../Drivers/BSP/STM32469I_EVAL -I../../../../../../../../Drivers/BSP/Components -I../../../../../../../../Middlewares/Third_Party/LwIP/src/include -I../../../../../../../../Middlewares/Third_Party/LwIP/system -I../../../../../../../../Utilities -I../../../../../../../../Utilities/Log -Os -ffunction-sections -g3 -fstack-usage -Wall -fmessage-length=0 -specs=nano.specs -o Drivers\STM32F4xx_HAL_Driver\stm32f4xx_hal_sdram.o 
arm-atollic-eabi-gcc -c ..\..\..\..\..\..\..\..\Drivers\STM32F4xx_HAL_Driver\Src\stm32f4xx_hal_cortex.c -mthumb -mcpu=cortex-m4 -mfloat-abi=hard -mfpu=fpv4-sp-d16 -std=gnu11 -DUSE_HAL_DRIVER -DSTM32F469xx -DUSE_STM32469I_EVAL -DUSE_IOEXPANDER -I../../../Inc -I../../../../../../../../Drivers/CMSIS/Device/ST/STM32F4xx/Include -I../../../../../../../../Drivers/CMSIS/Include -I../../../../../../../../Drivers/STM32F4xx_HAL_Driver/Inc -I../../../../../../../../Drivers/BSP/STM32469I_EVAL -I../../../../../../../../Drivers/BSP/Components -I../../../../../../../../Middlewares/Third_Party/LwIP/src/include -I../../../../../../../../Middlewares/Third_Party/LwIP/system -I../../../../../../../../Utilities -I../../../../../../../../Utilities/Log -Os -ffunction-sections -g3 -fstack-usage -Wall -fmessage-length=0 -specs=nano.specs -o Drivers\STM32F4xx_HAL_Driver\stm32f4xx_hal_cortex.o 
arm-atollic-eabi-gcc -c ..\..\..\..\..\..\..\..\Middlewares\Third_Party\LwIP\src\core\ipv4\ip4_frag.c -mthumb -mcpu=cortex-m4 -mfloat-abi=hard -mfpu=fpv4-sp-d16 -std=gnu11 -DUSE_HAL_DRIVER -DSTM32F469xx -DUSE_STM32469I_EVAL -DUSE_IOEXPANDER -I../../../Inc -I../../../../../../../../Drivers/CMSIS/Device/ST/STM32F4xx/Include -I../../../../../../../../Drivers/CMSIS/Include -I../../../../../../../../Drivers/STM32F4xx_HAL_Driver/Inc -I../../../../../../../../Drivers/BSP/STM32469I_EVAL -I../../../../../../../../Drivers/BSP/Components -I../../../../../../../../Middlewares/Third_Party/LwIP/src/include -I../../../../../../../../Middlewares/Third_Party/LwIP/system -I../../../../../../../../Utilities -I../../../../../../../../Utilities/Log -Os -ffunction-sections -g3 -fstack-usage -Wall -fmessage-length=0 -specs=nano.specs -o Middlewares\LwIP\Core\IPv4\ip4_frag.o 
arm-atollic-eabi-gcc -c ..\..\..\..\..\..\..\..\Drivers\STM32F4xx_HAL_Driver\Src\stm32f4xx_hal_pwr_ex.c -mthumb -mcpu=cortex-m4 -mfloat-abi=hard -mfpu=fpv4-sp-d16 -std=gnu11 -DUSE_HAL_DRIVER -DSTM32F469xx -DUSE_STM32469I_EVAL -DUSE_IOEXPANDER -I../../../Inc -I../../../../../../../../Drivers/CMSIS/Device/ST/STM32F4xx/Include -I../../../../../../../../Drivers/CMSIS/Include -I../../../../../../../../Drivers/STM32F4xx_HAL_Driver/Inc -I../../../../../../../../Drivers/BSP/STM32469I_EVAL -I../../../../../../../../Drivers/BSP/Components -I../../../../../../../../Middlewares/Third_Party/LwIP/src/include -I../../../../../../../../Middlewares/Third_Party/LwIP/system -I../../../../../../../../Utilities -I../../../../../../../../Utilities/Log -Os -ffunction-sections -g3 -fstack-usage -Wall -fmessage-length=0 -specs=nano.specs -o Drivers\STM32F4xx_HAL_Driver\stm32f4xx_hal_pwr_ex.o 
arm-atollic-eabi-gcc -c ..\..\..\..\..\..\..\..\Middlewares\Third_Party\LwIP\src\core\memp.c -mthumb -mcpu=cortex-m4 -mfloat-abi=hard -mfpu=fpv4-sp-d16 -std=gnu11 -DUSE_HAL_DRIVER -DSTM32F469xx -DUSE_STM32469I_EVAL -DUSE_IOEXPANDER -I../../../Inc -I../../../../../../../../Drivers/CMSIS/Device/ST/STM32F4xx/Include -I../../../../../../../../Drivers/CMSIS/Include -I../../../../../../../../Drivers/STM32F4xx_HAL_Driver/Inc -I../../../../../../../../Drivers/BSP/STM32469I_EVAL -I../../../../../../../../Drivers/BSP/Components -I../../../../../../../../Middlewares/Third_Party/LwIP/src/include -I../../../../../../../../Middlewares/Third_Party/LwIP/system -I../../../../../../../../Utilities -I../../../../../../../../Utilities/Log -Os -ffunction-sections -g3 -fstack-usage -Wall -fmessage-length=0 -specs=nano.specs -o Middlewares\LwIP\Core\memp.o 
arm-atollic-eabi-gcc -c ..\..\..\..\..\..\..\..\Middlewares\Third_Party\LwIP\src\core\pbuf.c -mthumb -mcpu=cortex-m4 -mfloat-abi=hard -mfpu=fpv4-sp-d16 -std=gnu11 -DUSE_HAL_DRIVER -DSTM32F469xx -DUSE_STM32469I_EVAL -DUSE_IOEXPANDER -I../../../Inc -I../../../../../../../../Drivers/CMSIS/Device/ST/STM32F4xx/Include -I../../../../../../../../Drivers/CMSIS/Include -I../../../../../../../../Drivers/STM32F4xx_HAL_Driver/Inc -I../../../../../../../../Drivers/BSP/STM32469I_EVAL -I../../../../../../../../Drivers/BSP/Components -I../../../../../../../../Middlewares/Third_Party/LwIP/src/include -I../../../../../../../../Middlewares/Third_Party/LwIP/system -I../../../../../../../../Utilities -I../../../../../../../../Utilities/Log -Os -ffunction-sections -g3 -fstack-usage -Wall -fmessage-length=0 -specs=nano.specs -o Middlewares\LwIP\Core\pbuf.o 
arm-atollic-eabi-gcc -c ..\..\..\..\..\..\..\..\Middlewares\Third_Party\LwIP\src\core\ipv4\igmp.c -mthumb -mcpu=cortex-m4 -mfloat-abi=hard -mfpu=fpv4-sp-d16 -std=gnu11 -DUSE_HAL_DRIVER -DSTM32F469xx -DUSE_STM32469I_EVAL -DUSE_IOEXPANDER -I../../../Inc -I../../../../../../../../Drivers/CMSIS/Device/ST/STM32F4xx/Include -I../../../../../../../../Drivers/CMSIS/Include -I../../../../../../../../Drivers/STM32F4xx_HAL_Driver/Inc -I../../../../../../../../Drivers/BSP/STM32469I_EVAL -I../../../../../../../../Drivers/BSP/Components -I../../../../../../../../Middlewares/Third_Party/LwIP/src/include -I../../../../../../../../Middlewares/Third_Party/LwIP/system -I../../../../../../../../Utilities -I../../../../../../../../Utilities/Log -Os -ffunction-sections -g3 -fstack-usage -Wall -fmessage-length=0 -specs=nano.specs -o Middlewares\LwIP\Core\IPv4\igmp.o 
arm-atollic-eabi-gcc -o STM32469I_EVAL.elf Application\SW4STM32\startup_stm32f469xx.o Application\SW4STM32\syscalls.o Application\User\app_ethernet.o Application\User\ethernetif.o Application\User\main.o Application\User\stm32f4xx_it.o Application\User\tcp_echoclient.o Application\Utilities\lcd_log.o Drivers\BSP\Components\mfxstm32l152.o Drivers\BSP\Components\otm8009a.o Drivers\BSP\STM32469I_EVAL\stm32469i_eval.o Drivers\BSP\STM32469I_EVAL\stm32469i_eval_io.o Drivers\BSP\STM32469I_EVAL\stm32469i_eval_lcd.o Drivers\BSP\STM32469I_EVAL\stm32469i_eval_sdram.o Drivers\CMSIS\system_stm32f4xx.o Drivers\STM32F4xx_HAL_Driver\stm32f4xx_hal.o Drivers\STM32F4xx_HAL_Driver\stm32f4xx_hal_cortex.o Drivers\STM32F4xx_HAL_Driver\stm32f4xx_hal_dma.o Drivers\STM32F4xx_HAL_Driver\stm32f4xx_hal_dma2d.o Drivers\STM32F4xx_HAL_Driver\stm32f4xx_hal_dsi.o Drivers\STM32F4xx_HAL_Driver\stm32f4xx_hal_eth.o Drivers\STM32F4xx_HAL_Driver\stm32f4xx_hal_flash.o Drivers\STM32F4xx_HAL_Driver\stm32f4xx_hal_flash_ex.o Drivers\STM32F4xx_HAL_Driver\stm32f4xx_hal_gpio.o Drivers\STM32F4xx_HAL_Driver\stm32f4xx_hal_i2c.o Drivers\STM32F4xx_HAL_Driver\stm32f4xx_hal_i2c_ex.o Drivers\STM32F4xx_HAL_Driver\stm32f4xx_hal_ltdc.o Drivers\STM32F4xx_HAL_Driver\stm32f4xx_hal_ltdc_ex.o Drivers\STM32F4xx_HAL_Driver\stm32f4xx_hal_pwr.o Drivers\STM32F4xx_HAL_Driver\stm32f4xx_hal_pwr_ex.o Drivers\STM32F4xx_HAL_Driver\stm32f4xx_hal_rcc.o Drivers\STM32F4xx_HAL_Driver\stm32f4xx_hal_rcc_ex.o Drivers\STM32F4xx_HAL_Driver\stm32f4xx_hal_sdram.o Drivers\STM32F4xx_HAL_Driver\stm32f4xx_hal_uart.o Drivers\STM32F4xx_HAL_Driver\stm32f4xx_ll_fmc.o Middlewares\LwIP\Api\api_lib.o Middlewares\LwIP\Api\api_msg.o Middlewares\LwIP\Api\err.o Middlewares\LwIP\Api\netbuf.o Middlewares\LwIP\Api\netdb.o Middlewares\LwIP\Api\netifapi.o Middlewares\LwIP\Api\sockets.o Middlewares\LwIP\Api\tcpip.o Middlewares\LwIP\Core\IPv4\autoip.o Middlewares\LwIP\Core\IPv4\dhcp.o Middlewares\LwIP\Core\IPv4\etharp.o Middlewares\LwIP\Core\IPv4\icmp.o Middlewares\LwIP\Core\IPv4\igmp.o Middlewares\LwIP\Core\IPv4\ip4.o Middlewares\LwIP\Core\IPv4\ip4_addr.o Middlewares\LwIP\Core\IPv4\ip4_frag.o Middlewares\LwIP\Core\def.o Middlewares\LwIP\Core\dns.o Middlewares\LwIP\Core\inet_chksum.o Middlewares\LwIP\Core\init.o Middlewares\LwIP\Core\ip.o Middlewares\LwIP\Core\mem.o Middlewares\LwIP\Core\memp.o Middlewares\LwIP\Core\netif.o Middlewares\LwIP\Core\pbuf.o Middlewares\LwIP\Core\raw.o Middlewares\LwIP\Core\stats.o Middlewares\LwIP\Core\sys.o Middlewares\LwIP\Core\tcp.o Middlewares\LwIP\Core\tcp_in.o Middlewares\LwIP\Core\tcp_out.o Middlewares\LwIP\Core\timeouts.o Middlewares\LwIP\Core\udp.o Middlewares\LwIP\Netif\ethernet.o -mthumb -mcpu=cortex-m4 -mfloat-abi=hard -mfpu=fpv4-sp-d16 -T../STM32F469NIHx_FLASH.ld -specs=nosys.specs -static -Wl,-Map=STM32469I_EVAL.map -Wl,--gc-sections -Wl,--defsym=malloc_getpagesize_P=0x80 -Wl,--start-group -lc -lm -Wl,--end-group -specs=nano.specs 
C:\Program Files (x86)\Atollic\TrueSTUDIO for STM32 9.0.0\ide\jre\bin\java -jar C:\Program Files (x86)\Atollic\TrueSTUDIO for STM32 9.0.0\Tools\arm-atollic-reports.jar sizeinfo list STM32469I_EVAL.elf 
Generate build reports...
Print size information
   text	   data	    bss	    dec	    hex	filename
  78348	    368	  51504	 130220	  1fcac	STM32469I_EVAL.elf
Print size information done
Generate listing file
Output sent to: STM32469I_EVAL.list
Generate listing file done
Generate build reports done

13:31:46 Build Finished (took 25s.192ms)

